/home/hdj/amb82-mini-RTL8735B/sdk-ameba-v9.6b/component/file_system/vfs/vfs_fatfs.c:122:5:fatfs_fgetops	0	static
/home/hdj/amb82-mini-RTL8735B/sdk-ameba-v9.6b/component/file_system/vfs/vfs_fatfs.c:157:5:fatfs_feof	0	static
/home/hdj/amb82-mini-RTL8735B/sdk-ameba-v9.6b/component/file_system/vfs/vfs_fatfs.c:163:5:fatfs_ferror	0	static
/home/hdj/amb82-mini-RTL8735B/sdk-ameba-v9.6b/component/file_system/vfs/vfs_fatfs.c:25:5:fatfs_open	24	static
/home/hdj/amb82-mini-RTL8735B/sdk-ameba-v9.6b/component/file_system/vfs/vfs_fatfs.c:60:5:fatfs_read	24	static
/home/hdj/amb82-mini-RTL8735B/sdk-ameba-v9.6b/component/file_system/vfs/vfs_fatfs.c:71:5:fatfs_write	24	static
/home/hdj/amb82-mini-RTL8735B/sdk-ameba-v9.6b/component/file_system/vfs/vfs_fatfs.c:82:5:fatfs_close	16	static
/home/hdj/amb82-mini-RTL8735B/sdk-ameba-v9.6b/component/file_system/vfs/vfs_fatfs.c:93:5:fatfs_seek	8	static
/home/hdj/amb82-mini-RTL8735B/sdk-ameba-v9.6b/component/file_system/vfs/vfs_fatfs.c:116:6:fatfs_rewind	8	static
/home/hdj/amb82-mini-RTL8735B/sdk-ameba-v9.6b/component/file_system/vfs/vfs_fatfs.c:130:5:fatfs_fsetops	8	static
/home/hdj/amb82-mini-RTL8735B/sdk-ameba-v9.6b/component/file_system/vfs/vfs_fatfs.c:138:5:fatfs_fflush	8	static
/home/hdj/amb82-mini-RTL8735B/sdk-ameba-v9.6b/component/file_system/vfs/vfs_fatfs.c:145:5:fatfs_remove	8	static
/home/hdj/amb82-mini-RTL8735B/sdk-ameba-v9.6b/component/file_system/vfs/vfs_fatfs.c:331:5:fatfs_rmdir	0	static
/home/hdj/amb82-mini-RTL8735B/sdk-ameba-v9.6b/component/file_system/vfs/vfs_fatfs.c:151:5:fatfs_rename	8	static
/home/hdj/amb82-mini-RTL8735B/sdk-ameba-v9.6b/component/file_system/vfs/vfs_fatfs.c:175:5:fatfs_ftruncate	8	static
/home/hdj/amb82-mini-RTL8735B/sdk-ameba-v9.6b/component/file_system/vfs/vfs_fatfs.c:190:5:fatfs_opendir	16	static
/home/hdj/amb82-mini-RTL8735B/sdk-ameba-v9.6b/component/file_system/vfs/vfs_fatfs.c:202:16:fatfs_readdir	304	static
/home/hdj/amb82-mini-RTL8735B/sdk-ameba-v9.6b/component/file_system/vfs/vfs_fatfs.c:303:5:fatfs_closedir	16	static
/home/hdj/amb82-mini-RTL8735B/sdk-ameba-v9.6b/component/file_system/vfs/vfs_fatfs.c:325:5:fatfs_mkdir	8	static
/home/hdj/amb82-mini-RTL8735B/sdk-ameba-v9.6b/component/file_system/vfs/vfs_fatfs.c:337:5:fatfs_access	304	static
/home/hdj/amb82-mini-RTL8735B/sdk-ameba-v9.6b/component/file_system/vfs/vfs_fatfs.c:374:5:fatfs_stat	888	static
/home/hdj/amb82-mini-RTL8735B/sdk-ameba-v9.6b/component/file_system/vfs/vfs_fatfs.c:540:5:fatfs_putc	8	static
/home/hdj/amb82-mini-RTL8735B/sdk-ameba-v9.6b/component/file_system/vfs/vfs_fatfs.c:549:5:fatfs_puts	8	static
/home/hdj/amb82-mini-RTL8735B/sdk-ameba-v9.6b/component/file_system/vfs/vfs_fatfs.c:558:7:fatfs_gets	8	static
/home/hdj/amb82-mini-RTL8735B/sdk-ameba-v9.6b/component/file_system/vfs/vfs_fatfs.c:606:5:fatfs_format	8	static
/home/hdj/amb82-mini-RTL8735B/sdk-ameba-v9.6b/component/file_system/vfs/vfs_fatfs.c:10:5:fatfs_get_interface	8	static
/home/hdj/amb82-mini-RTL8735B/sdk-ameba-v9.6b/component/file_system/vfs/vfs_fatfs.c:568:5:fatfs_mount	8	static
/home/hdj/amb82-mini-RTL8735B/sdk-ameba-v9.6b/component/file_system/vfs/vfs_fatfs.c:587:5:fatfs_ummount	8	static
/home/hdj/amb82-mini-RTL8735B/sdk-ameba-v9.6b/component/file_system/vfs/vfs_fatfs.c:169:5:fatfs_ftell	0	static
/home/hdj/amb82-mini-RTL8735B/sdk-ameba-v9.6b/component/file_system/vfs/vfs_fatfs.c:253:16:_fatfs_readdir	304	static
/home/hdj/amb82-mini-RTL8735B/sdk-ameba-v9.6b/component/file_system/vfs/vfs_fatfs.c:315:5:_fatfs_closedir	8	static
/home/hdj/amb82-mini-RTL8735B/sdk-ameba-v9.6b/component/file_system/vfs/vfs_fatfs.c:434:5:fatfs_scandir	48	static
