//home/hdj/ameba-mini/sdk-ameba-v9.6b_20231123/component/wifi/wpa_supplicant/wpa_supplicant/wifi_wps_config.c:340:13:wps_config_wifi_setting	16	static
//home/hdj/ameba-mini/sdk-ameba-v9.6b_20231123/component/wifi/wpa_supplicant/wpa_supplicant/wifi_wps_config.c:701:21:wps_scan_result_handler	72	static
//home/hdj/ameba-mini/sdk-ameba-v9.6b_20231123/component/wifi/wpa_supplicant/wpa_supplicant/wifi_wps_config.c:572:13:clean_discovered_ssids	16	static
//home/hdj/ameba-mini/sdk-ameba-v9.6b_20231123/component/wifi/wpa_supplicant/wpa_supplicant/wifi_wps_config.c:422:12:wps_connect_to_AP_by_open_system	80	static
//home/hdj/ameba-mini/sdk-ameba-v9.6b_20231123/component/wifi/wpa_supplicant/wpa_supplicant/wifi_wps_config.c:106:6:wifi_p2p_wps_success	0	static
//home/hdj/ameba-mini/sdk-ameba-v9.6b_20231123/component/wifi/wpa_supplicant/wpa_supplicant/wifi_wps_config.c:116:6:wifi_p2p_wps_failed	0	static
//home/hdj/ameba-mini/sdk-ameba-v9.6b_20231123/component/wifi/wpa_supplicant/wpa_supplicant/wifi_wps_config.c:123:7:wps_registrar_init	0	static
//home/hdj/ameba-mini/sdk-ameba-v9.6b_20231123/component/wifi/wpa_supplicant/wpa_supplicant/wifi_wps_config.c:135:6:wps_registrar_deinit	0	static
//home/hdj/ameba-mini/sdk-ameba-v9.6b_20231123/component/wifi/wpa_supplicant/wpa_supplicant/wifi_wps_config.c:144:7:wps_registrar_alloc	0	static
//home/hdj/ameba-mini/sdk-ameba-v9.6b_20231123/component/wifi/wpa_supplicant/wpa_supplicant/wifi_wps_config.c:153:5:wps_registrar_process_msg	0	static
//home/hdj/ameba-mini/sdk-ameba-v9.6b_20231123/component/wifi/wpa_supplicant/wpa_supplicant/wifi_wps_config.c:166:7:wps_registrar_get_msg	0	static
//home/hdj/ameba-mini/sdk-ameba-v9.6b_20231123/component/wifi/wpa_supplicant/wpa_supplicant/wifi_wps_config.c:179:5:wps_registrar_add_pin	0	static
//home/hdj/ameba-mini/sdk-ameba-v9.6b_20231123/component/wifi/wpa_supplicant/wpa_supplicant/wifi_wps_config.c:197:5:wps_registrar_button_pushed	0	static
//home/hdj/ameba-mini/sdk-ameba-v9.6b_20231123/component/wifi/wpa_supplicant/wpa_supplicant/wifi_wps_config.c:210:5:wps_registrar_wps_cancel	0	static
//home/hdj/ameba-mini/sdk-ameba-v9.6b_20231123/component/wifi/wpa_supplicant/wpa_supplicant/wifi_wps_config.c:222:6:wpas_wsc_ap_send_eap_reqidentity	0	static
//home/hdj/ameba-mini/sdk-ameba-v9.6b_20231123/component/wifi/wpa_supplicant/wpa_supplicant/wifi_wps_config.c:232:6:wpas_wsc_ap_check_eap_rspidentity	0	static
//home/hdj/ameba-mini/sdk-ameba-v9.6b_20231123/component/wifi/wpa_supplicant/wpa_supplicant/wifi_wps_config.c:242:6:wpas_wsc_registrar_send_eap_fail	0	static
//home/hdj/ameba-mini/sdk-ameba-v9.6b_20231123/component/wifi/wpa_supplicant/wpa_supplicant/wifi_wps_config.c:251:6:wpas_wsc_registrar_handle_recvd	0	static
//home/hdj/ameba-mini/sdk-ameba-v9.6b_20231123/component/wifi/wpa_supplicant/wpa_supplicant/wifi_wps_config.c:261:7:eap_wsc_server_process_hdl	0	static
//home/hdj/ameba-mini/sdk-ameba-v9.6b_20231123/component/wifi/wpa_supplicant/wpa_supplicant/wifi_wps_config.c:274:6:eap_wsc_server_reset	0	static
//home/hdj/ameba-mini/sdk-ameba-v9.6b_20231123/component/wifi/wpa_supplicant/wpa_supplicant/wifi_wps_config.c:293:6:wps_check_and_show_connection_info	184	static
//home/hdj/ameba-mini/sdk-ameba-v9.6b_20231123/component/wifi/wpa_supplicant/wpa_supplicant/wifi_wps_config.c:389:12:wps_connect_to_AP_by_certificate	16	static
//home/hdj/ameba-mini/sdk-ameba-v9.6b_20231123/component/wifi/wpa_supplicant/wpa_supplicant/wifi_wps_config.c:870:5:wps_start	296	static
//home/hdj/ameba-mini/sdk-ameba-v9.6b_20231123/component/wifi/wpa_supplicant/wpa_supplicant/wifi_wps_config.c:1096:6:wps_stop	8	static
//home/hdj/ameba-mini/sdk-ameba-v9.6b_20231123/component/wifi/wpa_supplicant/wpa_supplicant/wifi_wps_config.c:1207:5:wps_judge_staion_disconnect	184	static
//home/hdj/ameba-mini/sdk-ameba-v9.6b_20231123/component/wifi/wpa_supplicant/wpa_supplicant/wifi_wps_config.c:1237:6:cmd_wps	40	static
