//home/hdj/ameba-mini/sdk-ameba-v9.6b_20231123/project/realtek_amebapro2_v0_example/GCC-RELEASE/application/../../../../component/bluetooth/driver/inc/hci/hci_transport.h:49:23:hci_transport_recv_ind	8	static
//home/hdj/ameba-mini/sdk-ameba-v9.6b_20231123/component/bluetooth/driver/hci/hci_if_rtk.c:90:16:rtk_stack_recv	8	static
//home/hdj/ameba-mini/sdk-ameba-v9.6b_20231123/component/bluetooth/driver/hci/hci_if_rtk.c:61:17:rtk_stack_get_buf	16	static
//home/hdj/ameba-mini/sdk-ameba-v9.6b_20231123/project/realtek_amebapro2_v0_example/GCC-RELEASE/application/../../../../component/bluetooth/driver/platform/amebapro2/inc/hci_uart.h:49:23:hci_uart_set_rx_ind.isra	8	static
//home/hdj/ameba-mini/sdk-ameba-v9.6b_20231123/component/bluetooth/driver/hci/hci_if_rtk.c:113:13:hci_if_task	40	static
//home/hdj/ameba-mini/sdk-ameba-v9.6b_20231123/component/bluetooth/driver/hci/hci_if_rtk.c:222:6:hci_if_open	32	static
//home/hdj/ameba-mini/sdk-ameba-v9.6b_20231123/component/bluetooth/driver/hci/hci_if_rtk.c:293:6:hci_if_close	16	static
//home/hdj/ameba-mini/sdk-ameba-v9.6b_20231123/component/bluetooth/driver/hci/hci_if_rtk.c:316:6:hci_if_del_task	8	static
//home/hdj/ameba-mini/sdk-ameba-v9.6b_20231123/component/bluetooth/driver/hci/hci_if_rtk.c:321:6:hci_if_deinit	8	static
//home/hdj/ameba-mini/sdk-ameba-v9.6b_20231123/component/bluetooth/driver/hci/hci_if_rtk.c:334:6:hci_if_write	32	static
//home/hdj/ameba-mini/sdk-ameba-v9.6b_20231123/component/bluetooth/driver/hci/hci_if_rtk.c:382:6:hci_if_confirm	8	static
//home/hdj/ameba-mini/sdk-ameba-v9.6b_20231123/component/bluetooth/driver/hci/hci_if_rtk.c:392:6:hci_if_wait_patch_download	8	static
