/home/hdj/amb82-mini-RTL8735B/sdk-ameba-v9.6c-hard-spi/sdk-ameba-v9.6c/project/realtek_amebapro2_v0_example/src/test_model/model_scrfd.c:44:7:scrfd_get_network_filename	0	static
/home/hdj/amb82-mini-RTL8735B/sdk-ameba-v9.6c-hard-spi/sdk-ameba-v9.6c/project/realtek_amebapro2_v0_example/src/test_model/model_scrfd.c:49:6:scrfd_set_network_init_info	0	static
/home/hdj/amb82-mini-RTL8735B/sdk-ameba-v9.6c-hard-spi/sdk-ameba-v9.6c/project/realtek_amebapro2_v0_example/src/test_model/model_scrfd.c:226:6:scrfd_set_confidence_thresh	8	static
/home/hdj/amb82-mini-RTL8735B/sdk-ameba-v9.6c-hard-spi/sdk-ameba-v9.6c/project/realtek_amebapro2_v0_example/src/test_model/model_scrfd.c:232:6:scrfd_set_nms_thresh	8	static
/home/hdj/amb82-mini-RTL8735B/sdk-ameba-v9.6c-hard-spi/sdk-ameba-v9.6c/project/realtek_amebapro2_v0_example/src/test_model/model_scrfd.c:108:13:generate_bboxes_kps_single_stride	120	static
/home/hdj/amb82-mini-RTL8735B/sdk-ameba-v9.6c-hard-spi/sdk-ameba-v9.6c/project/realtek_amebapro2_v0_example/src/test_model/model_scrfd.c:158:12:scrfd_postprocess	96	static
/home/hdj/amb82-mini-RTL8735B/sdk-ameba-v9.6c-hard-spi/sdk-ameba-v9.6c/project/realtek_amebapro2_v0_example/src/test_model/model_scrfd.c:58:12:scrfd_preprocess	40	static
