/home/hdj/amb82-mini-RTL8735B/sdk-ameba-v9.6b/component/bluetooth/driver/platform/amebapro2/hci/hci_platform.c:112:13:set_reg_value	12	static
/home/hdj/amb82-mini-RTL8735B/sdk-ameba-v9.6b/component/bluetooth/driver/platform/amebapro2/hci/hci_platform.c:132:13:hci_platform_convert_baudrate	104	static
/home/hdj/amb82-mini-RTL8735B/sdk-ameba-v9.6b/component/bluetooth/driver/platform/amebapro2/hci/hci_platform.c:608:20:hci_platform_flash_stream_read	8	static
/home/hdj/amb82-mini-RTL8735B/sdk-ameba-v9.6b/component/bluetooth/driver/platform/amebapro2/hci/hci_platform.c:123:6:hci_platform_cfg_bd_addr	0	static
/home/hdj/amb82-mini-RTL8735B/sdk-ameba-v9.6b/component/bluetooth/driver/platform/amebapro2/hci/hci_platform.c:329:6:bt_dump_iqk	8	static
/home/hdj/amb82-mini-RTL8735B/sdk-ameba-v9.6b/component/bluetooth/driver/platform/amebapro2/hci/hci_platform.c:373:9:hci_platform_check_iqk	32	static
/home/hdj/amb82-mini-RTL8735B/sdk-ameba-v9.6b/component/bluetooth/driver/platform/amebapro2/hci/hci_platform.c:418:9:hci_platform_start_iqk	0	static
/home/hdj/amb82-mini-RTL8735B/sdk-ameba-v9.6b/component/bluetooth/driver/platform/amebapro2/hci/hci_platform.c:443:5:hci_platform_get_iqk_data	8	static
/home/hdj/amb82-mini-RTL8735B/sdk-ameba-v9.6b/component/bluetooth/driver/platform/amebapro2/hci/hci_platform.c:485:6:rtk_bt_pre_enable	8	static
/home/hdj/amb82-mini-RTL8735B/sdk-ameba-v9.6b/component/bluetooth/driver/platform/amebapro2/hci/hci_platform.c:499:6:rtk_bt_post_disable	8	static
/home/hdj/amb82-mini-RTL8735B/sdk-ameba-v9.6b/component/bluetooth/driver/platform/amebapro2/hci/hci_platform.c:508:9:hci_platform_init	48	static
/home/hdj/amb82-mini-RTL8735B/sdk-ameba-v9.6b/component/bluetooth/driver/platform/amebapro2/hci/hci_platform.c:543:9:hci_platform_deinit	8	static
/home/hdj/amb82-mini-RTL8735B/sdk-ameba-v9.6b/component/bluetooth/driver/platform/amebapro2/hci/hci_platform.c:562:6:hci_platform_record_chipid	0	static
/home/hdj/amb82-mini-RTL8735B/sdk-ameba-v9.6b/component/bluetooth/driver/platform/amebapro2/hci/hci_platform.c:567:6:hci_platform_get_baudrate	0	static
/home/hdj/amb82-mini-RTL8735B/sdk-ameba-v9.6b/component/bluetooth/driver/platform/amebapro2/hci/hci_platform.c:575:9:hci_platform_set_baudrate	8	static
/home/hdj/amb82-mini-RTL8735B/sdk-ameba-v9.6b/component/bluetooth/driver/platform/amebapro2/hci/hci_platform.c:583:9:hci_platform_dl_patch_init	8	static
/home/hdj/amb82-mini-RTL8735B/sdk-ameba-v9.6b/component/bluetooth/driver/platform/amebapro2/hci/hci_platform.c:595:6:hci_platform_dl_patch_done	16	static
/home/hdj/amb82-mini-RTL8735B/sdk-ameba-v9.6b/component/bluetooth/driver/platform/amebapro2/hci/hci_platform.c:681:9:hci_platform_get_patch_cmd_len	64	static
/home/hdj/amb82-mini-RTL8735B/sdk-ameba-v9.6b/component/bluetooth/driver/platform/amebapro2/hci/hci_platform.c:704:9:hci_platform_get_patch_cmd_buf	16	static
