/home/hdj/amb82-mini-RTL8735B/sdk-ameba-v9.6c-hard-spi/sdk-ameba-v9.6c/component/os/freertos/freertos_v202012.00/Source/tasks.c:1071:13:prvAddNewTaskToReadyList	24	static
/home/hdj/amb82-mini-RTL8735B/sdk-ameba-v9.6c-hard-spi/sdk-ameba-v9.6c/component/os/freertos/freertos_v202012.00/Source/tasks.c:5269:13:prvAddCurrentTaskToDelayedList	24	static
/home/hdj/amb82-mini-RTL8735B/sdk-ameba-v9.6c-hard-spi/sdk-ameba-v9.6c/component/os/freertos/freertos_v202012.00/Source/tasks.c:4401:19:prvWriteNameToBuffer	16	static
/home/hdj/amb82-mini-RTL8735B/sdk-ameba-v9.6c-hard-spi/sdk-ameba-v9.6c/component/os/freertos/freertos_v202012.00/Source/tasks.c:3994:13:prvResetNextTaskUnblockTime	0	static
/home/hdj/amb82-mini-RTL8735B/sdk-ameba-v9.6c-hard-spi/sdk-ameba-v9.6c/component/os/freertos/freertos_v202012.00/Source/tasks.c:1815:23:prvTaskIsTaskSuspended	8	static
/home/hdj/amb82-mini-RTL8735B/sdk-ameba-v9.6c-hard-spi/sdk-ameba-v9.6c/component/os/freertos/freertos_v202012.00/Source/tasks.c:3938:17:prvDeleteTCB	8	static
/home/hdj/amb82-mini-RTL8735B/sdk-ameba-v9.6c-hard-spi/sdk-ameba-v9.6c/component/os/freertos/freertos_v202012.00/Source/tasks.c:3426:8:prvIdleTask	8	static
/home/hdj/amb82-mini-RTL8735B/sdk-ameba-v9.6c-hard-spi/sdk-ameba-v9.6c/component/os/freertos/freertos_v202012.00/Source/tasks.c:820:13:prvInitialiseNewTask.constprop	32	static
/home/hdj/amb82-mini-RTL8735B/sdk-ameba-v9.6c-hard-spi/sdk-ameba-v9.6c/component/os/freertos/freertos_v202012.00/Source/tasks.c:576:18:xTaskCreateStatic	56	static
/home/hdj/amb82-mini-RTL8735B/sdk-ameba-v9.6c-hard-spi/sdk-ameba-v9.6c/component/os/freertos/freertos_v202012.00/Source/tasks.c:729:16:xTaskCreate	48	static
/home/hdj/amb82-mini-RTL8735B/sdk-ameba-v9.6c-hard-spi/sdk-ameba-v9.6c/component/os/freertos/freertos_v202012.00/Source/tasks.c:1157:10:vTaskDelete	16	static
/home/hdj/amb82-mini-RTL8735B/sdk-ameba-v9.6c-hard-spi/sdk-ameba-v9.6c/component/os/freertos/freertos_v202012.00/Source/tasks.c:1384:16:eTaskGetState	24	static
/home/hdj/amb82-mini-RTL8735B/sdk-ameba-v9.6c-hard-spi/sdk-ameba-v9.6c/component/os/freertos/freertos_v202012.00/Source/tasks.c:1481:17:uxTaskPriorityGet	16	static
/home/hdj/amb82-mini-RTL8735B/sdk-ameba-v9.6c-hard-spi/sdk-ameba-v9.6c/component/os/freertos/freertos_v202012.00/Source/tasks.c:1503:17:uxTaskPriorityGetFromISR	8	static
/home/hdj/amb82-mini-RTL8735B/sdk-ameba-v9.6c-hard-spi/sdk-ameba-v9.6c/component/os/freertos/freertos_v202012.00/Source/tasks.c:1543:10:vTaskPrioritySet	24	static
/home/hdj/amb82-mini-RTL8735B/sdk-ameba-v9.6c-hard-spi/sdk-ameba-v9.6c/component/os/freertos/freertos_v202012.00/Source/tasks.c:1861:10:vTaskResume	24	static
/home/hdj/amb82-mini-RTL8735B/sdk-ameba-v9.6c-hard-spi/sdk-ameba-v9.6c/component/os/freertos/freertos_v202012.00/Source/tasks.c:1915:16:xTaskResumeFromISR	24	static
/home/hdj/amb82-mini-RTL8735B/sdk-ameba-v9.6c-hard-spi/sdk-ameba-v9.6c/component/os/freertos/freertos_v202012.00/Source/tasks.c:1990:6:vTaskStartScheduler	40	static
/home/hdj/amb82-mini-RTL8735B/sdk-ameba-v9.6c-hard-spi/sdk-ameba-v9.6c/component/os/freertos/freertos_v202012.00/Source/tasks.c:2118:6:vTaskEndScheduler	8	static
/home/hdj/amb82-mini-RTL8735B/sdk-ameba-v9.6c-hard-spi/sdk-ameba-v9.6c/component/os/freertos/freertos_v202012.00/Source/tasks.c:2129:6:vTaskSuspendAll	0	static
/home/hdj/amb82-mini-RTL8735B/sdk-ameba-v9.6c-hard-spi/sdk-ameba-v9.6c/component/os/freertos/freertos_v202012.00/Source/tasks.c:2324:12:xTaskGetTickCount	0	static
/home/hdj/amb82-mini-RTL8735B/sdk-ameba-v9.6c-hard-spi/sdk-ameba-v9.6c/component/os/freertos/freertos_v202012.00/Source/tasks.c:2339:12:xTaskGetTickCountFromISR	0	static
/home/hdj/amb82-mini-RTL8735B/sdk-ameba-v9.6c-hard-spi/sdk-ameba-v9.6c/component/os/freertos/freertos_v202012.00/Source/tasks.c:2370:13:uxTaskGetNumberOfTasks	0	static
/home/hdj/amb82-mini-RTL8735B/sdk-ameba-v9.6c-hard-spi/sdk-ameba-v9.6c/component/os/freertos/freertos_v202012.00/Source/tasks.c:2378:8:pcTaskGetName	8	static
/home/hdj/amb82-mini-RTL8735B/sdk-ameba-v9.6c-hard-spi/sdk-ameba-v9.6c/component/os/freertos/freertos_v202012.00/Source/tasks.c:2728:12:xTaskIncrementTick	48	static
/home/hdj/amb82-mini-RTL8735B/sdk-ameba-v9.6c-hard-spi/sdk-ameba-v9.6c/component/os/freertos/freertos_v202012.00/Source/tasks.c:2213:12:xTaskResumeAll	32	static
/home/hdj/amb82-mini-RTL8735B/sdk-ameba-v9.6c-hard-spi/sdk-ameba-v9.6c/component/os/freertos/freertos_v202012.00/Source/tasks.c:1252:16:xTaskDelayUntil	16	static
/home/hdj/amb82-mini-RTL8735B/sdk-ameba-v9.6c-hard-spi/sdk-ameba-v9.6c/component/os/freertos/freertos_v202012.00/Source/tasks.c:1339:10:vTaskDelay	8	static
/home/hdj/amb82-mini-RTL8735B/sdk-ameba-v9.6c-hard-spi/sdk-ameba-v9.6c/component/os/freertos/freertos_v202012.00/Source/tasks.c:2630:12:xTaskCatchUpTicks	8	static
/home/hdj/amb82-mini-RTL8735B/sdk-ameba-v9.6c-hard-spi/sdk-ameba-v9.6c/component/os/freertos/freertos_v202012.00/Source/tasks.c:2903:10:vTaskSetApplicationTaskTag	16	static
/home/hdj/amb82-mini-RTL8735B/sdk-ameba-v9.6c-hard-spi/sdk-ameba-v9.6c/component/os/freertos/freertos_v202012.00/Source/tasks.c:2933:24:xTaskGetApplicationTaskTag	16	static
/home/hdj/amb82-mini-RTL8735B/sdk-ameba-v9.6c-hard-spi/sdk-ameba-v9.6c/component/os/freertos/freertos_v202012.00/Source/tasks.c:2957:24:xTaskGetApplicationTaskTagFromISR	8	static
/home/hdj/amb82-mini-RTL8735B/sdk-ameba-v9.6c-hard-spi/sdk-ameba-v9.6c/component/os/freertos/freertos_v202012.00/Source/tasks.c:2982:16:xTaskCallApplicationTaskHook	8	static
/home/hdj/amb82-mini-RTL8735B/sdk-ameba-v9.6c-hard-spi/sdk-ameba-v9.6c/component/os/freertos/freertos_v202012.00/Source/tasks.c:3013:6:vTaskSwitchContext	24	static
/home/hdj/amb82-mini-RTL8735B/sdk-ameba-v9.6c-hard-spi/sdk-ameba-v9.6c/component/os/freertos/freertos_v202012.00/Source/tasks.c:1709:10:vTaskSuspend	16	static
/home/hdj/amb82-mini-RTL8735B/sdk-ameba-v9.6c-hard-spi/sdk-ameba-v9.6c/component/os/freertos/freertos_v202012.00/Source/tasks.c:3089:6:vTaskPlaceOnEventList	16	static
/home/hdj/amb82-mini-RTL8735B/sdk-ameba-v9.6c-hard-spi/sdk-ameba-v9.6c/component/os/freertos/freertos_v202012.00/Source/tasks.c:3107:6:vTaskPlaceOnUnorderedEventList	16	static
/home/hdj/amb82-mini-RTL8735B/sdk-ameba-v9.6c-hard-spi/sdk-ameba-v9.6c/component/os/freertos/freertos_v202012.00/Source/tasks.c:3135:10:vTaskPlaceOnEventListRestricted	16	static
/home/hdj/amb82-mini-RTL8735B/sdk-ameba-v9.6c-hard-spi/sdk-ameba-v9.6c/component/os/freertos/freertos_v202012.00/Source/tasks.c:3168:12:xTaskRemoveFromEventList	16	static
/home/hdj/amb82-mini-RTL8735B/sdk-ameba-v9.6c-hard-spi/sdk-ameba-v9.6c/component/os/freertos/freertos_v202012.00/Source/tasks.c:3236:6:vTaskRemoveFromUnorderedEventList	24	static
/home/hdj/amb82-mini-RTL8735B/sdk-ameba-v9.6c-hard-spi/sdk-ameba-v9.6c/component/os/freertos/freertos_v202012.00/Source/tasks.c:3285:6:vTaskSetTimeOutState	8	static
/home/hdj/amb82-mini-RTL8735B/sdk-ameba-v9.6c-hard-spi/sdk-ameba-v9.6c/component/os/freertos/freertos_v202012.00/Source/tasks.c:3297:6:vTaskInternalSetTimeOutState	0	static
/home/hdj/amb82-mini-RTL8735B/sdk-ameba-v9.6c-hard-spi/sdk-ameba-v9.6c/component/os/freertos/freertos_v202012.00/Source/tasks.c:3305:12:xTaskCheckForTimeOut	16	static
/home/hdj/amb82-mini-RTL8735B/sdk-ameba-v9.6c-hard-spi/sdk-ameba-v9.6c/component/os/freertos/freertos_v202012.00/Source/tasks.c:3370:6:vTaskMissedYield	0	static
/home/hdj/amb82-mini-RTL8735B/sdk-ameba-v9.6c-hard-spi/sdk-ameba-v9.6c/component/os/freertos/freertos_v202012.00/Source/tasks.c:3378:17:uxTaskGetTaskNumber	0	static
/home/hdj/amb82-mini-RTL8735B/sdk-ameba-v9.6c-hard-spi/sdk-ameba-v9.6c/component/os/freertos/freertos_v202012.00/Source/tasks.c:3401:10:vTaskSetTaskNumber	0	static
/home/hdj/amb82-mini-RTL8735B/sdk-ameba-v9.6c-hard-spi/sdk-ameba-v9.6c/component/os/freertos/freertos_v202012.00/Source/tasks.c:3716:10:vTaskGetInfo	16	static
/home/hdj/amb82-mini-RTL8735B/sdk-ameba-v9.6c-hard-spi/sdk-ameba-v9.6c/component/os/freertos/freertos_v202012.00/Source/tasks.c:3815:24:prvListTasksWithinSingleList	40	static
/home/hdj/amb82-mini-RTL8735B/sdk-ameba-v9.6c-hard-spi/sdk-ameba-v9.6c/component/os/freertos/freertos_v202012.00/Source/tasks.c:2525:17:uxTaskGetSystemState	32	static
/home/hdj/amb82-mini-RTL8735B/sdk-ameba-v9.6c-hard-spi/sdk-ameba-v9.6c/component/os/freertos/freertos_v202012.00/Source/tasks.c:4017:18:xTaskGetCurrentTaskHandle	0	static
/home/hdj/amb82-mini-RTL8735B/sdk-ameba-v9.6c-hard-spi/sdk-ameba-v9.6c/component/os/freertos/freertos_v202012.00/Source/tasks.c:4034:16:xTaskGetSchedulerState	0	static
/home/hdj/amb82-mini-RTL8735B/sdk-ameba-v9.6c-hard-spi/sdk-ameba-v9.6c/component/os/freertos/freertos_v202012.00/Source/tasks.c:4062:16:xTaskPriorityInherit	24	static
/home/hdj/amb82-mini-RTL8735B/sdk-ameba-v9.6c-hard-spi/sdk-ameba-v9.6c/component/os/freertos/freertos_v202012.00/Source/tasks.c:4152:16:xTaskPriorityDisinherit	16	static
/home/hdj/amb82-mini-RTL8735B/sdk-ameba-v9.6c-hard-spi/sdk-ameba-v9.6c/component/os/freertos/freertos_v202012.00/Source/tasks.c:4232:10:vTaskPriorityDisinheritAfterTimeout	24	static
/home/hdj/amb82-mini-RTL8735B/sdk-ameba-v9.6c-hard-spi/sdk-ameba-v9.6c/component/os/freertos/freertos_v202012.00/Source/tasks.c:4428:10:vTaskList	56	static
/home/hdj/amb82-mini-RTL8735B/sdk-ameba-v9.6c-hard-spi/sdk-ameba-v9.6c/component/os/freertos/freertos_v202012.00/Source/tasks.c:4532:10:vTaskGetRunTimeStats	56	static
/home/hdj/amb82-mini-RTL8735B/sdk-ameba-v9.6c-hard-spi/sdk-ameba-v9.6c/component/os/freertos/freertos_v202012.00/Source/tasks.c:4657:12:uxTaskResetEventItemValue	0	static
/home/hdj/amb82-mini-RTL8735B/sdk-ameba-v9.6c-hard-spi/sdk-ameba-v9.6c/component/os/freertos/freertos_v202012.00/Source/tasks.c:4673:18:pvTaskIncrementMutexHeldCount	0	static
/home/hdj/amb82-mini-RTL8735B/sdk-ameba-v9.6c-hard-spi/sdk-ameba-v9.6c/component/os/freertos/freertos_v202012.00/Source/tasks.c:4690:14:ulTaskGenericNotifyTake	24	static
/home/hdj/amb82-mini-RTL8735B/sdk-ameba-v9.6c-hard-spi/sdk-ameba-v9.6c/component/os/freertos/freertos_v202012.00/Source/tasks.c:4762:16:xTaskGenericNotifyWait	32	static
/home/hdj/amb82-mini-RTL8735B/sdk-ameba-v9.6c-hard-spi/sdk-ameba-v9.6c/component/os/freertos/freertos_v202012.00/Source/tasks.c:4848:16:xTaskGenericNotify	32	static
/home/hdj/amb82-mini-RTL8735B/sdk-ameba-v9.6c-hard-spi/sdk-ameba-v9.6c/component/os/freertos/freertos_v202012.00/Source/tasks.c:4971:16:xTaskGenericNotifyFromISR	40	static
/home/hdj/amb82-mini-RTL8735B/sdk-ameba-v9.6c-hard-spi/sdk-ameba-v9.6c/component/os/freertos/freertos_v202012.00/Source/tasks.c:5110:10:vTaskGenericNotifyGiveFromISR	32	static
/home/hdj/amb82-mini-RTL8735B/sdk-ameba-v9.6c-hard-spi/sdk-ameba-v9.6c/component/os/freertos/freertos_v202012.00/Source/tasks.c:5199:16:xTaskGenericNotifyStateClear	16	static
/home/hdj/amb82-mini-RTL8735B/sdk-ameba-v9.6c-hard-spi/sdk-ameba-v9.6c/component/os/freertos/freertos_v202012.00/Source/tasks.c:5233:14:ulTaskGenericNotifyValueClear	24	static
