/home/hdj/amb82-mini-RTL8735B/sdk-ameba-v9.6c-hard-spi/sdk-ameba-v9.6c/component/os/freertos/freertos_v202012.00/Source/timers.c:953:17:prvCheckForValidListAndQueue	32	static
/home/hdj/amb82-mini-RTL8735B/sdk-ameba-v9.6c-hard-spi/sdk-ameba-v9.6c/component/os/freertos/freertos_v202012.00/Source/timers.c:699:23:prvInsertTimerInActiveList	8	static
/home/hdj/amb82-mini-RTL8735B/sdk-ameba-v9.6c-hard-spi/sdk-ameba-v9.6c/component/os/freertos/freertos_v202012.00/Source/timers.c:221:16:xTimerCreateTimerTask	40	static
/home/hdj/amb82-mini-RTL8735B/sdk-ameba-v9.6c-hard-spi/sdk-ameba-v9.6c/component/os/freertos/freertos_v202012.00/Source/timers.c:276:23:xTimerCreate	24	static
/home/hdj/amb82-mini-RTL8735B/sdk-ameba-v9.6c-hard-spi/sdk-ameba-v9.6c/component/os/freertos/freertos_v202012.00/Source/timers.c:303:23:xTimerCreateStatic	32	static
/home/hdj/amb82-mini-RTL8735B/sdk-ameba-v9.6c-hard-spi/sdk-ameba-v9.6c/component/os/freertos/freertos_v202012.00/Source/timers.c:377:16:xTimerGenericCommand	48	static
/home/hdj/amb82-mini-RTL8735B/sdk-ameba-v9.6c-hard-spi/sdk-ameba-v9.6c/component/os/freertos/freertos_v202012.00/Source/timers.c:676:23:prvSampleTimeNow	56	static
/home/hdj/amb82-mini-RTL8735B/sdk-ameba-v9.6c-hard-spi/sdk-ameba-v9.6c/component/os/freertos/freertos_v202012.00/Source/timers.c:551:12:prvTimerTask	72	static
/home/hdj/amb82-mini-RTL8735B/sdk-ameba-v9.6c-hard-spi/sdk-ameba-v9.6c/component/os/freertos/freertos_v202012.00/Source/timers.c:424:18:xTimerGetTimerDaemonTaskHandle	8	static
/home/hdj/amb82-mini-RTL8735B/sdk-ameba-v9.6c-hard-spi/sdk-ameba-v9.6c/component/os/freertos/freertos_v202012.00/Source/timers.c:433:16:xTimerGetPeriod	8	static
/home/hdj/amb82-mini-RTL8735B/sdk-ameba-v9.6c-hard-spi/sdk-ameba-v9.6c/component/os/freertos/freertos_v202012.00/Source/timers.c:442:10:vTimerSetReloadMode	16	static
/home/hdj/amb82-mini-RTL8735B/sdk-ameba-v9.6c-hard-spi/sdk-ameba-v9.6c/component/os/freertos/freertos_v202012.00/Source/timers.c:463:17:uxTimerGetReloadMode	16	static
/home/hdj/amb82-mini-RTL8735B/sdk-ameba-v9.6c-hard-spi/sdk-ameba-v9.6c/component/os/freertos/freertos_v202012.00/Source/timers.c:488:16:xTimerGetExpiryTime	8	static
/home/hdj/amb82-mini-RTL8735B/sdk-ameba-v9.6c-hard-spi/sdk-ameba-v9.6c/component/os/freertos/freertos_v202012.00/Source/timers.c:499:18:pcTimerGetName	8	static
/home/hdj/amb82-mini-RTL8735B/sdk-ameba-v9.6c-hard-spi/sdk-ameba-v9.6c/component/os/freertos/freertos_v202012.00/Source/timers.c:1004:16:xTimerIsTimerActive	16	static
/home/hdj/amb82-mini-RTL8735B/sdk-ameba-v9.6c-hard-spi/sdk-ameba-v9.6c/component/os/freertos/freertos_v202012.00/Source/timers.c:1029:12:pvTimerGetTimerID	16	static
/home/hdj/amb82-mini-RTL8735B/sdk-ameba-v9.6c-hard-spi/sdk-ameba-v9.6c/component/os/freertos/freertos_v202012.00/Source/timers.c:1046:10:vTimerSetTimerID	16	static
/home/hdj/amb82-mini-RTL8735B/sdk-ameba-v9.6c-hard-spi/sdk-ameba-v9.6c/component/os/freertos/freertos_v202012.00/Source/timers.c:1063:20:xTimerPendFunctionCallFromISR	24	static
/home/hdj/amb82-mini-RTL8735B/sdk-ameba-v9.6c-hard-spi/sdk-ameba-v9.6c/component/os/freertos/freertos_v202012.00/Source/timers.c:1090:20:xTimerPendFunctionCall	48	static
/home/hdj/amb82-mini-RTL8735B/sdk-ameba-v9.6c-hard-spi/sdk-ameba-v9.6c/component/os/freertos/freertos_v202012.00/Source/timers.c:1122:21:uxTimerGetTimerNumber	0	static
/home/hdj/amb82-mini-RTL8735B/sdk-ameba-v9.6c-hard-spi/sdk-ameba-v9.6c/component/os/freertos/freertos_v202012.00/Source/timers.c:1132:14:vTimerSetTimerNumber	0	static
