//home/hdj/ameba-mini/sdk-ameba-v9.6b_20231123/component/media/mmfv2/module_eip.c:381:14:eip_del_item	8	static
//home/hdj/ameba-mini/sdk-ameba-v9.6b_20231123/component/media/mmfv2/module_eip.c:305:14:eip_destroy	8	static
//home/hdj/ameba-mini/sdk-ameba-v9.6b_20231123/component/media/mmfv2/module_eip.c:326:14:eip_create	24	static
//home/hdj/ameba-mini/sdk-ameba-v9.6b_20231123/component/media/mmfv2/module_eip.c:372:14:eip_new_item	8	static
//home/hdj/ameba-mini/sdk-ameba-v9.6b_20231123/component/media/mmfv2/module_eip.c:68:12:eip_handle	40	static
//home/hdj/ameba-mini/sdk-ameba-v9.6b_20231123/component/media/mmfv2/module_eip.c:50:12:eip_handle_stop	16	static
//home/hdj/ameba-mini/sdk-ameba-v9.6b_20231123/component/media/mmfv2/module_eip.c:137:12:eip_control	32	static
