//home/hdj/ameba-mini/sdk-ameba-v9.6b_20231123/component/media/mmfv2/module_fileloader.c:588:5:fileloader_handle	0	static
//home/hdj/ameba-mini/sdk-ameba-v9.6b_20231123/component/media/mmfv2/module_fileloader.c:202:13:tftp_recv_handler	16	static
//home/hdj/ameba-mini/sdk-ameba-v9.6b_20231123/component/media/mmfv2/module_fileloader.c:372:13:ftp_file_loader_deinit	8	static
//home/hdj/ameba-mini/sdk-ameba-v9.6b_20231123/component/media/mmfv2/module_fileloader.c:232:13:tftp_file_loader_deinit	8	static
//home/hdj/ameba-mini/sdk-ameba-v9.6b_20231123/component/media/mmfv2/module_fileloader.c:639:7:fileloader_del_item	8	static
//home/hdj/ameba-mini/sdk-ameba-v9.6b_20231123/component/media/mmfv2/module_fileloader.c:21:6:fileloader_handler	312	static
//home/hdj/ameba-mini/sdk-ameba-v9.6b_20231123/component/media/mmfv2/module_fileloader.c:426:12:ftp_file_load_file	48	static
//home/hdj/ameba-mini/sdk-ameba-v9.6b_20231123/component/media/mmfv2/module_fileloader.c:219:13:tftp_file_loader_init	8	static
//home/hdj/ameba-mini/sdk-ameba-v9.6b_20231123/component/media/mmfv2/module_fileloader.c:616:7:fileloader_create	16	static
//home/hdj/ameba-mini/sdk-ameba-v9.6b_20231123/component/media/mmfv2/module_fileloader.c:633:7:fileloader_new_item	8	static
//home/hdj/ameba-mini/sdk-ameba-v9.6b_20231123/component/media/mmfv2/module_fileloader.c:389:13:ftp_file_loader_init	24	static
//home/hdj/ameba-mini/sdk-ameba-v9.6b_20231123/component/media/mmfv2/module_fileloader.c:243:12:tftp_file_load_file	24	static
//home/hdj/ameba-mini/sdk-ameba-v9.6b_20231123/component/media/mmfv2/module_fileloader.c:593:7:fileloader_destroy	8	static
//home/hdj/ameba-mini/sdk-ameba-v9.6b_20231123/component/media/mmfv2/module_fileloader.c:175:12:SD_file_get_listname	8	static
//home/hdj/ameba-mini/sdk-ameba-v9.6b_20231123/component/media/mmfv2/module_fileloader.c:180:14:SD_file_list_init	280	static
//home/hdj/ameba-mini/sdk-ameba-v9.6b_20231123/component/media/mmfv2/module_fileloader.c:143:12:SD_file_load_file	288	static
//home/hdj/ameba-mini/sdk-ameba-v9.6b_20231123/component/media/mmfv2/module_fileloader.c:130:13:SD_file_loader_deinit	8	static
//home/hdj/ameba-mini/sdk-ameba-v9.6b_20231123/component/media/mmfv2/module_fileloader.c:118:13:SD_file_loader_init	8	static
//home/hdj/ameba-mini/sdk-ameba-v9.6b_20231123/component/media/mmfv2/module_fileloader.c:97:6:fileloader_task_enable	24	static
//home/hdj/ameba-mini/sdk-ameba-v9.6b_20231123/component/media/mmfv2/module_fileloader.c:492:5:fileloader_control	16	static
//home/hdj/ameba-mini/sdk-ameba-v9.6b_20231123/component/media/mmfv2/module_fileloader.c:283:7:sgets	12	static
//home/hdj/ameba-mini/sdk-ameba-v9.6b_20231123/component/media/mmfv2/module_fileloader.c:319:12:tftp_file_get_listname	16	static
//home/hdj/ameba-mini/sdk-ameba-v9.6b_20231123/component/media/mmfv2/module_fileloader.c:451:12:ftp_file_get_listname	0	static
//home/hdj/ameba-mini/sdk-ameba-v9.6b_20231123/component/media/mmfv2/module_fileloader.c:305:7:s_seekline	8	static
//home/hdj/ameba-mini/sdk-ameba-v9.6b_20231123/component/media/mmfv2/module_fileloader.c:462:14:ftp_file_list_init	32	static
//home/hdj/ameba-mini/sdk-ameba-v9.6b_20231123/component/media/mmfv2/module_fileloader.c:330:14:tftp_file_list_init	24	static
