/home/hdj/amb82-mini-RTL8735B/sdk-ameba-v9.6c-hard-spi/sdk-ameba-v9.6c/component/network/coap/sn_coap_builder.c:908:16:sn_coap_builder_options_get_option_part_count	16	static
/home/hdj/amb82-mini-RTL8735B/sdk-ameba-v9.6c-hard-spi/sdk-ameba-v9.6c/component/network/coap/sn_coap_builder.c:948:17:sn_coap_builder_options_get_option_part_length_from_whole_option_string	16	static
/home/hdj/amb82-mini-RTL8735B/sdk-ameba-v9.6c-hard-spi/sdk-ameba-v9.6c/component/network/coap/sn_coap_builder.c:827:17:sn_coap_builder_options_calc_option_size	40	static
/home/hdj/amb82-mini-RTL8735B/sdk-ameba-v9.6c-hard-spi/sdk-ameba-v9.6c/component/network/coap/sn_coap_builder.c:658:16:sn_coap_builder_options_build_add_one_option.part.0	24	static
/home/hdj/amb82-mini-RTL8735B/sdk-ameba-v9.6c-hard-spi/sdk-ameba-v9.6c/component/network/coap/sn_coap_builder.c:744:16:sn_coap_builder_options_build_add_uint_option	40	static
/home/hdj/amb82-mini-RTL8735B/sdk-ameba-v9.6c-hard-spi/sdk-ameba-v9.6c/component/network/coap/sn_coap_builder.c:785:16:sn_coap_builder_options_build_add_multiple_option.isra	48	static
/home/hdj/amb82-mini-RTL8735B/sdk-ameba-v9.6c-hard-spi/sdk-ameba-v9.6c/component/network/coap/sn_coap_builder.c:56:16:sn_coap_build_response	24	static
/home/hdj/amb82-mini-RTL8735B/sdk-ameba-v9.6c-hard-spi/sdk-ameba-v9.6c/component/network/coap/sn_coap_builder.c:153:10:sn_coap_builder_calc_needed_packet_data_size_2	40	static
/home/hdj/amb82-mini-RTL8735B/sdk-ameba-v9.6c-hard-spi/sdk-ameba-v9.6c/component/network/coap/sn_coap_builder.c:103:9:sn_coap_builder_2	40	static
/home/hdj/amb82-mini-RTL8735B/sdk-ameba-v9.6c-hard-spi/sdk-ameba-v9.6c/component/network/coap/sn_coap_builder.c:98:9:sn_coap_builder	8	static
/home/hdj/amb82-mini-RTL8735B/sdk-ameba-v9.6c-hard-spi/sdk-ameba-v9.6c/component/network/coap/sn_coap_builder.c:148:10:sn_coap_builder_calc_needed_packet_data_size	8	static
