/home/hdj/ameba-vl53l8/sdk-ameba-v9.6b/component/soc/8735b/fwlib/rtl8735b/include/hal_irq.h:80:22:hal_irq_enable	8	static
/home/hdj/ameba-vl53l8/sdk-ameba-v9.6b/component/soc/8735b/fwlib/rtl8735b/include/hal_irq.h:91:22:hal_irq_disable	8	static
/home/hdj/ameba-vl53l8/sdk-ameba-v9.6b/component/soc/8735b/fwlib/rtl8735b/include/hal_irq.h:181:22:hal_irq_clear_pending	8	static
/home/hdj/ameba-vl53l8/sdk-ameba-v9.6b/component/soc/8735b/fwlib/rtl8735b/source/ram/rtl8735b_ssi.c:1626:14:hal_rtl_ssi_enter_critical	8	static
/home/hdj/ameba-vl53l8/sdk-ameba-v9.6b/component/soc/8735b/fwlib/rtl8735b/source/ram/rtl8735b_ssi.c:1675:14:hal_rtl_ssi_exit_critical	8	static
/home/hdj/ameba-vl53l8/sdk-ameba-v9.6b/component/soc/8735b/fwlib/rtl8735b/source/ram/rtl8735b_ssi.c:1723:6:hal_rtl_ssi_tx_gdma_irq_handle	8	static
/home/hdj/ameba-vl53l8/sdk-ameba-v9.6b/component/soc/8735b/fwlib/rtl8735b/source/ram/rtl8735b_ssi.c:1749:6:hal_rtl_ssi_rx_gdma_irq_handle	8	static
/home/hdj/ameba-vl53l8/sdk-ameba-v9.6b/component/soc/8735b/fwlib/rtl8735b/source/ram/rtl8735b_ssi.c:125:14:hal_rtl_ssi_clock_ctl	8	static
/home/hdj/ameba-vl53l8/sdk-ameba-v9.6b/component/soc/8735b/fwlib/rtl8735b/source/ram/rtl8735b_ssi.c:165:14:hal_rtl_ssi_enable	16	static
/home/hdj/ameba-vl53l8/sdk-ameba-v9.6b/component/soc/8735b/fwlib/rtl8735b/source/ram/rtl8735b_ssi.c:189:14:hal_rtl_ssi_disable	16	static
/home/hdj/ameba-vl53l8/sdk-ameba-v9.6b/component/soc/8735b/fwlib/rtl8735b/source/ram/rtl8735b_ssi.c:480:6:hal_rtl_ssi_write_interrupt	24	static
/home/hdj/ameba-vl53l8/sdk-ameba-v9.6b/component/soc/8735b/fwlib/rtl8735b/source/ram/rtl8735b_ssi.c:324:6:hal_rtl_ssi_read_interrupt	24	static
/home/hdj/ameba-vl53l8/sdk-ameba-v9.6b/component/soc/8735b/fwlib/rtl8735b/source/ram/rtl8735b_ssi.c:729:14:hal_rtl_ssi_interrupt_enable	24	static
/home/hdj/ameba-vl53l8/sdk-ameba-v9.6b/component/soc/8735b/fwlib/rtl8735b/source/ram/rtl8735b_ssi.c:763:14:hal_rtl_ssi_interrupt_disable	24	static
/home/hdj/ameba-vl53l8/sdk-ameba-v9.6b/component/soc/8735b/fwlib/rtl8735b/source/ram/rtl8735b_ssi.c:291:14:hal_rtl_ssi_deinit_setting	16	static
/home/hdj/ameba-vl53l8/sdk-ameba-v9.6b/component/soc/8735b/fwlib/rtl8735b/source/ram/rtl8735b_ssi.c:913:14:hal_rtl_ssi_set_sclk	24	static
/home/hdj/ameba-vl53l8/sdk-ameba-v9.6b/component/soc/8735b/fwlib/rtl8735b/source/ram/rtl8735b_ssi.c:1013:14:hal_rtl_ssi_set_microwire	24	static
/home/hdj/ameba-vl53l8/sdk-ameba-v9.6b/component/soc/8735b/fwlib/rtl8735b/source/ram/rtl8735b_ssi.c:970:14:hal_rtl_ssi_set_format	32	static
/home/hdj/ameba-vl53l8/sdk-ameba-v9.6b/component/soc/8735b/fwlib/rtl8735b/source/ram/rtl8735b_ssi.c:1058:14:hal_rtl_ssi_set_sclk_polarity	24	static
/home/hdj/ameba-vl53l8/sdk-ameba-v9.6b/component/soc/8735b/fwlib/rtl8735b/source/ram/rtl8735b_ssi.c:1087:14:hal_rtl_ssi_set_sclk_phase	24	static
/home/hdj/ameba-vl53l8/sdk-ameba-v9.6b/component/soc/8735b/fwlib/rtl8735b/source/ram/rtl8735b_ssi.c:1116:14:hal_rtl_ssi_set_data_frame_number	16	static
/home/hdj/ameba-vl53l8/sdk-ameba-v9.6b/component/soc/8735b/fwlib/rtl8735b/source/ram/rtl8735b_ssi.c:1154:14:hal_rtl_ssi_set_interrupt_mask	24	static
/home/hdj/ameba-vl53l8/sdk-ameba-v9.6b/component/soc/8735b/fwlib/rtl8735b/source/ram/rtl8735b_ssi.c:1184:14:hal_rtl_ssi_set_device_role	32	static
/home/hdj/ameba-vl53l8/sdk-ameba-v9.6b/component/soc/8735b/fwlib/rtl8735b/source/ram/rtl8735b_ssi.c:1221:14:hal_rtl_ssi_set_txfifo_threshold	16	static
/home/hdj/ameba-vl53l8/sdk-ameba-v9.6b/component/soc/8735b/fwlib/rtl8735b/source/ram/rtl8735b_ssi.c:1248:14:hal_rtl_ssi_set_rxfifo_threshold	16	static
/home/hdj/ameba-vl53l8/sdk-ameba-v9.6b/component/soc/8735b/fwlib/rtl8735b/source/ram/rtl8735b_ssi.c:213:14:hal_rtl_ssi_init_setting	16	static
/home/hdj/ameba-vl53l8/sdk-ameba-v9.6b/component/soc/8735b/fwlib/rtl8735b/source/ram/rtl8735b_ssi.c:396:6:hal_rtl_ssi_read_unfix_size_interrupt	24	static
/home/hdj/ameba-vl53l8/sdk-ameba-v9.6b/component/soc/8735b/fwlib/rtl8735b/source/ram/rtl8735b_ssi.c:652:6:hal_rtl_ssi_irq_handle	32	static
/home/hdj/ameba-vl53l8/sdk-ameba-v9.6b/component/soc/8735b/fwlib/rtl8735b/source/ram/rtl8735b_ssi.c:580:6:SPI0_IRQHandler_ram	8	static
/home/hdj/ameba-vl53l8/sdk-ameba-v9.6b/component/soc/8735b/fwlib/rtl8735b/source/ram/rtl8735b_ssi.c:598:6:SPI1_IRQHandler_ram	8	static
/home/hdj/ameba-vl53l8/sdk-ameba-v9.6b/component/soc/8735b/fwlib/rtl8735b/source/ram/rtl8735b_ssi.c:616:6:SPI2_IRQHandler_ram	8	static
/home/hdj/ameba-vl53l8/sdk-ameba-v9.6b/component/soc/8735b/fwlib/rtl8735b/source/ram/rtl8735b_ssi.c:634:6:SPI3_IRQHandler_ram	8	static
/home/hdj/ameba-vl53l8/sdk-ameba-v9.6b/component/soc/8735b/fwlib/rtl8735b/source/ram/rtl8735b_ssi.c:796:14:hal_rtl_ssi_interrupt_init_read	40	static
/home/hdj/ameba-vl53l8/sdk-ameba-v9.6b/component/soc/8735b/fwlib/rtl8735b/source/ram/rtl8735b_ssi.c:1305:5:hal_rtl_ssi_get_rxfifo_level	16	static
/home/hdj/ameba-vl53l8/sdk-ameba-v9.6b/component/soc/8735b/fwlib/rtl8735b/source/ram/rtl8735b_ssi.c:1568:14:hal_rtl_ssi_stop_recv	24	static
/home/hdj/ameba-vl53l8/sdk-ameba-v9.6b/component/soc/8735b/fwlib/rtl8735b/source/ram/rtl8735b_ssi.c:1327:5:hal_rtl_ssi_get_txfifo_level	16	static
/home/hdj/ameba-vl53l8/sdk-ameba-v9.6b/component/soc/8735b/fwlib/rtl8735b/source/ram/rtl8735b_ssi.c:1349:5:hal_rtl_ssi_get_status	16	static
/home/hdj/ameba-vl53l8/sdk-ameba-v9.6b/component/soc/8735b/fwlib/rtl8735b/source/ram/rtl8735b_ssi.c:1371:5:hal_rtl_ssi_get_busy	16	static
/home/hdj/ameba-vl53l8/sdk-ameba-v9.6b/component/soc/8735b/fwlib/rtl8735b/source/ram/rtl8735b_ssi.c:1275:14:hal_rtl_ssi_set_slave_enable	24	static
/home/hdj/ameba-vl53l8/sdk-ameba-v9.6b/component/soc/8735b/fwlib/rtl8735b/source/ram/rtl8735b_ssi.c:1393:5:hal_rtl_ssi_get_interrupt_mask	16	static
/home/hdj/ameba-vl53l8/sdk-ameba-v9.6b/component/soc/8735b/fwlib/rtl8735b/source/ram/rtl8735b_ssi.c:1415:5:hal_rtl_ssi_get_interrupt_status	16	static
/home/hdj/ameba-vl53l8/sdk-ameba-v9.6b/component/soc/8735b/fwlib/rtl8735b/source/ram/rtl8735b_ssi.c:1438:5:hal_rtl_ssi_get_raw_interrupt_status	16	static
/home/hdj/ameba-vl53l8/sdk-ameba-v9.6b/component/soc/8735b/fwlib/rtl8735b/source/ram/rtl8735b_ssi.c:1460:5:hal_rtl_ssi_get_slave_enable_register	16	static
/home/hdj/ameba-vl53l8/sdk-ameba-v9.6b/component/soc/8735b/fwlib/rtl8735b/source/ram/rtl8735b_ssi.c:1484:5:hal_rtl_ssi_writable	16	static
/home/hdj/ameba-vl53l8/sdk-ameba-v9.6b/component/soc/8735b/fwlib/rtl8735b/source/ram/rtl8735b_ssi.c:1505:5:hal_rtl_ssi_readable	16	static
/home/hdj/ameba-vl53l8/sdk-ameba-v9.6b/component/soc/8735b/fwlib/rtl8735b/source/ram/rtl8735b_ssi.c:1526:14:hal_rtl_ssi_write	24	static
/home/hdj/ameba-vl53l8/sdk-ameba-v9.6b/component/soc/8735b/fwlib/rtl8735b/source/ram/rtl8735b_ssi.c:1547:5:hal_rtl_ssi_read	16	static
/home/hdj/ameba-vl53l8/sdk-ameba-v9.6b/component/soc/8735b/fwlib/rtl8735b/source/ram/rtl8735b_ssi.c:1843:14:hal_rtl_ssi_rx_gdma_init_setting	24	static
/home/hdj/ameba-vl53l8/sdk-ameba-v9.6b/component/soc/8735b/fwlib/rtl8735b/source/ram/rtl8735b_ssi.c:1915:14:hal_rtl_ssi_dma_send_init	40	static
/home/hdj/ameba-vl53l8/sdk-ameba-v9.6b/component/soc/8735b/fwlib/rtl8735b/source/ram/rtl8735b_ssi.c:1994:14:hal_rtl_ssi_dma_recv_init	24	static
/home/hdj/ameba-vl53l8/sdk-ameba-v9.6b/component/soc/8735b/fwlib/rtl8735b/source/ram/rtl8735b_ssi.c:1774:14:hal_rtl_ssi_tx_gdma_init_setting	24	static
/home/hdj/ameba-vl53l8/sdk-ameba-v9.6b/component/soc/8735b/fwlib/rtl8735b/source/ram/rtl8735b_ssi.c:857:14:hal_rtl_ssi_interrupt_init_write	32	static
