//home/hdj/ameba-mini/sdk-ameba-v9.6b_20231123/component/lwip/lwip_v2.1.2/src/api/tcpip.c:637:1:pbuf_free_int	8	static
//home/hdj/ameba-mini/sdk-ameba-v9.6b_20231123/component/lwip/lwip_v2.1.2/src/api/tcpip.c:127:1:tcpip_thread	16	static
//home/hdj/ameba-mini/sdk-ameba-v9.6b_20231123/component/lwip/lwip_v2.1.2/src/api/tcpip.c:240:1:tcpip_inpkt	24	static
//home/hdj/ameba-mini/sdk-ameba-v9.6b_20231123/component/lwip/lwip_v2.1.2/src/api/tcpip.c:283:1:tcpip_input	8	static
//home/hdj/ameba-mini/sdk-ameba-v9.6b_20231123/component/lwip/lwip_v2.1.2/src/api/tcpip.c:309:1:tcpip_callback	16	static
//home/hdj/ameba-mini/sdk-ameba-v9.6b_20231123/component/lwip/lwip_v2.1.2/src/api/tcpip.c:345:1:tcpip_try_callback	16	static
//home/hdj/ameba-mini/sdk-ameba-v9.6b_20231123/component/lwip/lwip_v2.1.2/src/api/tcpip.c:377:1:tcpip_timeout	16	static
//home/hdj/ameba-mini/sdk-ameba-v9.6b_20231123/component/lwip/lwip_v2.1.2/src/api/tcpip.c:404:1:tcpip_untimeout	16	static
//home/hdj/ameba-mini/sdk-ameba-v9.6b_20231123/component/lwip/lwip_v2.1.2/src/api/tcpip.c:437:1:tcpip_send_msg_wait_sem	40	static
//home/hdj/ameba-mini/sdk-ameba-v9.6b_20231123/component/lwip/lwip_v2.1.2/src/api/tcpip.c:477:1:tcpip_api_call	40	static
//home/hdj/ameba-mini/sdk-ameba-v9.6b_20231123/component/lwip/lwip_v2.1.2/src/api/tcpip.c:535:1:tcpip_callbackmsg_new	16	static
//home/hdj/ameba-mini/sdk-ameba-v9.6b_20231123/component/lwip/lwip_v2.1.2/src/api/tcpip.c:556:1:tcpip_callbackmsg_delete	8	static
//home/hdj/ameba-mini/sdk-ameba-v9.6b_20231123/component/lwip/lwip_v2.1.2/src/api/tcpip.c:571:1:tcpip_callbackmsg_trycallback	16	static
//home/hdj/ameba-mini/sdk-ameba-v9.6b_20231123/component/lwip/lwip_v2.1.2/src/api/tcpip.c:590:1:tcpip_callbackmsg_trycallback_fromisr	16	static
//home/hdj/ameba-mini/sdk-ameba-v9.6b_20231123/component/lwip/lwip_v2.1.2/src/api/tcpip.c:607:1:tcpip_init	24	static
//home/hdj/ameba-mini/sdk-ameba-v9.6b_20231123/component/lwip/lwip_v2.1.2/src/api/tcpip.c:650:1:pbuf_free_callback	8	static
//home/hdj/ameba-mini/sdk-ameba-v9.6b_20231123/component/lwip/lwip_v2.1.2/src/api/tcpip.c:663:1:mem_free_callback	8	static
