/home/hdj/amb82-mini-RTL8735B/sdk-ameba-v9.6c/sdk-ameba-v9.6c/component/soc/8735b/fwlib/rtl8735b/source/ram_s/hal_flash_sec.c:177:11:check_addr_region	0	static
/home/hdj/amb82-mini-RTL8735B/sdk-ameba-v9.6c/sdk-ameba-v9.6c/component/soc/8735b/fwlib/rtl8735b/source/ram_s/hal_flash_sec.c:81:14:hal_flash_sec_init	0	static
/home/hdj/amb82-mini-RTL8735B/sdk-ameba-v9.6c/sdk-ameba-v9.6c/component/soc/8735b/fwlib/rtl8735b/source/ram_s/hal_flash_sec.c:90:6:hal_flash_sec_get_status	8	static
/home/hdj/amb82-mini-RTL8735B/sdk-ameba-v9.6c/sdk-ameba-v9.6c/component/soc/8735b/fwlib/rtl8735b/source/ram_s/hal_flash_sec.c:52:21:check_rom_error	8	static
/home/hdj/amb82-mini-RTL8735B/sdk-ameba-v9.6c/sdk-ameba-v9.6c/component/soc/8735b/fwlib/rtl8735b/source/ram_s/hal_flash_sec.c:95:6:hal_flash_sec_get_cid	8	static
/home/hdj/amb82-mini-RTL8735B/sdk-ameba-v9.6c/sdk-ameba-v9.6c/component/soc/8735b/fwlib/rtl8735b/source/ram_s/hal_flash_sec.c:100:5:hal_flash_sec_get_err_addr	8	static
/home/hdj/amb82-mini-RTL8735B/sdk-ameba-v9.6c/sdk-ameba-v9.6c/component/soc/8735b/fwlib/rtl8735b/source/ram_s/hal_flash_sec.c:105:14:hal_flash_sec_aes_enable	8	static
/home/hdj/amb82-mini-RTL8735B/sdk-ameba-v9.6c/sdk-ameba-v9.6c/component/soc/8735b/fwlib/rtl8735b/source/ram_s/hal_flash_sec.c:122:6:hal_flash_sec_aes_disable	8	static
/home/hdj/amb82-mini-RTL8735B/sdk-ameba-v9.6c/sdk-ameba-v9.6c/component/soc/8735b/fwlib/rtl8735b/source/ram_s/hal_flash_sec.c:127:6:hal_flash_sec_clr_intr	8	static
/home/hdj/amb82-mini-RTL8735B/sdk-ameba-v9.6c/sdk-ameba-v9.6c/component/soc/8735b/fwlib/rtl8735b/source/ram_s/hal_flash_sec.c:132:14:hal_flash_sec_set_ctrl	8	static
/home/hdj/amb82-mini-RTL8735B/sdk-ameba-v9.6c/sdk-ameba-v9.6c/component/soc/8735b/fwlib/rtl8735b/source/ram_s/hal_flash_sec.c:144:6:hal_flash_sec_gcm_key_init	8	static
/home/hdj/amb82-mini-RTL8735B/sdk-ameba-v9.6c/sdk-ameba-v9.6c/component/soc/8735b/fwlib/rtl8735b/source/ram_s/hal_flash_sec.c:151:6:hal_flash_sec_dec_key_init	8	static
/home/hdj/amb82-mini-RTL8735B/sdk-ameba-v9.6c/sdk-ameba-v9.6c/component/soc/8735b/fwlib/rtl8735b/source/ram_s/hal_flash_sec.c:158:6:hal_flash_sec_clean_cache	8	static
/home/hdj/amb82-mini-RTL8735B/sdk-ameba-v9.6c/sdk-ameba-v9.6c/component/soc/8735b/fwlib/rtl8735b/source/ram_s/hal_flash_sec.c:163:6:hal_flash_sec_set_tag_base	8	static
/home/hdj/amb82-mini-RTL8735B/sdk-ameba-v9.6c/sdk-ameba-v9.6c/component/soc/8735b/fwlib/rtl8735b/source/ram_s/hal_flash_sec.c:193:14:hal_flash_sec_enable_rmp_region	16	static
/home/hdj/amb82-mini-RTL8735B/sdk-ameba-v9.6c/sdk-ameba-v9.6c/component/soc/8735b/fwlib/rtl8735b/source/ram_s/hal_flash_sec.c:209:10:hal_flash_sec_set_word_from_byte_bigen	16	static
/home/hdj/amb82-mini-RTL8735B/sdk-ameba-v9.6c/sdk-ameba-v9.6c/component/soc/8735b/fwlib/rtl8735b/source/ram_s/hal_flash_sec.c:223:14:hal_flash_sec_calculate_tag_base	16	static
/home/hdj/amb82-mini-RTL8735B/sdk-ameba-v9.6c/sdk-ameba-v9.6c/component/soc/8735b/fwlib/rtl8735b/source/ram_s/hal_flash_sec.c:248:14:hal_flash_sec_default_calculate_tag_base	24	static
/home/hdj/amb82-mini-RTL8735B/sdk-ameba-v9.6c/sdk-ameba-v9.6c/component/soc/8735b/fwlib/rtl8735b/source/ram_s/hal_flash_sec.c:263:14:hal_flash_sec_decrypt_init	8	static
/home/hdj/amb82-mini-RTL8735B/sdk-ameba-v9.6c/sdk-ameba-v9.6c/component/soc/8735b/fwlib/rtl8735b/source/ram_s/hal_flash_sec.c:291:14:hal_flash_sec_default_decrypt_init	16	static
/home/hdj/amb82-mini-RTL8735B/sdk-ameba-v9.6c/sdk-ameba-v9.6c/component/soc/8735b/fwlib/rtl8735b/source/ram_s/hal_flash_sec.c:304:14:hal_flash_sec_decrypt_region_init	8	static
/home/hdj/amb82-mini-RTL8735B/sdk-ameba-v9.6c/sdk-ameba-v9.6c/component/soc/8735b/fwlib/rtl8735b/source/ram_s/hal_flash_sec.c:324:14:hal_flash_sec_decrypt_region_enable	16	static
/home/hdj/amb82-mini-RTL8735B/sdk-ameba-v9.6c/sdk-ameba-v9.6c/component/soc/8735b/fwlib/rtl8735b/source/ram_s/hal_flash_sec.c:367:14:hal_flash_sec_remap_region	16	static
/home/hdj/amb82-mini-RTL8735B/sdk-ameba-v9.6c/sdk-ameba-v9.6c/component/soc/8735b/fwlib/rtl8735b/source/ram_s/hal_flash_sec.c:420:14:hal_flash_sec_set_iv	8	static
/home/hdj/amb82-mini-RTL8735B/sdk-ameba-v9.6c/sdk-ameba-v9.6c/component/soc/8735b/fwlib/rtl8735b/source/ram_s/hal_flash_sec.c:432:14:hal_flash_sec_decrypt_region	16	static
/home/hdj/amb82-mini-RTL8735B/sdk-ameba-v9.6c/sdk-ameba-v9.6c/component/soc/8735b/fwlib/rtl8735b/source/ram_s/hal_flash_sec.c:472:14:hal_flash_sec_enable_remap_region	8	static
/home/hdj/amb82-mini-RTL8735B/sdk-ameba-v9.6c/sdk-ameba-v9.6c/component/soc/8735b/fwlib/rtl8735b/source/ram_s/hal_flash_sec.c:478:14:hal_flash_sec_disable_remap_region	8	static
/home/hdj/amb82-mini-RTL8735B/sdk-ameba-v9.6c/sdk-ameba-v9.6c/component/soc/8735b/fwlib/rtl8735b/source/ram_s/hal_flash_sec.c:483:14:hal_flash_sec_enable_decrypt_region	8	static
/home/hdj/amb82-mini-RTL8735B/sdk-ameba-v9.6c/sdk-ameba-v9.6c/component/soc/8735b/fwlib/rtl8735b/source/ram_s/hal_flash_sec.c:489:14:hal_flash_sec_disable_decrypt_region	8	static
/home/hdj/amb82-mini-RTL8735B/sdk-ameba-v9.6c/sdk-ameba-v9.6c/component/soc/8735b/fwlib/rtl8735b/source/ram_s/hal_flash_sec.c:494:14:hal_flash_sec_disable_dec_region	8	static
/home/hdj/amb82-mini-RTL8735B/sdk-ameba-v9.6c/sdk-ameba-v9.6c/component/soc/8735b/fwlib/rtl8735b/source/ram_s/hal_flash_sec.c:503:14:hal_flash_sec_disable_rmp_region	8	static
/home/hdj/amb82-mini-RTL8735B/sdk-ameba-v9.6c/sdk-ameba-v9.6c/component/soc/8735b/fwlib/rtl8735b/source/ram_s/hal_flash_sec.c:513:14:hal_flash_sec_get_remap_region	8	static
/home/hdj/amb82-mini-RTL8735B/sdk-ameba-v9.6c/sdk-ameba-v9.6c/component/soc/8735b/fwlib/rtl8735b/source/ram_s/hal_flash_sec.c:518:14:hal_flash_sec_get_decrypt_region	8	static
/home/hdj/amb82-mini-RTL8735B/sdk-ameba-v9.6c/sdk-ameba-v9.6c/component/soc/8735b/fwlib/rtl8735b/source/ram_s/hal_flash_sec.c:523:14:hal_flash_sec_get_iv	8	static
/home/hdj/amb82-mini-RTL8735B/sdk-ameba-v9.6c/sdk-ameba-v9.6c/component/soc/8735b/fwlib/rtl8735b/source/ram_s/hal_flash_sec.c:528:6:hal_flash_sec_get_tag_base	8	static
/home/hdj/amb82-mini-RTL8735B/sdk-ameba-v9.6c/sdk-ameba-v9.6c/component/soc/8735b/fwlib/rtl8735b/source/ram_s/hal_flash_sec.c:533:6:hal_flash_sec_lock	8	static
