/home/hdj/ameba-vl53l8/sdk-ameba-v9.6b/component/ssl/ssl_func_stubs/ssl_func_stubs.c:23:6:init_rom_ssl_ram_map	8	static
/home/hdj/ameba-vl53l8/sdk-ameba-v9.6b/component/ssl/ssl_func_stubs/ssl_func_stubs.c:33:6:init_rom_ssl_hw_crypto_aes_ecb	8	static
/home/hdj/ameba-vl53l8/sdk-ameba-v9.6b/component/ssl/ssl_func_stubs/ssl_func_stubs.c:42:6:init_rom_ssl_hw_crypto_aes_cbc	8	static
/home/hdj/ameba-vl53l8/sdk-ameba-v9.6b/component/ssl/ssl_func_stubs/ssl_func_stubs.c:51:6:init_rom_ssl_hw_crypto_des_cbc	8	static
/home/hdj/ameba-vl53l8/sdk-ameba-v9.6b/component/ssl/ssl_func_stubs/ssl_func_stubs.c:60:6:init_rom_ssl_hw_crypto_3des_cbc	8	static
/home/hdj/ameba-vl53l8/sdk-ameba-v9.6b/component/ssl/ssl_func_stubs/ssl_func_stubs.c:72:5:platform_set_malloc_free	8	static
/home/hdj/ameba-vl53l8/sdk-ameba-v9.6b/component/ssl/ssl_func_stubs/ssl_func_stubs.c:4:13:init_mbedtls_platform	8	static
/home/hdj/ameba-vl53l8/sdk-ameba-v9.6b/component/ssl/ssl_func_stubs/ssl_func_stubs.c:96:6:mbedtls_mpi_init	8	static
/home/hdj/ameba-vl53l8/sdk-ameba-v9.6b/component/ssl/ssl_func_stubs/ssl_func_stubs.c:101:6:mbedtls_mpi_free	8	static
/home/hdj/ameba-vl53l8/sdk-ameba-v9.6b/component/ssl/ssl_func_stubs/ssl_func_stubs.c:106:5:mbedtls_mpi_grow	8	static
/home/hdj/ameba-vl53l8/sdk-ameba-v9.6b/component/ssl/ssl_func_stubs/ssl_func_stubs.c:111:5:mbedtls_mpi_shrink	8	static
/home/hdj/ameba-vl53l8/sdk-ameba-v9.6b/component/ssl/ssl_func_stubs/ssl_func_stubs.c:116:5:mbedtls_mpi_copy	8	static
/home/hdj/ameba-vl53l8/sdk-ameba-v9.6b/component/ssl/ssl_func_stubs/ssl_func_stubs.c:121:6:mbedtls_mpi_swap	8	static
/home/hdj/ameba-vl53l8/sdk-ameba-v9.6b/component/ssl/ssl_func_stubs/ssl_func_stubs.c:126:5:mbedtls_mpi_safe_cond_assign	8	static
/home/hdj/ameba-vl53l8/sdk-ameba-v9.6b/component/ssl/ssl_func_stubs/ssl_func_stubs.c:131:5:mbedtls_mpi_safe_cond_swap	8	static
/home/hdj/ameba-vl53l8/sdk-ameba-v9.6b/component/ssl/ssl_func_stubs/ssl_func_stubs.c:136:5:mbedtls_mpi_lset	8	static
/home/hdj/ameba-vl53l8/sdk-ameba-v9.6b/component/ssl/ssl_func_stubs/ssl_func_stubs.c:141:5:mbedtls_mpi_get_bit	8	static
/home/hdj/ameba-vl53l8/sdk-ameba-v9.6b/component/ssl/ssl_func_stubs/ssl_func_stubs.c:146:5:mbedtls_mpi_set_bit	8	static
/home/hdj/ameba-vl53l8/sdk-ameba-v9.6b/component/ssl/ssl_func_stubs/ssl_func_stubs.c:151:8:mbedtls_mpi_lsb	8	static
/home/hdj/ameba-vl53l8/sdk-ameba-v9.6b/component/ssl/ssl_func_stubs/ssl_func_stubs.c:156:8:mbedtls_mpi_bitlen	8	static
/home/hdj/ameba-vl53l8/sdk-ameba-v9.6b/component/ssl/ssl_func_stubs/ssl_func_stubs.c:161:8:mbedtls_mpi_size	8	static
/home/hdj/ameba-vl53l8/sdk-ameba-v9.6b/component/ssl/ssl_func_stubs/ssl_func_stubs.c:166:5:mbedtls_mpi_read_binary	8	static
/home/hdj/ameba-vl53l8/sdk-ameba-v9.6b/component/ssl/ssl_func_stubs/ssl_func_stubs.c:171:5:mbedtls_mpi_write_binary	8	static
/home/hdj/ameba-vl53l8/sdk-ameba-v9.6b/component/ssl/ssl_func_stubs/ssl_func_stubs.c:176:5:mbedtls_mpi_shift_l	8	static
/home/hdj/ameba-vl53l8/sdk-ameba-v9.6b/component/ssl/ssl_func_stubs/ssl_func_stubs.c:181:5:mbedtls_mpi_shift_r	8	static
/home/hdj/ameba-vl53l8/sdk-ameba-v9.6b/component/ssl/ssl_func_stubs/ssl_func_stubs.c:186:5:mbedtls_mpi_cmp_abs	8	static
/home/hdj/ameba-vl53l8/sdk-ameba-v9.6b/component/ssl/ssl_func_stubs/ssl_func_stubs.c:191:5:mbedtls_mpi_cmp_mpi	8	static
/home/hdj/ameba-vl53l8/sdk-ameba-v9.6b/component/ssl/ssl_func_stubs/ssl_func_stubs.c:196:5:mbedtls_mpi_cmp_int	8	static
/home/hdj/ameba-vl53l8/sdk-ameba-v9.6b/component/ssl/ssl_func_stubs/ssl_func_stubs.c:201:5:mbedtls_mpi_add_abs	8	static
/home/hdj/ameba-vl53l8/sdk-ameba-v9.6b/component/ssl/ssl_func_stubs/ssl_func_stubs.c:206:5:mbedtls_mpi_sub_abs	8	static
/home/hdj/ameba-vl53l8/sdk-ameba-v9.6b/component/ssl/ssl_func_stubs/ssl_func_stubs.c:211:5:mbedtls_mpi_add_mpi	8	static
/home/hdj/ameba-vl53l8/sdk-ameba-v9.6b/component/ssl/ssl_func_stubs/ssl_func_stubs.c:216:5:mbedtls_mpi_sub_mpi	8	static
/home/hdj/ameba-vl53l8/sdk-ameba-v9.6b/component/ssl/ssl_func_stubs/ssl_func_stubs.c:221:5:mbedtls_mpi_add_int	8	static
/home/hdj/ameba-vl53l8/sdk-ameba-v9.6b/component/ssl/ssl_func_stubs/ssl_func_stubs.c:226:5:mbedtls_mpi_sub_int	8	static
/home/hdj/ameba-vl53l8/sdk-ameba-v9.6b/component/ssl/ssl_func_stubs/ssl_func_stubs.c:231:5:mbedtls_mpi_mul_mpi	8	static
/home/hdj/ameba-vl53l8/sdk-ameba-v9.6b/component/ssl/ssl_func_stubs/ssl_func_stubs.c:236:5:mbedtls_mpi_read_string	8	static
/home/hdj/ameba-vl53l8/sdk-ameba-v9.6b/component/ssl/ssl_func_stubs/ssl_func_stubs.c:241:5:mbedtls_mpi_mul_int	8	static
/home/hdj/ameba-vl53l8/sdk-ameba-v9.6b/component/ssl/ssl_func_stubs/ssl_func_stubs.c:246:5:mbedtls_mpi_div_mpi	8	static
/home/hdj/ameba-vl53l8/sdk-ameba-v9.6b/component/ssl/ssl_func_stubs/ssl_func_stubs.c:251:5:mbedtls_mpi_div_int	8	static
/home/hdj/ameba-vl53l8/sdk-ameba-v9.6b/component/ssl/ssl_func_stubs/ssl_func_stubs.c:256:5:mbedtls_mpi_mod_mpi	8	static
/home/hdj/ameba-vl53l8/sdk-ameba-v9.6b/component/ssl/ssl_func_stubs/ssl_func_stubs.c:261:5:mbedtls_mpi_mod_int	8	static
/home/hdj/ameba-vl53l8/sdk-ameba-v9.6b/component/ssl/ssl_func_stubs/ssl_func_stubs.c:266:5:mbedtls_mpi_write_string	16	static
/home/hdj/ameba-vl53l8/sdk-ameba-v9.6b/component/ssl/ssl_func_stubs/ssl_func_stubs.c:271:5:mbedtls_mpi_exp_mod	16	static
/home/hdj/ameba-vl53l8/sdk-ameba-v9.6b/component/ssl/ssl_func_stubs/ssl_func_stubs.c:276:5:mbedtls_mpi_gcd	8	static
/home/hdj/ameba-vl53l8/sdk-ameba-v9.6b/component/ssl/ssl_func_stubs/ssl_func_stubs.c:281:5:mbedtls_mpi_fill_random	8	static
/home/hdj/ameba-vl53l8/sdk-ameba-v9.6b/component/ssl/ssl_func_stubs/ssl_func_stubs.c:286:5:mbedtls_mpi_inv_mod	8	static
/home/hdj/ameba-vl53l8/sdk-ameba-v9.6b/component/ssl/ssl_func_stubs/ssl_func_stubs.c:291:5:mbedtls_mpi_is_prime	8	static
/home/hdj/ameba-vl53l8/sdk-ameba-v9.6b/component/ssl/ssl_func_stubs/ssl_func_stubs.c:296:5:mbedtls_mpi_gen_prime	16	static
