/home/hdj/amb82-mini-RTL8735B/sdk-ameba-v9.6c/sdk-ameba-v9.6c/component/os/freertos/freertos_v202012.00/Source/queue.c:2350:19:prvIsQueueEmpty	8	static
/home/hdj/amb82-mini-RTL8735B/sdk-ameba-v9.6c/sdk-ameba-v9.6c/component/os/freertos/freertos_v202012.00/Source/queue.c:2126:19:prvCopyDataToQueue	24	static
/home/hdj/amb82-mini-RTL8735B/sdk-ameba-v9.6c/sdk-ameba-v9.6c/component/os/freertos/freertos_v202012.00/Source/queue.c:2963:23:prvNotifyQueueSetContainer	24	static
/home/hdj/amb82-mini-RTL8735B/sdk-ameba-v9.6c/sdk-ameba-v9.6c/component/os/freertos/freertos_v202012.00/Source/queue.c:2209:13:prvCopyDataFromQueue	8	static
/home/hdj/amb82-mini-RTL8735B/sdk-ameba-v9.6c/sdk-ameba-v9.6c/component/os/freertos/freertos_v202012.00/Source/queue.c:2230:13:prvUnlockQueue	16	static
/home/hdj/amb82-mini-RTL8735B/sdk-ameba-v9.6c/sdk-ameba-v9.6c/component/os/freertos/freertos_v202012.00/Source/queue.c:264:12:xQueueGenericReset	16	static
/home/hdj/amb82-mini-RTL8735B/sdk-ameba-v9.6c/sdk-ameba-v9.6c/component/os/freertos/freertos_v202012.00/Source/queue.c:320:19:xQueueGenericCreateStatic	32	static
/home/hdj/amb82-mini-RTL8735B/sdk-ameba-v9.6c/sdk-ameba-v9.6c/component/os/freertos/freertos_v202012.00/Source/queue.c:382:19:xQueueGenericCreate	24	static
/home/hdj/amb82-mini-RTL8735B/sdk-ameba-v9.6c/sdk-ameba-v9.6c/component/os/freertos/freertos_v202012.00/Source/queue.c:559:18:xQueueGetMutexHolder	8	static
/home/hdj/amb82-mini-RTL8735B/sdk-ameba-v9.6c/sdk-ameba-v9.6c/component/os/freertos/freertos_v202012.00/Source/queue.c:590:18:xQueueGetMutexHolderFromISR	8	static
/home/hdj/amb82-mini-RTL8735B/sdk-ameba-v9.6c/sdk-ameba-v9.6c/component/os/freertos/freertos_v202012.00/Source/queue.c:714:19:xQueueCreateCountingSemaphoreStatic	24	static
/home/hdj/amb82-mini-RTL8735B/sdk-ameba-v9.6c/sdk-ameba-v9.6c/component/os/freertos/freertos_v202012.00/Source/queue.c:744:19:xQueueCreateCountingSemaphore	16	static
/home/hdj/amb82-mini-RTL8735B/sdk-ameba-v9.6c/sdk-ameba-v9.6c/component/os/freertos/freertos_v202012.00/Source/queue.c:771:12:xQueueGenericSend	48	static
/home/hdj/amb82-mini-RTL8735B/sdk-ameba-v9.6c/sdk-ameba-v9.6c/component/os/freertos/freertos_v202012.00/Source/queue.c:538:19:xQueueCreateMutexStatic	16	static
/home/hdj/amb82-mini-RTL8735B/sdk-ameba-v9.6c/sdk-ameba-v9.6c/component/os/freertos/freertos_v202012.00/Source/queue.c:616:16:xQueueGiveMutexRecursive	16	static
/home/hdj/amb82-mini-RTL8735B/sdk-ameba-v9.6c/sdk-ameba-v9.6c/component/os/freertos/freertos_v202012.00/Source/queue.c:522:19:xQueueCreateMutex	8	static
/home/hdj/amb82-mini-RTL8735B/sdk-ameba-v9.6c/sdk-ameba-v9.6c/component/os/freertos/freertos_v202012.00/Source/queue.c:983:12:xQueueGenericSendFromISR	32	static
/home/hdj/amb82-mini-RTL8735B/sdk-ameba-v9.6c/sdk-ameba-v9.6c/component/os/freertos/freertos_v202012.00/Source/queue.c:1150:12:xQueueGiveFromISR	24	static
/home/hdj/amb82-mini-RTL8735B/sdk-ameba-v9.6c/sdk-ameba-v9.6c/component/os/freertos/freertos_v202012.00/Source/queue.c:1318:12:xQueueReceive	40	static
/home/hdj/amb82-mini-RTL8735B/sdk-ameba-v9.6c/sdk-ameba-v9.6c/component/os/freertos/freertos_v202012.00/Source/queue.c:1461:12:xQueueSemaphoreTake	40	static
/home/hdj/amb82-mini-RTL8735B/sdk-ameba-v9.6c/sdk-ameba-v9.6c/component/os/freertos/freertos_v202012.00/Source/queue.c:671:16:xQueueTakeMutexRecursive	16	static
/home/hdj/amb82-mini-RTL8735B/sdk-ameba-v9.6c/sdk-ameba-v9.6c/component/os/freertos/freertos_v202012.00/Source/queue.c:1680:12:xQueuePeek	40	static
/home/hdj/amb82-mini-RTL8735B/sdk-ameba-v9.6c/sdk-ameba-v9.6c/component/os/freertos/freertos_v202012.00/Source/queue.c:1831:12:xQueueReceiveFromISR	32	static
/home/hdj/amb82-mini-RTL8735B/sdk-ameba-v9.6c/sdk-ameba-v9.6c/component/os/freertos/freertos_v202012.00/Source/queue.c:1926:12:xQueuePeekFromISR	24	static
/home/hdj/amb82-mini-RTL8735B/sdk-ameba-v9.6c/sdk-ameba-v9.6c/component/os/freertos/freertos_v202012.00/Source/queue.c:1981:13:uxQueueMessagesWaiting	16	static
/home/hdj/amb82-mini-RTL8735B/sdk-ameba-v9.6c/sdk-ameba-v9.6c/component/os/freertos/freertos_v202012.00/Source/queue.c:1997:13:uxQueueSpacesAvailable	16	static
/home/hdj/amb82-mini-RTL8735B/sdk-ameba-v9.6c/sdk-ameba-v9.6c/component/os/freertos/freertos_v202012.00/Source/queue.c:2014:13:uxQueueMessagesWaitingFromISR	8	static
/home/hdj/amb82-mini-RTL8735B/sdk-ameba-v9.6c/sdk-ameba-v9.6c/component/os/freertos/freertos_v202012.00/Source/queue.c:2070:17:uxQueueGetQueueNumber	0	static
/home/hdj/amb82-mini-RTL8735B/sdk-ameba-v9.6c/sdk-ameba-v9.6c/component/os/freertos/freertos_v202012.00/Source/queue.c:2080:10:vQueueSetQueueNumber	0	static
/home/hdj/amb82-mini-RTL8735B/sdk-ameba-v9.6c/sdk-ameba-v9.6c/component/os/freertos/freertos_v202012.00/Source/queue.c:2091:13:ucQueueGetQueueType	0	static
/home/hdj/amb82-mini-RTL8735B/sdk-ameba-v9.6c/sdk-ameba-v9.6c/component/os/freertos/freertos_v202012.00/Source/queue.c:2371:12:xQueueIsQueueEmptyFromISR	8	static
/home/hdj/amb82-mini-RTL8735B/sdk-ameba-v9.6c/sdk-ameba-v9.6c/component/os/freertos/freertos_v202012.00/Source/queue.c:2412:12:xQueueIsQueueFullFromISR	8	static
/home/hdj/amb82-mini-RTL8735B/sdk-ameba-v9.6c/sdk-ameba-v9.6c/component/os/freertos/freertos_v202012.00/Source/queue.c:2721:10:vQueueAddToRegistry	8	static
/home/hdj/amb82-mini-RTL8735B/sdk-ameba-v9.6c/sdk-ameba-v9.6c/component/os/freertos/freertos_v202012.00/Source/queue.c:2751:18:pcQueueGetName	0	static
/home/hdj/amb82-mini-RTL8735B/sdk-ameba-v9.6c/sdk-ameba-v9.6c/component/os/freertos/freertos_v202012.00/Source/queue.c:2780:10:vQueueUnregisterQueue	8	static
/home/hdj/amb82-mini-RTL8735B/sdk-ameba-v9.6c/sdk-ameba-v9.6c/component/os/freertos/freertos_v202012.00/Source/queue.c:2026:6:vQueueDelete	8	static
/home/hdj/amb82-mini-RTL8735B/sdk-ameba-v9.6c/sdk-ameba-v9.6c/component/os/freertos/freertos_v202012.00/Source/queue.c:2811:10:vQueueWaitForMessageRestricted	16	static
/home/hdj/amb82-mini-RTL8735B/sdk-ameba-v9.6c/sdk-ameba-v9.6c/component/os/freertos/freertos_v202012.00/Source/queue.c:2851:22:xQueueCreateSet	8	static
/home/hdj/amb82-mini-RTL8735B/sdk-ameba-v9.6c/sdk-ameba-v9.6c/component/os/freertos/freertos_v202012.00/Source/queue.c:2865:16:xQueueAddToSet	16	static
/home/hdj/amb82-mini-RTL8735B/sdk-ameba-v9.6c/sdk-ameba-v9.6c/component/os/freertos/freertos_v202012.00/Source/queue.c:2899:16:xQueueRemoveFromSet	16	static
/home/hdj/amb82-mini-RTL8735B/sdk-ameba-v9.6c/sdk-ameba-v9.6c/component/os/freertos/freertos_v202012.00/Source/queue.c:2936:28:xQueueSelectFromSet	16	static
/home/hdj/amb82-mini-RTL8735B/sdk-ameba-v9.6c/sdk-ameba-v9.6c/component/os/freertos/freertos_v202012.00/Source/queue.c:2950:28:xQueueSelectFromSetFromISR	16	static
