/home/hdj/amb82-mini-RTL8735B/sdk-ameba-v9.6b/component/soc/8735b/fwlib/rtl8735b/include/hal_gdma.h:394:22:hal_gdma_handshake_init	8	static
/home/hdj/amb82-mini-RTL8735B/sdk-ameba-v9.6b/component/soc/8735b/fwlib/rtl8735b/include/hal_gdma.h:477:22:hal_gdma_irq_reg	8	static
/home/hdj/amb82-mini-RTL8735B/sdk-ameba-v9.6b/component/soc/8735b/fwlib/rtl8735b/include/hal_gdma.h:494:22:hal_gdma_transfer_start	8	static
/home/hdj/amb82-mini-RTL8735B/sdk-ameba-v9.6b/component/soc/8735b/fwlib/rtl8735b/include/hal_gdma.h:365:30:hal_gdma_chnl_init.isra	8	static
/home/hdj/amb82-mini-RTL8735B/sdk-ameba-v9.6b/component/soc/8735b/fwlib/rtl8735b/source/ram/hal_i2c.c:64:14:hal_i2c_pin_register	16	static
/home/hdj/amb82-mini-RTL8735B/sdk-ameba-v9.6b/component/soc/8735b/fwlib/rtl8735b/source/ram/hal_i2c.c:88:14:hal_i2c_pin_unregister	16	static
/home/hdj/amb82-mini-RTL8735B/sdk-ameba-v9.6b/component/soc/8735b/fwlib/rtl8735b/source/ram/hal_i2c.c:112:14:hal_i2c_init	8	static
/home/hdj/amb82-mini-RTL8735B/sdk-ameba-v9.6b/component/soc/8735b/fwlib/rtl8735b/source/ram/hal_i2c.c:138:14:hal_i2c_deinit	8	static
/home/hdj/amb82-mini-RTL8735B/sdk-ameba-v9.6b/component/soc/8735b/fwlib/rtl8735b/source/ram/hal_i2c.c:160:9:hal_i2c_timeout_chk	8	static
/home/hdj/amb82-mini-RTL8735B/sdk-ameba-v9.6b/component/soc/8735b/fwlib/rtl8735b/source/ram/hal_i2c.c:175:9:hal_i2c_chk_mod	8	static
/home/hdj/amb82-mini-RTL8735B/sdk-ameba-v9.6b/component/soc/8735b/fwlib/rtl8735b/source/ram/hal_i2c.c:187:9:hal_i2c_pure_init	8	static
/home/hdj/amb82-mini-RTL8735B/sdk-ameba-v9.6b/component/soc/8735b/fwlib/rtl8735b/source/ram/hal_i2c.c:200:9:hal_i2c_pure_deinit	8	static
/home/hdj/amb82-mini-RTL8735B/sdk-ameba-v9.6b/component/soc/8735b/fwlib/rtl8735b/source/ram/hal_i2c.c:216:9:hal_i2c_en_ctrl	8	static
/home/hdj/amb82-mini-RTL8735B/sdk-ameba-v9.6b/component/soc/8735b/fwlib/rtl8735b/source/ram/hal_i2c.c:228:14:hal_i2c_set_clk	8	static
/home/hdj/amb82-mini-RTL8735B/sdk-ameba-v9.6b/component/soc/8735b/fwlib/rtl8735b/source/ram/hal_i2c.c:254:14:hal_i2c_intr_ctrl	8	static
/home/hdj/amb82-mini-RTL8735B/sdk-ameba-v9.6b/component/soc/8735b/fwlib/rtl8735b/source/ram/hal_i2c.c:277:14:hal_i2c_wr	8	static
/home/hdj/amb82-mini-RTL8735B/sdk-ameba-v9.6b/component/soc/8735b/fwlib/rtl8735b/source/ram/hal_i2c.c:299:6:hal_i2c_mst_send_rdcmd	8	static
/home/hdj/amb82-mini-RTL8735B/sdk-ameba-v9.6b/component/soc/8735b/fwlib/rtl8735b/source/ram/hal_i2c.c:316:10:hal_i2c_dma_ctrl	8	static
/home/hdj/amb82-mini-RTL8735B/sdk-ameba-v9.6b/component/soc/8735b/fwlib/rtl8735b/source/ram/hal_i2c.c:331:14:hal_i2c_mst_restr_ctrl	8	static
/home/hdj/amb82-mini-RTL8735B/sdk-ameba-v9.6b/component/soc/8735b/fwlib/rtl8735b/source/ram/hal_i2c.c:347:14:hal_i2c_mst_gc_sb_ctrl	8	static
/home/hdj/amb82-mini-RTL8735B/sdk-ameba-v9.6b/component/soc/8735b/fwlib/rtl8735b/source/ram/hal_i2c.c:363:14:hal_i2c_slv_no_ack_ctrl	8	static
/home/hdj/amb82-mini-RTL8735B/sdk-ameba-v9.6b/component/soc/8735b/fwlib/rtl8735b/source/ram/hal_i2c.c:379:9:hal_i2c_slv_no_ack_sts	8	static
/home/hdj/amb82-mini-RTL8735B/sdk-ameba-v9.6b/component/soc/8735b/fwlib/rtl8735b/source/ram/hal_i2c.c:393:14:hal_i2c_slv_ack_gc_ctrl	8	static
/home/hdj/amb82-mini-RTL8735B/sdk-ameba-v9.6b/component/soc/8735b/fwlib/rtl8735b/source/ram/hal_i2c.c:407:9:hal_i2c_slv_ack_gc_sts	8	static
/home/hdj/amb82-mini-RTL8735B/sdk-ameba-v9.6b/component/soc/8735b/fwlib/rtl8735b/source/ram/hal_i2c.c:419:14:hal_i2c_slv_to_slp	8	static
/home/hdj/amb82-mini-RTL8735B/sdk-ameba-v9.6b/component/soc/8735b/fwlib/rtl8735b/source/ram/hal_i2c.c:435:9:hal_i2c_slv_chk_mst_wr	8	static
/home/hdj/amb82-mini-RTL8735B/sdk-ameba-v9.6b/component/soc/8735b/fwlib/rtl8735b/source/ram/hal_i2c.c:452:9:hal_i2c_slv_chk_rd_req	8	static
/home/hdj/amb82-mini-RTL8735B/sdk-ameba-v9.6b/component/soc/8735b/fwlib/rtl8735b/source/ram/hal_i2c.c:464:14:hal_i2c_pin_init	8	static
/home/hdj/amb82-mini-RTL8735B/sdk-ameba-v9.6b/component/soc/8735b/fwlib/rtl8735b/source/ram/hal_i2c.c:476:14:hal_i2c_pin_deinit	8	static
/home/hdj/amb82-mini-RTL8735B/sdk-ameba-v9.6b/component/soc/8735b/fwlib/rtl8735b/source/ram/hal_i2c.c:489:14:hal_i2c_load_default	8	static
/home/hdj/amb82-mini-RTL8735B/sdk-ameba-v9.6b/component/soc/8735b/fwlib/rtl8735b/source/ram/hal_i2c.c:502:14:hal_i2c_set_tar	8	static
/home/hdj/amb82-mini-RTL8735B/sdk-ameba-v9.6b/component/soc/8735b/fwlib/rtl8735b/source/ram/hal_i2c.c:514:14:hal_i2c_send_addr_retry	8	static
/home/hdj/amb82-mini-RTL8735B/sdk-ameba-v9.6b/component/soc/8735b/fwlib/rtl8735b/source/ram/hal_i2c.c:526:14:hal_i2c_send_poll	8	static
/home/hdj/amb82-mini-RTL8735B/sdk-ameba-v9.6b/component/soc/8735b/fwlib/rtl8735b/source/ram/hal_i2c.c:538:14:hal_i2c_send_intr	8	static
/home/hdj/amb82-mini-RTL8735B/sdk-ameba-v9.6b/component/soc/8735b/fwlib/rtl8735b/source/ram/hal_i2c.c:550:14:hal_i2c_recv_addr_retry	8	static
/home/hdj/amb82-mini-RTL8735B/sdk-ameba-v9.6b/component/soc/8735b/fwlib/rtl8735b/source/ram/hal_i2c.c:562:14:hal_i2c_recv_poll	8	static
/home/hdj/amb82-mini-RTL8735B/sdk-ameba-v9.6b/component/soc/8735b/fwlib/rtl8735b/source/ram/hal_i2c.c:574:14:hal_i2c_recv_intr	8	static
/home/hdj/amb82-mini-RTL8735B/sdk-ameba-v9.6b/component/soc/8735b/fwlib/rtl8735b/source/ram/hal_i2c.c:588:14:hal_i2c_set_sar	8	static
/home/hdj/amb82-mini-RTL8735B/sdk-ameba-v9.6b/component/soc/8735b/fwlib/rtl8735b/source/ram/hal_i2c.c:600:10:hal_i2c_slv_recv_poll	8	static
/home/hdj/amb82-mini-RTL8735B/sdk-ameba-v9.6b/component/soc/8735b/fwlib/rtl8735b/source/ram/hal_i2c.c:612:10:hal_i2c_slv_recv_intr	8	static
/home/hdj/amb82-mini-RTL8735B/sdk-ameba-v9.6b/component/soc/8735b/fwlib/rtl8735b/source/ram/hal_i2c.c:624:10:hal_i2c_slv_send_poll	8	static
/home/hdj/amb82-mini-RTL8735B/sdk-ameba-v9.6b/component/soc/8735b/fwlib/rtl8735b/source/ram/hal_i2c.c:636:10:hal_i2c_slv_send_intr	8	static
/home/hdj/amb82-mini-RTL8735B/sdk-ameba-v9.6b/component/soc/8735b/fwlib/rtl8735b/source/ram/hal_i2c.c:649:6:hal_i2c_reg_comm_irq	16	static
/home/hdj/amb82-mini-RTL8735B/sdk-ameba-v9.6b/component/soc/8735b/fwlib/rtl8735b/source/ram/hal_i2c.c:670:6:hal_i2c_reg_irq	8	static
/home/hdj/amb82-mini-RTL8735B/sdk-ameba-v9.6b/component/soc/8735b/fwlib/rtl8735b/source/ram/hal_i2c.c:684:9:hal_i2c_unreg_irq	16	static
/home/hdj/amb82-mini-RTL8735B/sdk-ameba-v9.6b/component/soc/8735b/fwlib/rtl8735b/source/ram/hal_i2c.c:719:14:hal_i2c_send_dma_init	16	static
/home/hdj/amb82-mini-RTL8735B/sdk-ameba-v9.6b/component/soc/8735b/fwlib/rtl8735b/source/ram/hal_i2c.c:786:14:hal_i2c_send_dma_deinit	8	static
/home/hdj/amb82-mini-RTL8735B/sdk-ameba-v9.6b/component/soc/8735b/fwlib/rtl8735b/source/ram/hal_i2c.c:809:14:hal_i2c_send_dma	32	static
/home/hdj/amb82-mini-RTL8735B/sdk-ameba-v9.6b/component/soc/8735b/fwlib/rtl8735b/source/ram/hal_i2c.c:932:14:hal_i2c_send	16	static
/home/hdj/amb82-mini-RTL8735B/sdk-ameba-v9.6b/component/soc/8735b/fwlib/rtl8735b/source/ram/hal_i2c.c:990:14:hal_i2c_recv_dma_init	16	static
/home/hdj/amb82-mini-RTL8735B/sdk-ameba-v9.6b/component/soc/8735b/fwlib/rtl8735b/source/ram/hal_i2c.c:1063:14:hal_i2c_recv_dma_deinit	8	static
/home/hdj/amb82-mini-RTL8735B/sdk-ameba-v9.6b/component/soc/8735b/fwlib/rtl8735b/source/ram/hal_i2c.c:1085:14:hal_i2c_recv_dma	32	static
/home/hdj/amb82-mini-RTL8735B/sdk-ameba-v9.6b/component/soc/8735b/fwlib/rtl8735b/source/ram/hal_i2c.c:1207:14:hal_i2c_receive	16	static
/home/hdj/amb82-mini-RTL8735B/sdk-ameba-v9.6b/component/soc/8735b/fwlib/rtl8735b/source/ram/hal_i2c.c:1265:10:hal_i2c_slv_send_dma	32	static
/home/hdj/amb82-mini-RTL8735B/sdk-ameba-v9.6b/component/soc/8735b/fwlib/rtl8735b/source/ram/hal_i2c.c:1369:14:hal_i2c_slv_send	8	static
/home/hdj/amb82-mini-RTL8735B/sdk-ameba-v9.6b/component/soc/8735b/fwlib/rtl8735b/source/ram/hal_i2c.c:1408:10:hal_i2c_slv_recv_dma	32	static
/home/hdj/amb82-mini-RTL8735B/sdk-ameba-v9.6b/component/soc/8735b/fwlib/rtl8735b/source/ram/hal_i2c.c:1505:14:hal_i2c_slv_recv	8	static
