/home/hdj/amb82-mini-RTL8735B/sdk-ameba-v9.6b/component/soc/8735b/fwlib/rtl8735b/source/ram/hal_gpio.c:123:14:hal_aon_gpio_init	16	static
/home/hdj/amb82-mini-RTL8735B/sdk-ameba-v9.6b/component/soc/8735b/fwlib/rtl8735b/source/ram/hal_gpio.c:142:6:hal_aon_gpio_deinit	8	static
/home/hdj/amb82-mini-RTL8735B/sdk-ameba-v9.6b/component/soc/8735b/fwlib/rtl8735b/source/ram/hal_gpio.c:151:14:hal_aon_gpio_port_init	32	static
/home/hdj/amb82-mini-RTL8735B/sdk-ameba-v9.6b/component/soc/8735b/fwlib/rtl8735b/source/ram/hal_gpio.c:194:6:hal_aon_gpio_port_deinit	8	static
/home/hdj/amb82-mini-RTL8735B/sdk-ameba-v9.6b/component/soc/8735b/fwlib/rtl8735b/source/ram/hal_gpio.c:206:14:hal_aon_gpio_irq_init	24	static
/home/hdj/amb82-mini-RTL8735B/sdk-ameba-v9.6b/component/soc/8735b/fwlib/rtl8735b/source/ram/hal_gpio.c:227:6:hal_aon_gpio_irq_deinit	8	static
/home/hdj/amb82-mini-RTL8735B/sdk-ameba-v9.6b/component/soc/8735b/fwlib/rtl8735b/source/ram/hal_gpio.c:262:6:hal_aon_gpio_comm_init_via_NSC	0	static
/home/hdj/amb82-mini-RTL8735B/sdk-ameba-v9.6b/component/soc/8735b/fwlib/rtl8735b/source/ram/hal_gpio.c:305:6:hal_gpio_comm_init	8	static
/home/hdj/amb82-mini-RTL8735B/sdk-ameba-v9.6b/component/soc/8735b/fwlib/rtl8735b/source/ram/hal_gpio.c:316:6:hal_aon_gpio_comm_init	8	static
/home/hdj/amb82-mini-RTL8735B/sdk-ameba-v9.6b/component/soc/8735b/fwlib/rtl8735b/source/ram/hal_gpio.c:337:6:hal_pon_gpio_comm_init	8	static
/home/hdj/amb82-mini-RTL8735B/sdk-ameba-v9.6b/component/soc/8735b/fwlib/rtl8735b/source/ram/hal_gpio.c:350:6:hal_gpio_comm_deinit	8	static
/home/hdj/amb82-mini-RTL8735B/sdk-ameba-v9.6b/component/soc/8735b/fwlib/rtl8735b/source/ram/hal_gpio.c:374:6:hal_aon_gpio_comm_deinit	8	static
/home/hdj/amb82-mini-RTL8735B/sdk-ameba-v9.6b/component/soc/8735b/fwlib/rtl8735b/source/ram/hal_gpio.c:362:6:hal_aon_gpio_comm_deinit_via_NSC	0	static
/home/hdj/amb82-mini-RTL8735B/sdk-ameba-v9.6b/component/soc/8735b/fwlib/rtl8735b/source/ram/hal_gpio.c:398:6:hal_pon_gpio_comm_deinit	8	static
/home/hdj/amb82-mini-RTL8735B/sdk-ameba-v9.6b/component/soc/8735b/fwlib/rtl8735b/source/ram/hal_gpio.c:431:6:hal_gpio_reinit	32	static
/home/hdj/amb82-mini-RTL8735B/sdk-ameba-v9.6b/component/soc/8735b/fwlib/rtl8735b/source/ram/hal_gpio.c:620:14:hal_gpio_init	16	static
/home/hdj/amb82-mini-RTL8735B/sdk-ameba-v9.6b/component/soc/8735b/fwlib/rtl8735b/source/ram/hal_gpio.c:740:6:hal_gpio_deinit	8	static
/home/hdj/amb82-mini-RTL8735B/sdk-ameba-v9.6b/component/soc/8735b/fwlib/rtl8735b/source/ram/hal_gpio.c:778:6:aon_gpio_sclk_source_select	8	static
/home/hdj/amb82-mini-RTL8735B/sdk-ameba-v9.6b/component/soc/8735b/fwlib/rtl8735b/source/ram/hal_gpio.c:238:6:aon_gpio_sclk_source_select_via_NSC	0	static
/home/hdj/amb82-mini-RTL8735B/sdk-ameba-v9.6b/component/soc/8735b/fwlib/rtl8735b/source/ram/hal_gpio.c:823:14:hal_gpio_irq_init	32	static
/home/hdj/amb82-mini-RTL8735B/sdk-ameba-v9.6b/component/soc/8735b/fwlib/rtl8735b/source/ram/hal_gpio.c:903:6:hal_gpio_irq_deinit	8	static
/home/hdj/amb82-mini-RTL8735B/sdk-ameba-v9.6b/component/soc/8735b/fwlib/rtl8735b/source/ram/hal_gpio.c:968:14:hal_gpio_port_init	32	static
/home/hdj/amb82-mini-RTL8735B/sdk-ameba-v9.6b/component/soc/8735b/fwlib/rtl8735b/source/ram/hal_gpio.c:1214:6:hal_gpio_port_dir	8	static
/home/hdj/amb82-mini-RTL8735B/sdk-ameba-v9.6b/component/soc/8735b/fwlib/rtl8735b/source/ram/hal_gpio.c:188:6:hal_aon_gpio_port_dir	0	static
/home/hdj/amb82-mini-RTL8735B/sdk-ameba-v9.6b/component/soc/8735b/fwlib/rtl8735b/source/ram/hal_gpio.c:1237:14:hal_aon_gpio_irq_debounce_enable	8	static
/home/hdj/amb82-mini-RTL8735B/sdk-ameba-v9.6b/component/soc/8735b/fwlib/rtl8735b/source/ram/hal_gpio.c:1243:14:hal_aon_gpio_debounce_enable	8	static
/home/hdj/amb82-mini-RTL8735B/sdk-ameba-v9.6b/component/soc/8735b/fwlib/rtl8735b/source/ram/hal_gpio.c:1267:14:hal_gpio_irq_debounce_enable	8	static
/home/hdj/amb82-mini-RTL8735B/sdk-ameba-v9.6b/component/soc/8735b/fwlib/rtl8735b/source/ram/hal_gpio.c:1304:14:hal_gpio_debounce_enable	8	static
/home/hdj/amb82-mini-RTL8735B/sdk-ameba-v9.6b/component/soc/8735b/fwlib/rtl8735b/source/ram/hal_gpio.c:1363:9:hal_gpio_ip_pin_to_chip_pin	24	static
/home/hdj/amb82-mini-RTL8735B/sdk-ameba-v9.6b/component/soc/8735b/fwlib/rtl8735b/source/ram/hal_gpio.c:1142:6:hal_gpio_port_deinit	24	static
