/home/hdj/amb82-mini-RTL8735B/sdk-ameba-v9.6b/component/soc/8735b/fwlib/rtl8735b/source/ram/hal_crypto.c:298:6:g_crypto_handler	0	static
/home/hdj/amb82-mini-RTL8735B/sdk-ameba-v9.6b/component/soc/8735b/fwlib/rtl8735b/source/ram/hal_crypto.c:338:5:g_crypto_pre_exec	0	static
/home/hdj/amb82-mini-RTL8735B/sdk-ameba-v9.6b/component/soc/8735b/fwlib/rtl8735b/source/ram/hal_crypto.c:628:6:crypto_handler	16	static
/home/hdj/amb82-mini-RTL8735B/sdk-ameba-v9.6b/component/soc/8735b/fwlib/rtl8735b/source/ram/hal_crypto.c:372:5:g_crypto_wait_done	24	static
/home/hdj/amb82-mini-RTL8735B/sdk-ameba-v9.6b/component/soc/8735b/misc/utilities/include/memory.h:80:23:rt_memcpy.isra	8	static
/home/hdj/amb82-mini-RTL8735B/sdk-ameba-v9.6b/component/soc/8735b/fwlib/rtl8735b/source/ram/hal_crypto.c:464:6:hal_crypto_engine_init_platform	16	static
/home/hdj/amb82-mini-RTL8735B/sdk-ameba-v9.6b/component/soc/8735b/fwlib/rtl8735b/source/ram/hal_crypto.c:522:5:hal_crypto_engine_chk_init	0	static
/home/hdj/amb82-mini-RTL8735B/sdk-ameba-v9.6b/component/soc/8735b/fwlib/rtl8735b/source/ram/hal_crypto.c:606:6:hal_crypto_engine_key_stg_deinit	8	static
/home/hdj/amb82-mini-RTL8735B/sdk-ameba-v9.6b/component/soc/8735b/fwlib/rtl8735b/source/ram/hal_crypto.c:676:6:hal_crypto_irq_enable	16	static
/home/hdj/amb82-mini-RTL8735B/sdk-ameba-v9.6b/component/soc/8735b/fwlib/rtl8735b/source/ram/hal_crypto.c:532:5:hal_crypto_engine_init	16	static
/home/hdj/amb82-mini-RTL8735B/sdk-ameba-v9.6b/component/soc/8735b/fwlib/rtl8735b/source/ram/hal_crypto.c:708:6:hal_crypto_irq_disable	16	static
/home/hdj/amb82-mini-RTL8735B/sdk-ameba-v9.6b/component/soc/8735b/fwlib/rtl8735b/source/ram/hal_crypto.c:577:5:hal_crypto_engine_deinit	16	static
/home/hdj/amb82-mini-RTL8735B/sdk-ameba-v9.6b/component/soc/8735b/fwlib/rtl8735b/source/ram/hal_crypto.c:732:5:hal_crypto_md5	32	static
/home/hdj/amb82-mini-RTL8735B/sdk-ameba-v9.6b/component/soc/8735b/fwlib/rtl8735b/source/ram/hal_crypto.c:778:5:hal_crypto_md5_init	8	static
/home/hdj/amb82-mini-RTL8735B/sdk-ameba-v9.6b/component/soc/8735b/fwlib/rtl8735b/source/ram/hal_crypto.c:801:5:hal_crypto_md5_process	24	static
/home/hdj/amb82-mini-RTL8735B/sdk-ameba-v9.6b/component/soc/8735b/fwlib/rtl8735b/source/ram/hal_crypto.c:845:5:hal_crypto_md5_update	8	static
/home/hdj/amb82-mini-RTL8735B/sdk-ameba-v9.6b/component/soc/8735b/fwlib/rtl8735b/source/ram/hal_crypto.c:881:5:hal_crypto_md5_final	8	static
/home/hdj/amb82-mini-RTL8735B/sdk-ameba-v9.6b/component/soc/8735b/fwlib/rtl8735b/source/ram/hal_crypto.c:909:5:hal_crypto_sha1	32	static
/home/hdj/amb82-mini-RTL8735B/sdk-ameba-v9.6b/component/soc/8735b/fwlib/rtl8735b/source/ram/hal_crypto.c:955:5:hal_crypto_sha1_init	8	static
/home/hdj/amb82-mini-RTL8735B/sdk-ameba-v9.6b/component/soc/8735b/fwlib/rtl8735b/source/ram/hal_crypto.c:979:5:hal_crypto_sha1_process	24	static
/home/hdj/amb82-mini-RTL8735B/sdk-ameba-v9.6b/component/soc/8735b/fwlib/rtl8735b/source/ram/hal_crypto.c:1021:5:hal_crypto_sha1_update	8	static
/home/hdj/amb82-mini-RTL8735B/sdk-ameba-v9.6b/component/soc/8735b/fwlib/rtl8735b/source/ram/hal_crypto.c:1056:5:hal_crypto_sha1_final	8	static
/home/hdj/amb82-mini-RTL8735B/sdk-ameba-v9.6b/component/soc/8735b/fwlib/rtl8735b/source/ram/hal_crypto.c:1085:5:hal_crypto_sha2_224	32	static
/home/hdj/amb82-mini-RTL8735B/sdk-ameba-v9.6b/component/soc/8735b/fwlib/rtl8735b/source/ram/hal_crypto.c:1129:5:hal_crypto_sha2_224_init	8	static
/home/hdj/amb82-mini-RTL8735B/sdk-ameba-v9.6b/component/soc/8735b/fwlib/rtl8735b/source/ram/hal_crypto.c:1152:5:hal_crypto_sha2_224_process	24	static
/home/hdj/amb82-mini-RTL8735B/sdk-ameba-v9.6b/component/soc/8735b/fwlib/rtl8735b/source/ram/hal_crypto.c:1194:5:hal_crypto_sha2_224_update	8	static
/home/hdj/amb82-mini-RTL8735B/sdk-ameba-v9.6b/component/soc/8735b/fwlib/rtl8735b/source/ram/hal_crypto.c:1229:5:hal_crypto_sha2_224_final	8	static
/home/hdj/amb82-mini-RTL8735B/sdk-ameba-v9.6b/component/soc/8735b/fwlib/rtl8735b/source/ram/hal_crypto.c:1258:5:hal_crypto_sha2_256	32	static
/home/hdj/amb82-mini-RTL8735B/sdk-ameba-v9.6b/component/soc/8735b/fwlib/rtl8735b/source/ram/hal_crypto.c:1303:5:hal_crypto_sha2_256_init	8	static
/home/hdj/amb82-mini-RTL8735B/sdk-ameba-v9.6b/component/soc/8735b/fwlib/rtl8735b/source/ram/hal_crypto.c:1326:5:hal_crypto_sha2_256_process	24	static
/home/hdj/amb82-mini-RTL8735B/sdk-ameba-v9.6b/component/soc/8735b/fwlib/rtl8735b/source/ram/hal_crypto.c:1369:5:hal_crypto_sha2_256_update	8	static
/home/hdj/amb82-mini-RTL8735B/sdk-ameba-v9.6b/component/soc/8735b/fwlib/rtl8735b/source/ram/hal_crypto.c:1404:5:hal_crypto_sha2_256_final	8	static
/home/hdj/amb82-mini-RTL8735B/sdk-ameba-v9.6b/component/soc/8735b/fwlib/rtl8735b/source/ram/hal_crypto.c:1433:5:hal_crypto_sha2_384	32	static
/home/hdj/amb82-mini-RTL8735B/sdk-ameba-v9.6b/component/soc/8735b/fwlib/rtl8735b/source/ram/hal_crypto.c:1477:5:hal_crypto_sha2_384_init	8	static
/home/hdj/amb82-mini-RTL8735B/sdk-ameba-v9.6b/component/soc/8735b/fwlib/rtl8735b/source/ram/hal_crypto.c:1500:5:hal_crypto_sha2_384_process	24	static
/home/hdj/amb82-mini-RTL8735B/sdk-ameba-v9.6b/component/soc/8735b/fwlib/rtl8735b/source/ram/hal_crypto.c:1542:5:hal_crypto_sha2_384_update	8	static
/home/hdj/amb82-mini-RTL8735B/sdk-ameba-v9.6b/component/soc/8735b/fwlib/rtl8735b/source/ram/hal_crypto.c:1577:5:hal_crypto_sha2_384_final	8	static
/home/hdj/amb82-mini-RTL8735B/sdk-ameba-v9.6b/component/soc/8735b/fwlib/rtl8735b/source/ram/hal_crypto.c:1605:5:hal_crypto_sha2_512	32	static
/home/hdj/amb82-mini-RTL8735B/sdk-ameba-v9.6b/component/soc/8735b/fwlib/rtl8735b/source/ram/hal_crypto.c:1649:5:hal_crypto_sha2_512_init	8	static
/home/hdj/amb82-mini-RTL8735B/sdk-ameba-v9.6b/component/soc/8735b/fwlib/rtl8735b/source/ram/hal_crypto.c:1672:5:hal_crypto_sha2_512_process	24	static
/home/hdj/amb82-mini-RTL8735B/sdk-ameba-v9.6b/component/soc/8735b/fwlib/rtl8735b/source/ram/hal_crypto.c:1714:5:hal_crypto_sha2_512_update	8	static
/home/hdj/amb82-mini-RTL8735B/sdk-ameba-v9.6b/component/soc/8735b/fwlib/rtl8735b/source/ram/hal_crypto.c:1749:5:hal_crypto_sha2_512_final	8	static
/home/hdj/amb82-mini-RTL8735B/sdk-ameba-v9.6b/component/soc/8735b/fwlib/rtl8735b/source/ram/hal_crypto.c:1779:5:hal_crypto_hmac_md5	32	static
/home/hdj/amb82-mini-RTL8735B/sdk-ameba-v9.6b/component/soc/8735b/fwlib/rtl8735b/source/ram/hal_crypto.c:1832:5:hal_crypto_hmac_md5_init	8	static
/home/hdj/amb82-mini-RTL8735B/sdk-ameba-v9.6b/component/soc/8735b/fwlib/rtl8735b/source/ram/hal_crypto.c:1872:5:hal_crypto_hmac_md5_process	24	static
/home/hdj/amb82-mini-RTL8735B/sdk-ameba-v9.6b/component/soc/8735b/fwlib/rtl8735b/source/ram/hal_crypto.c:1909:5:hal_crypto_hmac_md5_update	8	static
/home/hdj/amb82-mini-RTL8735B/sdk-ameba-v9.6b/component/soc/8735b/fwlib/rtl8735b/source/ram/hal_crypto.c:1944:5:hal_crypto_hmac_md5_final	8	static
/home/hdj/amb82-mini-RTL8735B/sdk-ameba-v9.6b/component/soc/8735b/fwlib/rtl8735b/source/ram/hal_crypto.c:1973:5:hal_crypto_hmac_sha1	32	static
/home/hdj/amb82-mini-RTL8735B/sdk-ameba-v9.6b/component/soc/8735b/fwlib/rtl8735b/source/ram/hal_crypto.c:2026:5:hal_crypto_hmac_sha1_init	8	static
/home/hdj/amb82-mini-RTL8735B/sdk-ameba-v9.6b/component/soc/8735b/fwlib/rtl8735b/source/ram/hal_crypto.c:2066:5:hal_crypto_hmac_sha1_process	24	static
/home/hdj/amb82-mini-RTL8735B/sdk-ameba-v9.6b/component/soc/8735b/fwlib/rtl8735b/source/ram/hal_crypto.c:2103:5:hal_crypto_hmac_sha1_update	8	static
/home/hdj/amb82-mini-RTL8735B/sdk-ameba-v9.6b/component/soc/8735b/fwlib/rtl8735b/source/ram/hal_crypto.c:2139:5:hal_crypto_hmac_sha1_final	8	static
/home/hdj/amb82-mini-RTL8735B/sdk-ameba-v9.6b/component/soc/8735b/fwlib/rtl8735b/source/ram/hal_crypto.c:2169:5:hal_crypto_hmac_sha2_224	32	static
/home/hdj/amb82-mini-RTL8735B/sdk-ameba-v9.6b/component/soc/8735b/fwlib/rtl8735b/source/ram/hal_crypto.c:2222:5:hal_crypto_hmac_sha2_224_init	8	static
/home/hdj/amb82-mini-RTL8735B/sdk-ameba-v9.6b/component/soc/8735b/fwlib/rtl8735b/source/ram/hal_crypto.c:2262:5:hal_crypto_hmac_sha2_224_process	24	static
/home/hdj/amb82-mini-RTL8735B/sdk-ameba-v9.6b/component/soc/8735b/fwlib/rtl8735b/source/ram/hal_crypto.c:2300:5:hal_crypto_hmac_sha2_224_update	8	static
/home/hdj/amb82-mini-RTL8735B/sdk-ameba-v9.6b/component/soc/8735b/fwlib/rtl8735b/source/ram/hal_crypto.c:2336:5:hal_crypto_hmac_sha2_224_final	8	static
/home/hdj/amb82-mini-RTL8735B/sdk-ameba-v9.6b/component/soc/8735b/fwlib/rtl8735b/source/ram/hal_crypto.c:2364:5:hal_crypto_hmac_sha2_256	32	static
/home/hdj/amb82-mini-RTL8735B/sdk-ameba-v9.6b/component/soc/8735b/fwlib/rtl8735b/source/ram/hal_crypto.c:2417:5:hal_crypto_hmac_sha2_256_init	8	static
/home/hdj/amb82-mini-RTL8735B/sdk-ameba-v9.6b/component/soc/8735b/fwlib/rtl8735b/source/ram/hal_crypto.c:2457:5:hal_crypto_hmac_sha2_256_process	24	static
/home/hdj/amb82-mini-RTL8735B/sdk-ameba-v9.6b/component/soc/8735b/fwlib/rtl8735b/source/ram/hal_crypto.c:2494:5:hal_crypto_hmac_sha2_256_update	8	static
/home/hdj/amb82-mini-RTL8735B/sdk-ameba-v9.6b/component/soc/8735b/fwlib/rtl8735b/source/ram/hal_crypto.c:2531:5:hal_crypto_hmac_sha2_256_final	8	static
/home/hdj/amb82-mini-RTL8735B/sdk-ameba-v9.6b/component/soc/8735b/fwlib/rtl8735b/source/ram/hal_crypto.c:2561:10:hal_crypto_hmac_sha2_256_get_sk_cfg	24	static
/home/hdj/amb82-mini-RTL8735B/sdk-ameba-v9.6b/component/soc/8735b/fwlib/rtl8735b/source/ram/hal_crypto.c:2582:5:hal_crypto_hmac_sha2_256_sk_init	16	static
/home/hdj/amb82-mini-RTL8735B/sdk-ameba-v9.6b/component/soc/8735b/fwlib/rtl8735b/source/ram/hal_crypto.c:2607:5:hal_crypto_hmac_sha2_256_sk_final	8	static
/home/hdj/amb82-mini-RTL8735B/sdk-ameba-v9.6b/component/soc/8735b/fwlib/rtl8735b/source/ram/hal_crypto.c:2625:5:hal_crypto_hmac_sha2_384	32	static
/home/hdj/amb82-mini-RTL8735B/sdk-ameba-v9.6b/component/soc/8735b/fwlib/rtl8735b/source/ram/hal_crypto.c:2678:5:hal_crypto_hmac_sha2_384_init	8	static
/home/hdj/amb82-mini-RTL8735B/sdk-ameba-v9.6b/component/soc/8735b/fwlib/rtl8735b/source/ram/hal_crypto.c:2718:5:hal_crypto_hmac_sha2_384_process	24	static
/home/hdj/amb82-mini-RTL8735B/sdk-ameba-v9.6b/component/soc/8735b/fwlib/rtl8735b/source/ram/hal_crypto.c:2755:5:hal_crypto_hmac_sha2_384_update	8	static
/home/hdj/amb82-mini-RTL8735B/sdk-ameba-v9.6b/component/soc/8735b/fwlib/rtl8735b/source/ram/hal_crypto.c:2790:5:hal_crypto_hmac_sha2_384_final	8	static
/home/hdj/amb82-mini-RTL8735B/sdk-ameba-v9.6b/component/soc/8735b/fwlib/rtl8735b/source/ram/hal_crypto.c:2818:5:hal_crypto_hmac_sha2_512	32	static
/home/hdj/amb82-mini-RTL8735B/sdk-ameba-v9.6b/component/soc/8735b/fwlib/rtl8735b/source/ram/hal_crypto.c:2871:5:hal_crypto_hmac_sha2_512_init	8	static
/home/hdj/amb82-mini-RTL8735B/sdk-ameba-v9.6b/component/soc/8735b/fwlib/rtl8735b/source/ram/hal_crypto.c:2911:5:hal_crypto_hmac_sha2_512_process	24	static
/home/hdj/amb82-mini-RTL8735B/sdk-ameba-v9.6b/component/soc/8735b/fwlib/rtl8735b/source/ram/hal_crypto.c:2948:5:hal_crypto_hmac_sha2_512_update	8	static
/home/hdj/amb82-mini-RTL8735B/sdk-ameba-v9.6b/component/soc/8735b/fwlib/rtl8735b/source/ram/hal_crypto.c:2983:5:hal_crypto_hmac_sha2_512_final	8	static
/home/hdj/amb82-mini-RTL8735B/sdk-ameba-v9.6b/component/soc/8735b/fwlib/rtl8735b/source/ram/hal_crypto.c:3010:5:hal_crypto_aes_sk_init_core	32	static
/home/hdj/amb82-mini-RTL8735B/sdk-ameba-v9.6b/component/soc/8735b/fwlib/rtl8735b/source/ram/hal_crypto.c:3071:5:hal_crypto_aes_cbc_init	8	static
/home/hdj/amb82-mini-RTL8735B/sdk-ameba-v9.6b/component/soc/8735b/fwlib/rtl8735b/source/ram/hal_crypto.c:3103:5:hal_crypto_aes_cbc_encrypt	40	static
/home/hdj/amb82-mini-RTL8735B/sdk-ameba-v9.6b/component/soc/8735b/fwlib/rtl8735b/source/ram/hal_crypto.c:3157:5:hal_crypto_aes_cbc_decrypt	40	static
/home/hdj/amb82-mini-RTL8735B/sdk-ameba-v9.6b/component/soc/8735b/fwlib/rtl8735b/source/ram/hal_crypto.c:3213:5:hal_crypto_aes_ecb_init	8	static
/home/hdj/amb82-mini-RTL8735B/sdk-ameba-v9.6b/component/soc/8735b/fwlib/rtl8735b/source/ram/hal_crypto.c:3246:5:hal_crypto_aes_ecb_sk_init	8	static
/home/hdj/amb82-mini-RTL8735B/sdk-ameba-v9.6b/component/soc/8735b/fwlib/rtl8735b/source/ram/hal_crypto.c:3254:5:hal_crypto_aes_ecb_encrypt	40	static
/home/hdj/amb82-mini-RTL8735B/sdk-ameba-v9.6b/component/soc/8735b/fwlib/rtl8735b/source/ram/hal_crypto.c:3303:5:hal_crypto_aes_ecb_decrypt	40	static
/home/hdj/amb82-mini-RTL8735B/sdk-ameba-v9.6b/component/soc/8735b/fwlib/rtl8735b/source/ram/hal_crypto.c:3353:5:hal_crypto_aes_ctr_init	8	static
/home/hdj/amb82-mini-RTL8735B/sdk-ameba-v9.6b/component/soc/8735b/fwlib/rtl8735b/source/ram/hal_crypto.c:3386:5:hal_crypto_aes_ctr_encrypt	40	static
/home/hdj/amb82-mini-RTL8735B/sdk-ameba-v9.6b/component/soc/8735b/fwlib/rtl8735b/source/ram/hal_crypto.c:3440:5:hal_crypto_aes_ctr_decrypt	40	static
/home/hdj/amb82-mini-RTL8735B/sdk-ameba-v9.6b/component/soc/8735b/fwlib/rtl8735b/source/ram/hal_crypto.c:3496:5:hal_crypto_aes_cfb_init	8	static
/home/hdj/amb82-mini-RTL8735B/sdk-ameba-v9.6b/component/soc/8735b/fwlib/rtl8735b/source/ram/hal_crypto.c:3529:5:hal_crypto_aes_cfb_encrypt	40	static
/home/hdj/amb82-mini-RTL8735B/sdk-ameba-v9.6b/component/soc/8735b/fwlib/rtl8735b/source/ram/hal_crypto.c:3583:5:hal_crypto_aes_cfb_decrypt	40	static
/home/hdj/amb82-mini-RTL8735B/sdk-ameba-v9.6b/component/soc/8735b/fwlib/rtl8735b/source/ram/hal_crypto.c:3639:5:hal_crypto_aes_ofb_init	8	static
/home/hdj/amb82-mini-RTL8735B/sdk-ameba-v9.6b/component/soc/8735b/fwlib/rtl8735b/source/ram/hal_crypto.c:3672:5:hal_crypto_aes_ofb_encrypt	40	static
/home/hdj/amb82-mini-RTL8735B/sdk-ameba-v9.6b/component/soc/8735b/fwlib/rtl8735b/source/ram/hal_crypto.c:3726:5:hal_crypto_aes_ofb_decrypt	40	static
/home/hdj/amb82-mini-RTL8735B/sdk-ameba-v9.6b/component/soc/8735b/fwlib/rtl8735b/source/ram/hal_crypto.c:3782:5:hal_crypto_aes_ghash	56	static
/home/hdj/amb82-mini-RTL8735B/sdk-ameba-v9.6b/component/soc/8735b/fwlib/rtl8735b/source/ram/hal_crypto.c:3840:5:hal_crypto_aes_ghash_init	8	static
/home/hdj/amb82-mini-RTL8735B/sdk-ameba-v9.6b/component/soc/8735b/fwlib/rtl8735b/source/ram/hal_crypto.c:3873:5:hal_crypto_aes_ghash_process	40	static
/home/hdj/amb82-mini-RTL8735B/sdk-ameba-v9.6b/component/soc/8735b/fwlib/rtl8735b/source/ram/hal_crypto.c:3913:5:hal_crypto_aes_gmac	64	static
/home/hdj/amb82-mini-RTL8735B/sdk-ameba-v9.6b/component/soc/8735b/fwlib/rtl8735b/source/ram/hal_crypto.c:3987:5:hal_crypto_aes_gmac_init	8	static
/home/hdj/amb82-mini-RTL8735B/sdk-ameba-v9.6b/component/soc/8735b/fwlib/rtl8735b/source/ram/hal_crypto.c:4021:5:hal_crypto_aes_gmac_process	48	static
/home/hdj/amb82-mini-RTL8735B/sdk-ameba-v9.6b/component/soc/8735b/fwlib/rtl8735b/source/ram/hal_crypto.c:4077:5:hal_crypto_aes_gctr_init	8	static
/home/hdj/amb82-mini-RTL8735B/sdk-ameba-v9.6b/component/soc/8735b/fwlib/rtl8735b/source/ram/hal_crypto.c:4110:5:hal_crypto_aes_gctr_encrypt	40	static
/home/hdj/amb82-mini-RTL8735B/sdk-ameba-v9.6b/component/soc/8735b/fwlib/rtl8735b/source/ram/hal_crypto.c:4160:5:hal_crypto_aes_gctr_decrypt	40	static
/home/hdj/amb82-mini-RTL8735B/sdk-ameba-v9.6b/component/soc/8735b/fwlib/rtl8735b/source/ram/hal_crypto.c:4212:5:hal_crypto_aes_gcm_init	8	static
/home/hdj/amb82-mini-RTL8735B/sdk-ameba-v9.6b/component/soc/8735b/fwlib/rtl8735b/source/ram/hal_crypto.c:4245:5:hal_crypto_aes_gcm_sk_init	8	static
/home/hdj/amb82-mini-RTL8735B/sdk-ameba-v9.6b/component/soc/8735b/fwlib/rtl8735b/source/ram/hal_crypto.c:4253:5:hal_crypto_aes_gcm_encrypt	48	static
/home/hdj/amb82-mini-RTL8735B/sdk-ameba-v9.6b/component/soc/8735b/fwlib/rtl8735b/source/ram/hal_crypto.c:4317:5:hal_crypto_aes_gcm_decrypt	48	static
/home/hdj/amb82-mini-RTL8735B/sdk-ameba-v9.6b/component/soc/8735b/fwlib/rtl8735b/source/ram/hal_crypto.c:4380:5:hal_crypto_des_cbc_init	8	static
/home/hdj/amb82-mini-RTL8735B/sdk-ameba-v9.6b/component/soc/8735b/fwlib/rtl8735b/source/ram/hal_crypto.c:4405:5:hal_crypto_des_cbc_encrypt	48	static
/home/hdj/amb82-mini-RTL8735B/sdk-ameba-v9.6b/component/soc/8735b/fwlib/rtl8735b/source/ram/hal_crypto.c:4450:5:hal_crypto_des_cbc_decrypt	48	static
/home/hdj/amb82-mini-RTL8735B/sdk-ameba-v9.6b/component/soc/8735b/fwlib/rtl8735b/source/ram/hal_crypto.c:4497:5:hal_crypto_des_ecb_init	8	static
/home/hdj/amb82-mini-RTL8735B/sdk-ameba-v9.6b/component/soc/8735b/fwlib/rtl8735b/source/ram/hal_crypto.c:4523:5:hal_crypto_des_ecb_encrypt	40	static
/home/hdj/amb82-mini-RTL8735B/sdk-ameba-v9.6b/component/soc/8735b/fwlib/rtl8735b/source/ram/hal_crypto.c:4563:5:hal_crypto_des_ecb_decrypt	40	static
/home/hdj/amb82-mini-RTL8735B/sdk-ameba-v9.6b/component/soc/8735b/fwlib/rtl8735b/source/ram/hal_crypto.c:4605:5:hal_crypto_3des_cbc_init	8	static
/home/hdj/amb82-mini-RTL8735B/sdk-ameba-v9.6b/component/soc/8735b/fwlib/rtl8735b/source/ram/hal_crypto.c:4631:5:hal_crypto_3des_cbc_encrypt	40	static
/home/hdj/amb82-mini-RTL8735B/sdk-ameba-v9.6b/component/soc/8735b/fwlib/rtl8735b/source/ram/hal_crypto.c:4676:5:hal_crypto_3des_cbc_decrypt	40	static
/home/hdj/amb82-mini-RTL8735B/sdk-ameba-v9.6b/component/soc/8735b/fwlib/rtl8735b/source/ram/hal_crypto.c:4723:5:hal_crypto_3des_ecb_init	8	static
/home/hdj/amb82-mini-RTL8735B/sdk-ameba-v9.6b/component/soc/8735b/fwlib/rtl8735b/source/ram/hal_crypto.c:4749:5:hal_crypto_3des_ecb_encrypt	40	static
/home/hdj/amb82-mini-RTL8735B/sdk-ameba-v9.6b/component/soc/8735b/fwlib/rtl8735b/source/ram/hal_crypto.c:4790:5:hal_crypto_3des_ecb_decrypt	40	static
/home/hdj/amb82-mini-RTL8735B/sdk-ameba-v9.6b/component/soc/8735b/fwlib/rtl8735b/source/ram/hal_crypto.c:4832:10:hal_crypto_mix_mode_calculate_hash_padding	32	static
/home/hdj/amb82-mini-RTL8735B/sdk-ameba-v9.6b/component/soc/8735b/fwlib/rtl8735b/source/ram/hal_crypto.c:4881:10:hal_crypto_mix_mode_calculate_enc_padding	8	static
/home/hdj/amb82-mini-RTL8735B/sdk-ameba-v9.6b/component/soc/8735b/fwlib/rtl8735b/source/ram/hal_crypto.c:4912:5:hal_crypto_mix_mode_init	32	static
/home/hdj/amb82-mini-RTL8735B/sdk-ameba-v9.6b/component/soc/8735b/fwlib/rtl8735b/source/ram/hal_crypto.c:4967:5:hal_crypto_mix_ssh_encrypt	88	static
/home/hdj/amb82-mini-RTL8735B/sdk-ameba-v9.6b/component/soc/8735b/fwlib/rtl8735b/source/ram/hal_crypto.c:5037:5:hal_crypto_mix_ssh_decrypt	88	static
/home/hdj/amb82-mini-RTL8735B/sdk-ameba-v9.6b/component/soc/8735b/fwlib/rtl8735b/source/ram/hal_crypto.c:5106:5:hal_crypto_mix_esp_encrypt	88	static
/home/hdj/amb82-mini-RTL8735B/sdk-ameba-v9.6b/component/soc/8735b/fwlib/rtl8735b/source/ram/hal_crypto.c:5177:5:hal_crypto_mix_esp_decrypt	88	static
/home/hdj/amb82-mini-RTL8735B/sdk-ameba-v9.6b/component/soc/8735b/fwlib/rtl8735b/source/ram/hal_crypto.c:5247:5:hal_crypto_mix_ssl_tls_encrypt	88	static
/home/hdj/amb82-mini-RTL8735B/sdk-ameba-v9.6b/component/soc/8735b/fwlib/rtl8735b/source/ram/hal_crypto.c:5318:5:hal_crypto_poly1305	24	static
/home/hdj/amb82-mini-RTL8735B/sdk-ameba-v9.6b/component/soc/8735b/fwlib/rtl8735b/source/ram/hal_crypto.c:5358:5:hal_crypto_poly1305_init	8	static
/home/hdj/amb82-mini-RTL8735B/sdk-ameba-v9.6b/component/soc/8735b/fwlib/rtl8735b/source/ram/hal_crypto.c:5385:5:hal_crypto_poly1305_process	16	static
/home/hdj/amb82-mini-RTL8735B/sdk-ameba-v9.6b/component/soc/8735b/fwlib/rtl8735b/source/ram/hal_crypto.c:5415:5:hal_crypto_chacha_init	8	static
/home/hdj/amb82-mini-RTL8735B/sdk-ameba-v9.6b/component/soc/8735b/fwlib/rtl8735b/source/ram/hal_crypto.c:5437:5:hal_crypto_chacha_encrypt	24	static
/home/hdj/amb82-mini-RTL8735B/sdk-ameba-v9.6b/component/soc/8735b/fwlib/rtl8735b/source/ram/hal_crypto.c:5477:5:hal_crypto_chacha_decrypt	24	static
/home/hdj/amb82-mini-RTL8735B/sdk-ameba-v9.6b/component/soc/8735b/fwlib/rtl8735b/source/ram/hal_crypto.c:5517:5:hal_crypto_chacha_poly1305_init	8	static
/home/hdj/amb82-mini-RTL8735B/sdk-ameba-v9.6b/component/soc/8735b/fwlib/rtl8735b/source/ram/hal_crypto.c:5539:5:hal_crypto_chacha_poly1305_encrypt	40	static
/home/hdj/amb82-mini-RTL8735B/sdk-ameba-v9.6b/component/soc/8735b/fwlib/rtl8735b/source/ram/hal_crypto.c:5589:5:hal_crypto_chacha_poly1305_decrypt	40	static
/home/hdj/amb82-mini-RTL8735B/sdk-ameba-v9.6b/component/soc/8735b/fwlib/rtl8735b/source/ram/hal_crypto.c:5684:5:hal_crypto_key_storage_securekey	16	static
/home/hdj/amb82-mini-RTL8735B/sdk-ameba-v9.6b/component/soc/8735b/fwlib/rtl8735b/source/ram/hal_crypto.c:5702:5:hal_crypto_key_storage_writeback	16	static
/home/hdj/amb82-mini-RTL8735B/sdk-ameba-v9.6b/component/soc/8735b/fwlib/rtl8735b/source/ram/hal_crypto.c:5720:5:hal_crypto_key_storage_writekey	16	static
/home/hdj/amb82-mini-RTL8735B/sdk-ameba-v9.6b/component/soc/8735b/fwlib/rtl8735b/source/ram/hal_crypto.c:5741:5:hal_crypto_key_storage_lock	8	static
/home/hdj/amb82-mini-RTL8735B/sdk-ameba-v9.6b/component/soc/8735b/fwlib/rtl8735b/source/ram/hal_crypto.c:5765:5:hal_crypto_crc32_cmd	24	static
/home/hdj/amb82-mini-RTL8735B/sdk-ameba-v9.6b/component/soc/8735b/fwlib/rtl8735b/source/ram/hal_crypto.c:5821:5:hal_crypto_crc_setting	32	static
/home/hdj/amb82-mini-RTL8735B/sdk-ameba-v9.6b/component/soc/8735b/fwlib/rtl8735b/source/ram/hal_crypto.c:5856:5:hal_crypto_crc_cmd	24	static
/home/hdj/amb82-mini-RTL8735B/sdk-ameba-v9.6b/component/soc/8735b/fwlib/rtl8735b/source/ram/hal_crypto.c:5901:5:hal_crypto_crc_dma	32	static
/home/hdj/amb82-mini-RTL8735B/sdk-ameba-v9.6b/component/soc/8735b/fwlib/rtl8735b/source/ram/hal_crypto.c:5976:5:hal_crypto_crc32_dma	32	static
/home/hdj/amb82-mini-RTL8735B/sdk-ameba-v9.6b/component/soc/8735b/fwlib/rtl8735b/source/ram/hal_crypto.c:6059:5:hal_crypto_crc_division	48	static
/home/hdj/amb82-mini-RTL8735B/sdk-ameba-v9.6b/component/soc/8735b/fwlib/rtl8735b/source/ram/hal_crypto.c:6100:5:hal_crypto_crc_division_core	48	static
/home/hdj/amb82-mini-RTL8735B/sdk-ameba-v9.6b/component/soc/8735b/fwlib/rtl8735b/source/ram/hal_crypto.c:6177:5:hal_crypto_crc32_division	8	static
/home/hdj/amb82-mini-RTL8735B/sdk-ameba-v9.6b/component/soc/8735b/fwlib/rtl8735b/source/ram/hal_crypto.c:6182:5:hal_crypto_crc16_division	8	static
