/home/hdj/amb82-mini-RTL8735B/sdk-ameba-v9.6c-hard-spi/sdk-ameba-v9.6c/component/wifi/api/wifi_conf_wowlan.c:56:17:_checksum32	20	static
/home/hdj/amb82-mini-RTL8735B/sdk-ameba-v9.6c-hard-spi/sdk-ameba-v9.6c/component/wifi/api/wifi_conf_wowlan.c:75:17:_checksum32to16	0	static
/home/hdj/amb82-mini-RTL8735B/sdk-ameba-v9.6c-hard-spi/sdk-ameba-v9.6c/component/wifi/api/wifi_conf_wowlan.c:93:5:wifi_set_ssl_offload	24	static
/home/hdj/amb82-mini-RTL8735B/sdk-ameba-v9.6c-hard-spi/sdk-ameba-v9.6c/component/wifi/api/wifi_conf_wowlan.c:101:6:wifi_set_publish_wakeup	8	static
/home/hdj/amb82-mini-RTL8735B/sdk-ameba-v9.6c-hard-spi/sdk-ameba-v9.6c/component/wifi/api/wifi_conf_wowlan.c:107:6:wifi_set_tcpssl_keepalive	8	static
/home/hdj/amb82-mini-RTL8735B/sdk-ameba-v9.6c-hard-spi/sdk-ameba-v9.6c/component/wifi/api/wifi_conf_wowlan.c:113:6:wifi_set_ssl_counter_report	8	static
/home/hdj/amb82-mini-RTL8735B/sdk-ameba-v9.6c-hard-spi/sdk-ameba-v9.6c/component/wifi/api/wifi_conf_wowlan.c:122:5:wifi_wowlan_set_arp_rsp_keep_alive	8	static
/home/hdj/amb82-mini-RTL8735B/sdk-ameba-v9.6c-hard-spi/sdk-ameba-v9.6c/component/wifi/api/wifi_conf_wowlan.c:139:5:wifi_set_tcp_protocol_keepalive	56	static
/home/hdj/amb82-mini-RTL8735B/sdk-ameba-v9.6c-hard-spi/sdk-ameba-v9.6c/component/wifi/api/wifi_conf_wowlan.c:178:5:wifi_set_tcp_protocol_keepalive_offload	200	static
/home/hdj/amb82-mini-RTL8735B/sdk-ameba-v9.6c-hard-spi/sdk-ameba-v9.6c/component/wifi/api/wifi_conf_wowlan.c:610:5:wifi_set_ntp_offload	176	static
/home/hdj/amb82-mini-RTL8735B/sdk-ameba-v9.6c-hard-spi/sdk-ameba-v9.6c/component/wifi/api/wifi_conf_wowlan.c:768:11:wifi_get_ntp_offload_time	24	static
/home/hdj/amb82-mini-RTL8735B/sdk-ameba-v9.6c-hard-spi/sdk-ameba-v9.6c/component/wifi/api/wifi_conf_wowlan.c:798:5:wifi_wowlan_set_fwdecision_param	16	static
/home/hdj/amb82-mini-RTL8735B/sdk-ameba-v9.6c-hard-spi/sdk-ameba-v9.6c/component/wifi/api/wifi_conf_wowlan.c:827:5:wifi_wowlan_set_wdt	8	static
/home/hdj/amb82-mini-RTL8735B/sdk-ameba-v9.6c-hard-spi/sdk-ameba-v9.6c/component/wifi/api/wifi_conf_wowlan.c:845:5:wifi_wowlan_set_bcn_track	8	static
/home/hdj/amb82-mini-RTL8735B/sdk-ameba-v9.6c-hard-spi/sdk-ameba-v9.6c/component/wifi/api/wifi_conf_wowlan.c:865:5:wifi_wowlan_set_pno_scan	16	static
/home/hdj/amb82-mini-RTL8735B/sdk-ameba-v9.6c-hard-spi/sdk-ameba-v9.6c/component/wifi/api/wifi_conf_wowlan.c:881:5:wifi_wowlan_set_dtimto	24	static
/home/hdj/amb82-mini-RTL8735B/sdk-ameba-v9.6c-hard-spi/sdk-ameba-v9.6c/component/wifi/api/wifi_conf_wowlan.c:900:5:wifi_wowlan_set_smartdtim	32	static
/home/hdj/amb82-mini-RTL8735B/sdk-ameba-v9.6c-hard-spi/sdk-ameba-v9.6c/component/wifi/api/wifi_conf_wowlan.c:942:5:wifi_wowlan_set_arpreq_keepalive	8	static
/home/hdj/amb82-mini-RTL8735B/sdk-ameba-v9.6c-hard-spi/sdk-ameba-v9.6c/component/wifi/api/wifi_conf_wowlan.c:989:5:wifi_set_dhcp_offload	72	static
/home/hdj/amb82-mini-RTL8735B/sdk-ameba-v9.6c-hard-spi/sdk-ameba-v9.6c/component/wifi/api/wifi_conf_wowlan.c:1174:5:wifi_wlan_redl_fw	8	static
/home/hdj/amb82-mini-RTL8735B/sdk-ameba-v9.6c-hard-spi/sdk-ameba-v9.6c/component/wifi/api/wifi_conf_wowlan.c:1183:5:wifi_wowlan_ctrl	16	static
/home/hdj/amb82-mini-RTL8735B/sdk-ameba-v9.6c-hard-spi/sdk-ameba-v9.6c/component/wifi/api/wifi_conf_wowlan.c:1195:6:wifi_wowlan_set_ssl_pattern	8	static
/home/hdj/amb82-mini-RTL8735B/sdk-ameba-v9.6c-hard-spi/sdk-ameba-v9.6c/component/wifi/api/wifi_conf_wowlan.c:1207:6:wifi_wowlan_set_serverkeepalive	8	static
/home/hdj/amb82-mini-RTL8735B/sdk-ameba-v9.6c-hard-spi/sdk-ameba-v9.6c/component/wifi/api/wifi_conf_wowlan.c:1214:6:wifi_wowlan_set_patternoffset	8	static
/home/hdj/amb82-mini-RTL8735B/sdk-ameba-v9.6c-hard-spi/sdk-ameba-v9.6c/component/wifi/api/wifi_conf_wowlan.c:1222:5:wifi_wowlan_set_pattern	160	static
/home/hdj/amb82-mini-RTL8735B/sdk-ameba-v9.6c-hard-spi/sdk-ameba-v9.6c/component/wifi/api/wifi_conf_wowlan.c:374:5:wifi_set_tcp_keep_alive_offload	432	static
/home/hdj/amb82-mini-RTL8735B/sdk-ameba-v9.6c-hard-spi/sdk-ameba-v9.6c/component/wifi/api/wifi_conf_wowlan.c:1269:6:wifi_read_ntp_current_sec	56	static
