/home/hdj/amb82-mini-RTL8735B/sdk-ameba-v9.6b/component/lwip/lwip_v2.1.2/src/core/tcp_in.c:1956:1:tcp_get_next_optbyte	0	static
/home/hdj/amb82-mini-RTL8735B/sdk-ameba-v9.6b/component/lwip/lwip_v2.1.2/src/core/tcp_in.c:1098:1:tcp_oos_insert_segment	24	static
/home/hdj/amb82-mini-RTL8735B/sdk-ameba-v9.6b/component/lwip/lwip_v2.1.2/src/core/tcp_in.c:1977:1:tcp_parseopt	32	static
/home/hdj/amb82-mini-RTL8735B/sdk-ameba-v9.6b/component/lwip/lwip_v2.1.2/src/core/tcp_in.c:639:1:tcp_input_delayed_close	8	static
/home/hdj/amb82-mini-RTL8735B/sdk-ameba-v9.6b/component/lwip/lwip_v2.1.2/src/core/tcp_in.c:1135:1:tcp_free_acked_segments.constprop	32	static
/home/hdj/amb82-mini-RTL8735B/sdk-ameba-v9.6b/component/lwip/lwip_v2.1.2/src/core/tcp_in.c:1188:1:tcp_receive	32	static
/home/hdj/amb82-mini-RTL8735B/sdk-ameba-v9.6b/component/lwip/lwip_v2.1.2/src/core/tcp_in.c:115:6:tcp_set_resume_port	0	static
/home/hdj/amb82-mini-RTL8735B/sdk-ameba-v9.6b/component/lwip/lwip_v2.1.2/src/core/tcp_in.c:121:6:tcp_set_resume_bypass_ooseq	0	static
/home/hdj/amb82-mini-RTL8735B/sdk-ameba-v9.6b/component/lwip/lwip_v2.1.2/src/core/tcp_in.c:126:6:tcp_set_resume_debug	0	static
/home/hdj/amb82-mini-RTL8735B/sdk-ameba-v9.6b/component/lwip/lwip_v2.1.2/src/core/tcp_in.c:143:1:tcp_input	72	static
/home/hdj/amb82-mini-RTL8735B/sdk-ameba-v9.6b/component/lwip/lwip_v2.1.2/src/core/tcp_in.c:2097:1:tcp_trigger_input_pcb_close	0	static
