/home/hdj/amb82-mini-RTL8735B/sdk-ameba-v9.6c-hard-spi/sdk-ameba-v9.6c/component/network/rtsp/rtsp_api.c:1885:13:rtp_service_unicast	64	static
/home/hdj/amb82-mini-RTL8735B/sdk-ameba-v9.6c-hard-spi/sdk-ameba-v9.6c/component/network/rtsp/rtsp_api.c:43:6:set_drop_frame_enable	0	static
/home/hdj/amb82-mini-RTL8735B/sdk-ameba-v9.6c-hard-spi/sdk-ameba-v9.6c/component/network/rtsp/rtsp_api.c:48:6:set_drop_frame_forcei	0	static
/home/hdj/amb82-mini-RTL8735B/sdk-ameba-v9.6c-hard-spi/sdk-ameba-v9.6c/component/network/rtsp/rtsp_api.c:53:6:set_h264_ctx	0	static
/home/hdj/amb82-mini-RTL8735B/sdk-ameba-v9.6c-hard-spi/sdk-ameba-v9.6c/component/network/rtsp/rtsp_api.c:58:6:set_rtp_drop_threshold	0	static
/home/hdj/amb82-mini-RTL8735B/sdk-ameba-v9.6c-hard-spi/sdk-ameba-v9.6c/component/network/rtsp/rtsp_api.c:63:6:set_packet_retry	0	static
/home/hdj/amb82-mini-RTL8735B/sdk-ameba-v9.6c-hard-spi/sdk-ameba-v9.6c/component/network/rtsp/rtsp_api.c:68:10:get_rtp_drop_threshold	0	static
/home/hdj/amb82-mini-RTL8735B/sdk-ameba-v9.6c-hard-spi/sdk-ameba-v9.6c/component/network/rtsp/rtsp_api.c:73:6:set_show_timestamp_diff	0	static
/home/hdj/amb82-mini-RTL8735B/sdk-ameba-v9.6c-hard-spi/sdk-ameba-v9.6c/component/network/rtsp/rtsp_api.c:78:10:get_show_timestamp_diff	0	static
/home/hdj/amb82-mini-RTL8735B/sdk-ameba-v9.6c-hard-spi/sdk-ameba-v9.6c/component/network/rtsp/rtsp_api.c:83:6:set_prefilter_packet	0	static
/home/hdj/amb82-mini-RTL8735B/sdk-ameba-v9.6c-hard-spi/sdk-ameba-v9.6c/component/network/rtsp/rtsp_api.c:88:6:time_sync_disable	8	static
/home/hdj/amb82-mini-RTL8735B/sdk-ameba-v9.6c-hard-spi/sdk-ameba-v9.6c/component/network/rtsp/rtsp_api.c:95:6:time_sync_enable	8	static
/home/hdj/amb82-mini-RTL8735B/sdk-ameba-v9.6c-hard-spi/sdk-ameba-v9.6c/component/network/rtsp/rtsp_api.c:102:6:set_rtsp_url	16	static
/home/hdj/amb82-mini-RTL8735B/sdk-ameba-v9.6c-hard-spi/sdk-ameba-v9.6c/component/network/rtsp/rtsp_api.c:112:5:check_rtsp_url	16	static
/home/hdj/amb82-mini-RTL8735B/sdk-ameba-v9.6c-hard-spi/sdk-ameba-v9.6c/component/network/rtsp/rtsp_api.c:130:10:rtsp_get_timestamp	8	static
/home/hdj/amb82-mini-RTL8735B/sdk-ameba-v9.6c-hard-spi/sdk-ameba-v9.6c/component/network/rtsp/rtsp_api.c:154:5:rtsp_get_number	16	static
/home/hdj/amb82-mini-RTL8735B/sdk-ameba-v9.6c-hard-spi/sdk-ameba-v9.6c/component/network/rtsp/rtsp_api.c:175:6:rtsp_put_number	16	static
/home/hdj/amb82-mini-RTL8735B/sdk-ameba-v9.6c-hard-spi/sdk-ameba-v9.6c/component/network/rtsp/rtsp_api.c:183:5:rtsp_parse_stream_media_type	0	static
/home/hdj/amb82-mini-RTL8735B/sdk-ameba-v9.6c-hard-spi/sdk-ameba-v9.6c/component/network/rtsp/rtsp_api.c:201:5:rtsp_connect_ctx_init	8	static
/home/hdj/amb82-mini-RTL8735B/sdk-ameba-v9.6c-hard-spi/sdk-ameba-v9.6c/component/network/rtsp/rtsp_api.c:213:6:rtsp_transport_init	20	static
/home/hdj/amb82-mini-RTL8735B/sdk-ameba-v9.6c-hard-spi/sdk-ameba-v9.6c/component/network/rtsp/rtsp_api.c:231:6:rtsp_session_init	0	static
/home/hdj/amb82-mini-RTL8735B/sdk-ameba-v9.6c-hard-spi/sdk-ameba-v9.6c/component/network/rtsp/rtsp_api.c:242:6:rtsp_stream_context_init	16	static
/home/hdj/amb82-mini-RTL8735B/sdk-ameba-v9.6c-hard-spi/sdk-ameba-v9.6c/component/network/rtsp/rtsp_api.c:268:6:rtsp_stream_context_clear	16	static
/home/hdj/amb82-mini-RTL8735B/sdk-ameba-v9.6c-hard-spi/sdk-ameba-v9.6c/component/network/rtsp/rtsp_api.c:284:6:rtp_stream_statistics_sync	8	static
/home/hdj/amb82-mini-RTL8735B/sdk-ameba-v9.6c-hard-spi/sdk-ameba-v9.6c/component/network/rtsp/rtsp_api.c:1980:6:rtp_service_init	24	static
/home/hdj/amb82-mini-RTL8735B/sdk-ameba-v9.6c-hard-spi/sdk-ameba-v9.6c/component/network/rtsp/rtsp_api.c:318:22:rtsp_context_create	32	static
/home/hdj/amb82-mini-RTL8735B/sdk-ameba-v9.6c-hard-spi/sdk-ameba-v9.6c/component/network/rtsp/rtsp_api.c:391:6:rtsp_context_free	16	static
/home/hdj/amb82-mini-RTL8735B/sdk-ameba-v9.6c-hard-spi/sdk-ameba-v9.6c/component/network/rtsp/rtsp_api.c:426:10:rtsp_get_request_len	8	static
/home/hdj/amb82-mini-RTL8735B/sdk-ameba-v9.6c-hard-spi/sdk-ameba-v9.6c/component/network/rtsp/rtsp_api.c:454:7:rtsp_parse_header_line	120	static
/home/hdj/amb82-mini-RTL8735B/sdk-ameba-v9.6c-hard-spi/sdk-ameba-v9.6c/component/network/rtsp/rtsp_api.c:569:7:rtsp_parse_body_line	104	static
/home/hdj/amb82-mini-RTL8735B/sdk-ameba-v9.6c-hard-spi/sdk-ameba-v9.6c/component/network/rtsp/rtsp_api.c:711:6:rtsp_parse_request	16	static
/home/hdj/amb82-mini-RTL8735B/sdk-ameba-v9.6c-hard-spi/sdk-ameba-v9.6c/component/network/rtsp/rtsp_api.c:728:9:rtsp_response_ok	8	static
/home/hdj/amb82-mini-RTL8735B/sdk-ameba-v9.6c-hard-spi/sdk-ameba-v9.6c/component/network/rtsp/rtsp_api.c:786:6:set_profile_lv_string	0	static
/home/hdj/amb82-mini-RTL8735B/sdk-ameba-v9.6c-hard-spi/sdk-ameba-v9.6c/component/network/rtsp/rtsp_api.c:791:6:set_sps_string	0	static
/home/hdj/amb82-mini-RTL8735B/sdk-ameba-v9.6c-hard-spi/sdk-ameba-v9.6c/component/network/rtsp/rtsp_api.c:796:6:set_pps_string	0	static
/home/hdj/amb82-mini-RTL8735B/sdk-ameba-v9.6c-hard-spi/sdk-ameba-v9.6c/component/network/rtsp/rtsp_api.c:807:7:safe_strcat	24	static
/home/hdj/amb82-mini-RTL8735B/sdk-ameba-v9.6c-hard-spi/sdk-ameba-v9.6c/component/network/rtsp/rtsp_api.c:947:6:rtsp_create_sdp	1096	static
/home/hdj/amb82-mini-RTL8735B/sdk-ameba-v9.6c-hard-spi/sdk-ameba-v9.6c/component/network/rtsp/rtsp_api.c:1030:6:rtsp_cmd_options	8	static
/home/hdj/amb82-mini-RTL8735B/sdk-ameba-v9.6c-hard-spi/sdk-ameba-v9.6c/component/network/rtsp/rtsp_api.c:1039:6:rtsp_cmd_getparm	8	static
/home/hdj/amb82-mini-RTL8735B/sdk-ameba-v9.6c-hard-spi/sdk-ameba-v9.6c/component/network/rtsp/rtsp_api.c:1048:6:rtsp_cmd_describe	808	static
/home/hdj/amb82-mini-RTL8735B/sdk-ameba-v9.6c-hard-spi/sdk-ameba-v9.6c/component/network/rtsp/rtsp_api.c:1066:6:rtsp_cmd_setup	32	static
/home/hdj/amb82-mini-RTL8735B/sdk-ameba-v9.6c-hard-spi/sdk-ameba-v9.6c/component/network/rtsp/rtsp_api.c:1106:6:rtsp_cmd_play	8	static
/home/hdj/amb82-mini-RTL8735B/sdk-ameba-v9.6c-hard-spi/sdk-ameba-v9.6c/component/network/rtsp/rtsp_api.c:1115:6:rtsp_cmd_pause	0	static
/home/hdj/amb82-mini-RTL8735B/sdk-ameba-v9.6c-hard-spi/sdk-ameba-v9.6c/component/network/rtsp/rtsp_api.c:1124:6:rtsp_cmd_teardown	0	static
/home/hdj/amb82-mini-RTL8735B/sdk-ameba-v9.6c-hard-spi/sdk-ameba-v9.6c/component/network/rtsp/rtsp_api.c:1133:6:rtsp_cmd_error	8	static
/home/hdj/amb82-mini-RTL8735B/sdk-ameba-v9.6c-hard-spi/sdk-ameba-v9.6c/component/network/rtsp/rtsp_api.c:1141:6:rtsp_cmd_unsupported_transport	8	static
/home/hdj/amb82-mini-RTL8735B/sdk-ameba-v9.6c-hard-spi/sdk-ameba-v9.6c/component/network/rtsp/rtsp_api.c:1149:6:rtsp_cmd_destination_unreachable	8	static
/home/hdj/amb82-mini-RTL8735B/sdk-ameba-v9.6c-hard-spi/sdk-ameba-v9.6c/component/network/rtsp/rtsp_api.c:1157:6:rtsp_enable_stream	0	static
/home/hdj/amb82-mini-RTL8735B/sdk-ameba-v9.6c-hard-spi/sdk-ameba-v9.6c/component/network/rtsp/rtsp_api.c:1162:6:rtsp_disable_stream	0	static
/home/hdj/amb82-mini-RTL8735B/sdk-ameba-v9.6c-hard-spi/sdk-ameba-v9.6c/component/network/rtsp/rtsp_api.c:1167:5:rtsp_is_stream_enabled	0	static
/home/hdj/amb82-mini-RTL8735B/sdk-ameba-v9.6c-hard-spi/sdk-ameba-v9.6c/component/network/rtsp/rtsp_api.c:1172:6:rtsp_enable_service	0	static
/home/hdj/amb82-mini-RTL8735B/sdk-ameba-v9.6c-hard-spi/sdk-ameba-v9.6c/component/network/rtsp/rtsp_api.c:1177:6:rtsp_disable_service	0	static
/home/hdj/amb82-mini-RTL8735B/sdk-ameba-v9.6c-hard-spi/sdk-ameba-v9.6c/component/network/rtsp/rtsp_api.c:1182:5:rtsp_is_service_enabled	0	static
/home/hdj/amb82-mini-RTL8735B/sdk-ameba-v9.6c-hard-spi/sdk-ameba-v9.6c/component/network/rtsp/rtsp_api.c:1187:6:rtsp_close_service	0	static
/home/hdj/amb82-mini-RTL8735B/sdk-ameba-v9.6c-hard-spi/sdk-ameba-v9.6c/component/network/rtsp/rtsp_api.c:1193:6:show_result_statistics	32	static
/home/hdj/amb82-mini-RTL8735B/sdk-ameba-v9.6c-hard-spi/sdk-ameba-v9.6c/component/network/rtsp/rtsp_api.c:1355:6:rtsp_start_service	304	static
/home/hdj/amb82-mini-RTL8735B/sdk-ameba-v9.6c-hard-spi/sdk-ameba-v9.6c/component/network/rtsp/rtsp_api.c:2026:6:rtsp_service_init	16	static
/home/hdj/amb82-mini-RTL8735B/sdk-ameba-v9.6c-hard-spi/sdk-ameba-v9.6c/component/network/rtsp/rtsp_api.c:2042:5:rtsp_open	24	static
/home/hdj/amb82-mini-RTL8735B/sdk-ameba-v9.6c-hard-spi/sdk-ameba-v9.6c/component/network/rtsp/rtsp_api.c:2070:6:rtsp_start	16	static
/home/hdj/amb82-mini-RTL8735B/sdk-ameba-v9.6c-hard-spi/sdk-ameba-v9.6c/component/network/rtsp/rtsp_api.c:2088:6:rtsp_stop	0	static
/home/hdj/amb82-mini-RTL8735B/sdk-ameba-v9.6c-hard-spi/sdk-ameba-v9.6c/component/network/rtsp/rtsp_api.c:2093:6:rtsp_close	0	static
/home/hdj/amb82-mini-RTL8735B/sdk-ameba-v9.6c-hard-spi/sdk-ameba-v9.6c/component/network/rtsp/rtsp_api.c:2098:6:rtp_object_in_stream_queue	24	static
/home/hdj/amb82-mini-RTL8735B/sdk-ameba-v9.6c-hard-spi/sdk-ameba-v9.6c/component/network/rtsp/rtsp_api.c:2107:20:rtp_object_out_stream_queue	24	static
