/home/hdj/amb82-mini-RTL8735B/sdk-ameba-v9.6c/sdk-ameba-v9.6c/component/video/eip/eip_auto_wdr.c:30:6:eip_auto_wdr_task	24	static
/home/hdj/amb82-mini-RTL8735B/sdk-ameba-v9.6c/sdk-ameba-v9.6c/component/video/eip/eip_auto_wdr.c:6:6:eip_auto_wdr_get_version	8	static
/home/hdj/amb82-mini-RTL8735B/sdk-ameba-v9.6c/sdk-ameba-v9.6c/component/video/eip/eip_auto_wdr.c:11:6:eip_auto_wdr_show_info	24	static
/home/hdj/amb82-mini-RTL8735B/sdk-ameba-v9.6c/sdk-ameba-v9.6c/component/video/eip/eip_auto_wdr.c:80:6:eip_auto_wdr_task_start	24	static
/home/hdj/amb82-mini-RTL8735B/sdk-ameba-v9.6c/sdk-ameba-v9.6c/component/video/eip/eip_auto_wdr.c:106:6:eip_auto_wdr_task_stop	16	static
