/home/hdj/ameba-vl53l8/sdk-ameba-v9.6b/component/ssl/mbedtls-2.28.1/library/ctr_drbg.c:125:12:block_cipher_df	832	static
/home/hdj/ameba-vl53l8/sdk-ameba-v9.6b/component/ssl/mbedtls-2.28.1/library/ctr_drbg.c:253:12:ctr_drbg_update_internal	80	static
/home/hdj/ameba-vl53l8/sdk-ameba-v9.6b/component/ssl/mbedtls-2.28.1/library/ctr_drbg.c:361:12:mbedtls_ctr_drbg_reseed_internal	408	static
/home/hdj/ameba-vl53l8/sdk-ameba-v9.6b/component/ssl/mbedtls-2.28.1/library/ctr_drbg.c:51:6:mbedtls_ctr_drbg_init	8	static
/home/hdj/ameba-vl53l8/sdk-ameba-v9.6b/component/ssl/mbedtls-2.28.1/library/ctr_drbg.c:65:6:mbedtls_ctr_drbg_free	8	static
/home/hdj/ameba-vl53l8/sdk-ameba-v9.6b/component/ssl/mbedtls-2.28.1/library/ctr_drbg.c:81:6:mbedtls_ctr_drbg_set_prediction_resistance	0	static
/home/hdj/ameba-vl53l8/sdk-ameba-v9.6b/component/ssl/mbedtls-2.28.1/library/ctr_drbg.c:87:6:mbedtls_ctr_drbg_set_entropy_len	0	static
/home/hdj/ameba-vl53l8/sdk-ameba-v9.6b/component/ssl/mbedtls-2.28.1/library/ctr_drbg.c:93:5:mbedtls_ctr_drbg_set_nonce_len	0	static
/home/hdj/ameba-vl53l8/sdk-ameba-v9.6b/component/ssl/mbedtls-2.28.1/library/ctr_drbg.c:119:6:mbedtls_ctr_drbg_set_reseed_interval	0	static
/home/hdj/ameba-vl53l8/sdk-ameba-v9.6b/component/ssl/mbedtls-2.28.1/library/ctr_drbg.c:315:5:mbedtls_ctr_drbg_update_ret	64	static
/home/hdj/ameba-vl53l8/sdk-ameba-v9.6b/component/ssl/mbedtls-2.28.1/library/ctr_drbg.c:336:6:mbedtls_ctr_drbg_update	8	static
/home/hdj/ameba-vl53l8/sdk-ameba-v9.6b/component/ssl/mbedtls-2.28.1/library/ctr_drbg.c:417:5:mbedtls_ctr_drbg_reseed	8	static
/home/hdj/ameba-vl53l8/sdk-ameba-v9.6b/component/ssl/mbedtls-2.28.1/library/ctr_drbg.c:447:5:mbedtls_ctr_drbg_seed	64	static
/home/hdj/ameba-vl53l8/sdk-ameba-v9.6b/component/ssl/mbedtls-2.28.1/library/ctr_drbg.c:514:5:mbedtls_ctr_drbg_random_with_add	88	static
/home/hdj/ameba-vl53l8/sdk-ameba-v9.6b/component/ssl/mbedtls-2.28.1/library/ctr_drbg.c:591:5:mbedtls_ctr_drbg_random	16	static
