//home/hdj/ameba-mini/sdk-ameba-v9.6b_20231123/component/soc/8735b/fwlib/rtl8735b/source/ram/hal_snand.c:305:14:hal_snand_pinmux_ctl.part.0	8	static
/home/hdj/ameba-mini/sdk-ameba-v9.6b_20231123/component/soc/8735b/misc/utilities/include/memory.h:80:23:rt_memcpy.isra	8	static
//home/hdj/ameba-mini/sdk-ameba-v9.6b_20231123/component/soc/8735b/fwlib/rtl8735b/source/ram/hal_snand.c:305:14:hal_snand_pinmux_ctl	8	static
//home/hdj/ameba-mini/sdk-ameba-v9.6b_20231123/component/soc/8735b/fwlib/rtl8735b/source/ram/hal_snand.c:413:1:hal_snand_deinit	8	static
//home/hdj/ameba-mini/sdk-ameba-v9.6b_20231123/component/soc/8735b/fwlib/rtl8735b/source/ram/hal_snand.c:422:6:hal_snand_adtr_reset	8	static
//home/hdj/ameba-mini/sdk-ameba-v9.6b_20231123/component/soc/8735b/fwlib/rtl8735b/source/ram/hal_snand.c:457:6:hal_snand_clk_sel	0	static
//home/hdj/ameba-mini/sdk-ameba-v9.6b_20231123/component/soc/8735b/fwlib/rtl8735b/source/ram/hal_snand.c:468:1:hal_snand_reset_to_spi	8	static
//home/hdj/ameba-mini/sdk-ameba-v9.6b_20231123/component/soc/8735b/fwlib/rtl8735b/source/ram/hal_snand.c:477:1:hal_snand_read_id	8	static
//home/hdj/ameba-mini/sdk-ameba-v9.6b_20231123/component/soc/8735b/fwlib/rtl8735b/source/ram/hal_snand.c:524:1:hal_snand_set_status	8	static
//home/hdj/ameba-mini/sdk-ameba-v9.6b_20231123/component/soc/8735b/fwlib/rtl8735b/source/ram/hal_snand.c:535:1:hal_snand_set_status_no_check	8	static
//home/hdj/ameba-mini/sdk-ameba-v9.6b_20231123/component/soc/8735b/fwlib/rtl8735b/source/ram/hal_snand.c:546:1:hal_snand_get_status	8	static
//home/hdj/ameba-mini/sdk-ameba-v9.6b_20231123/component/soc/8735b/fwlib/rtl8735b/source/ram/hal_snand.c:493:1:hal_snand_set_quad_enable	8	static
//home/hdj/ameba-mini/sdk-ameba-v9.6b_20231123/component/soc/8735b/fwlib/rtl8735b/source/ram/hal_snand.c:508:1:hal_snand_unset_quad_enable	8	static
//home/hdj/ameba-mini/sdk-ameba-v9.6b_20231123/component/soc/8735b/fwlib/rtl8735b/source/ram/hal_snand.c:556:1:hal_snand_wait_ready	8	static
//home/hdj/ameba-mini/sdk-ameba-v9.6b_20231123/component/soc/8735b/fwlib/rtl8735b/source/ram/hal_snand.c:565:1:hal_snand_set_write_enable	8	static
//home/hdj/ameba-mini/sdk-ameba-v9.6b_20231123/component/soc/8735b/fwlib/rtl8735b/source/ram/hal_snand.c:574:1:hal_snand_set_write_disable	8	static
//home/hdj/ameba-mini/sdk-ameba-v9.6b_20231123/component/soc/8735b/fwlib/rtl8735b/source/ram/hal_snand.c:583:1:hal_snand_block_erase	8	static
//home/hdj/ameba-mini/sdk-ameba-v9.6b_20231123/component/soc/8735b/fwlib/rtl8735b/source/ram/hal_snand.c:595:1:hal_snand_page_program	8	static
//home/hdj/ameba-mini/sdk-ameba-v9.6b_20231123/component/soc/8735b/fwlib/rtl8735b/source/ram/hal_snand.c:607:1:hal_snand_pio_read	16	static
//home/hdj/ameba-mini/sdk-ameba-v9.6b_20231123/component/soc/8735b/fwlib/rtl8735b/source/ram/hal_snand.c:630:1:hal_snand_page_read	40	static
//home/hdj/ameba-mini/sdk-ameba-v9.6b_20231123/component/soc/8735b/fwlib/rtl8735b/source/ram/hal_snand.c:682:1:hal_snand_page_read_w_cache.constprop	8	static
//home/hdj/ameba-mini/sdk-ameba-v9.6b_20231123/component/soc/8735b/fwlib/rtl8735b/source/ram/hal_snand.c:702:1:hal_snand_pio_write	16	static
//home/hdj/ameba-mini/sdk-ameba-v9.6b_20231123/component/soc/8735b/fwlib/rtl8735b/source/ram/hal_snand.c:726:1:hal_snand_dma_read	16	static
//home/hdj/ameba-mini/sdk-ameba-v9.6b_20231123/component/soc/8735b/fwlib/rtl8735b/source/ram/hal_snand.c:750:1:hal_snand_dma_write	16	static
//home/hdj/ameba-mini/sdk-ameba-v9.6b_20231123/component/soc/8735b/fwlib/rtl8735b/source/ram/hal_snand.c:780:6:hal_snand_io_mode_sel	0	static
//home/hdj/ameba-mini/sdk-ameba-v9.6b_20231123/component/soc/8735b/fwlib/rtl8735b/source/ram/hal_snand.c:947:5:hal_snand_addr_cpy	24	static
//home/hdj/ameba-mini/sdk-ameba-v9.6b_20231123/component/soc/8735b/fwlib/rtl8735b/source/ram/hal_snand.c:974:6:hal_snand_addr_ofst	32	static
//home/hdj/ameba-mini/sdk-ameba-v9.6b_20231123/component/soc/8735b/fwlib/rtl8735b/source/ram/hal_snand.c:1121:12:hal_snand_map_blk	32	static
//home/hdj/ameba-mini/sdk-ameba-v9.6b_20231123/component/soc/8735b/fwlib/rtl8735b/source/ram/hal_snand.c:1009:5:hal_snand_init_ctrl_info	8	static
//home/hdj/ameba-mini/sdk-ameba-v9.6b_20231123/component/soc/8735b/fwlib/rtl8735b/source/ram/hal_snand.c:395:1:hal_snand_init	16	static
//home/hdj/ameba-mini/sdk-ameba-v9.6b_20231123/component/soc/8735b/fwlib/rtl8735b/source/ram/hal_snand.c:851:9:hal_snand_bus_calibr	112	static
//home/hdj/ameba-mini/sdk-ameba-v9.6b_20231123/component/soc/8735b/fwlib/rtl8735b/source/ram/hal_snand.c:1046:5:hal_snand_part_adpt_init	48	static
//home/hdj/ameba-mini/sdk-ameba-v9.6b_20231123/component/soc/8735b/fwlib/rtl8735b/source/ram/hal_snand.c:1171:5:hal_snand_ofst_2_addr	24	static
//home/hdj/ameba-mini/sdk-ameba-v9.6b_20231123/component/soc/8735b/fwlib/rtl8735b/source/ram/hal_snand.c:1219:5:hal_snand_load_from_part	48	static
//home/hdj/ameba-mini/sdk-ameba-v9.6b_20231123/component/soc/8735b/fwlib/rtl8735b/source/ram/hal_snand.c:1333:5:hal_snand_otp_clk_sel	0	static
