//home/hdj/ameba-mini/sdk-ameba-v9.6b_20231123/component/soc/8735b/fwlib/rtl8735b/source/ram/hal_eth.c:206:6:MII_IRQHandler	16	static
//home/hdj/ameba-mini/sdk-ameba-v9.6b_20231123/component/soc/8735b/fwlib/rtl8735b/source/ram/hal_eth.c:56:6:hal_eth_irq_unreg	8	static
//home/hdj/ameba-mini/sdk-ameba-v9.6b_20231123/component/soc/8735b/fwlib/rtl8735b/source/ram/hal_eth.c:69:6:hal_eth_set_mac_addr	8	static
//home/hdj/ameba-mini/sdk-ameba-v9.6b_20231123/component/soc/8735b/fwlib/rtl8735b/source/ram/hal_eth.c:82:6:hal_eth_get_mac_addr	8	static
//home/hdj/ameba-mini/sdk-ameba-v9.6b_20231123/component/soc/8735b/fwlib/rtl8735b/source/ram/hal_eth.c:96:6:hal_eth_set_desc_num	8	static
//home/hdj/ameba-mini/sdk-ameba-v9.6b_20231123/component/soc/8735b/fwlib/rtl8735b/source/ram/hal_eth.c:110:6:hal_eth_set_desc_addr	8	static
//home/hdj/ameba-mini/sdk-ameba-v9.6b_20231123/component/soc/8735b/fwlib/rtl8735b/source/ram/hal_eth.c:124:6:hal_eth_set_pkt_buf	8	static
//home/hdj/ameba-mini/sdk-ameba-v9.6b_20231123/component/soc/8735b/fwlib/rtl8735b/source/ram/hal_eth.c:130:6:hal_eth_sys_hw_ctrl	8	static
//home/hdj/ameba-mini/sdk-ameba-v9.6b_20231123/component/soc/8735b/fwlib/rtl8735b/source/ram/hal_eth.c:252:13:hal_eth_otp_lock	0	static
//home/hdj/ameba-mini/sdk-ameba-v9.6b_20231123/component/soc/8735b/fwlib/rtl8735b/source/ram/hal_eth.c:255:13:hal_eth_otp_unlock	0	static
//home/hdj/ameba-mini/sdk-ameba-v9.6b_20231123/component/soc/8735b/fwlib/rtl8735b/source/ram/hal_eth.c:508:6:hal_eth_deinit	8	static
//home/hdj/ameba-mini/sdk-ameba-v9.6b_20231123/component/soc/8735b/fwlib/rtl8735b/source/ram/hal_eth.c:540:5:hal_eth_write_data	8	static
//home/hdj/ameba-mini/sdk-ameba-v9.6b_20231123/component/soc/8735b/fwlib/rtl8735b/source/ram/hal_eth.c:553:5:hal_eth_send_pkt	8	static
//home/hdj/ameba-mini/sdk-ameba-v9.6b_20231123/component/soc/8735b/fwlib/rtl8735b/source/ram/hal_eth.c:566:5:hal_eth_receive_pkt	8	static
//home/hdj/ameba-mini/sdk-ameba-v9.6b_20231123/component/soc/8735b/fwlib/rtl8735b/source/ram/hal_eth.c:580:5:hal_eth_read_data	8	static
//home/hdj/ameba-mini/sdk-ameba-v9.6b_20231123/component/soc/8735b/fwlib/rtl8735b/source/ram/hal_eth.c:593:5:hal_eth_get_link_status	8	static
//home/hdj/ameba-mini/sdk-ameba-v9.6b_20231123/component/soc/8735b/fwlib/rtl8735b/source/ram/hal_eth.c:607:6:hal_eth_set_link	8	static
//home/hdj/ameba-mini/sdk-ameba-v9.6b_20231123/component/soc/8735b/fwlib/rtl8735b/source/ram/hal_eth.c:620:6:hal_eth_callback_hook	8	static
//home/hdj/ameba-mini/sdk-ameba-v9.6b_20231123/component/soc/8735b/fwlib/rtl8735b/source/ram/hal_eth.c:633:6:hal_eth_task_yield_hook	8	static
//home/hdj/ameba-mini/sdk-ameba-v9.6b_20231123/component/soc/8735b/fwlib/rtl8735b/source/ram/hal_eth.c:647:5:hal_eth_rd_phy_reg	8	static
//home/hdj/ameba-mini/sdk-ameba-v9.6b_20231123/component/soc/8735b/fwlib/rtl8735b/source/ram/hal_eth.c:662:5:hal_eth_wr_phy_reg	8	static
//home/hdj/ameba-mini/sdk-ameba-v9.6b_20231123/component/soc/8735b/fwlib/rtl8735b/source/ram/hal_eth.c:675:6:hal_eth_detect_phy_state	24	static
//home/hdj/ameba-mini/sdk-ameba-v9.6b_20231123/component/soc/8735b/fwlib/rtl8735b/source/ram/hal_eth.c:742:6:hal_eth_phy_eee_ctrl	8	static
//home/hdj/ameba-mini/sdk-ameba-v9.6b_20231123/component/soc/8735b/fwlib/rtl8735b/source/ram/hal_eth.c:276:14:hal_eth_init	48	static
