//home/hdj/ameba-mini/sdk-ameba-v9.6b_20231123/component/soc/8735b/fwlib/rtl8735b/source/ram/rtl8735b_eth.c:643:5:hal_rtl_eth_send_pkt	8	static
//home/hdj/ameba-mini/sdk-ameba-v9.6b_20231123/component/soc/8735b/fwlib/rtl8735b/source/ram/rtl8735b_eth.c:666:5:hal_rtl_eth_receive_pkt	16	static
//home/hdj/ameba-mini/sdk-ameba-v9.6b_20231123/component/soc/8735b/fwlib/rtl8735b/source/ram/rtl8735b_eth.c:750:5:hal_rtl_eth_get_link_status	0	static
//home/hdj/ameba-mini/sdk-ameba-v9.6b_20231123/component/soc/8735b/fwlib/rtl8735b/source/ram/rtl8735b_eth.c:578:5:hal_rtl_eth_write_data	40	static
//home/hdj/ameba-mini/sdk-ameba-v9.6b_20231123/component/soc/8735b/fwlib/rtl8735b/source/ram/rtl8735b_eth.c:702:5:hal_rtl_eth_read_data	40	static
//home/hdj/ameba-mini/sdk-ameba-v9.6b_20231123/component/soc/8735b/fwlib/rtl8735b/source/ram/rtl8735b_eth.c:877:5:hal_rtl_eth_rd_phy_reg	24	static
//home/hdj/ameba-mini/sdk-ameba-v9.6b_20231123/component/soc/8735b/fwlib/rtl8735b/source/ram/rtl8735b_eth.c:946:5:hal_rtl_eth_wr_phy_reg	32	static
//home/hdj/ameba-mini/sdk-ameba-v9.6b_20231123/component/soc/8735b/fwlib/rtl8735b/source/ram/rtl8735b_eth.c:772:6:hal_rtl_eth_set_link	16	static
//home/hdj/ameba-mini/sdk-ameba-v9.6b_20231123/component/soc/8735b/fwlib/rtl8735b/source/ram/rtl8735b_eth.c:1093:6:hal_rtl_eth_phy_eee_ctrl	16	static
//home/hdj/ameba-mini/sdk-ameba-v9.6b_20231123/component/soc/8735b/fwlib/rtl8735b/source/ram/rtl8735b_eth.c:210:6:hal_rtl_eth_set_desc_num	8	static
//home/hdj/ameba-mini/sdk-ameba-v9.6b_20231123/component/soc/8735b/fwlib/rtl8735b/source/ram/rtl8735b_eth.c:235:6:hal_rtl_eth_set_desc_addr	8	static
//home/hdj/ameba-mini/sdk-ameba-v9.6b_20231123/component/soc/8735b/fwlib/rtl8735b/source/ram/rtl8735b_eth.c:260:6:hal_rtl_eth_set_pkt_buf	8	static
//home/hdj/ameba-mini/sdk-ameba-v9.6b_20231123/component/soc/8735b/fwlib/rtl8735b/source/ram/rtl8735b_eth.c:838:6:hal_rtl_eth_callback_hook.part.0	8	static
//home/hdj/ameba-mini/sdk-ameba-v9.6b_20231123/component/soc/8735b/fwlib/rtl8735b/source/ram/rtl8735b_eth.c:838:6:hal_rtl_eth_callback_hook	8	static
//home/hdj/ameba-mini/sdk-ameba-v9.6b_20231123/component/soc/8735b/fwlib/rtl8735b/source/ram/rtl8735b_eth.c:857:6:hal_rtl_eth_task_yield_hook	8	static
//home/hdj/ameba-mini/sdk-ameba-v9.6b_20231123/component/soc/8735b/fwlib/rtl8735b/source/ram/rtl8735b_eth.c:284:6:hal_rtl_eth_set_mac_addr	8	static
//home/hdj/ameba-mini/sdk-ameba-v9.6b_20231123/component/soc/8735b/fwlib/rtl8735b/source/ram/rtl8735b_eth.c:303:6:hal_rtl_eth_get_mac_addr	8	static
//home/hdj/ameba-mini/sdk-ameba-v9.6b_20231123/component/soc/8735b/fwlib/rtl8735b/source/ram/rtl8735b_eth.c:193:6:hal_rtl_eth_irq_unreg	8	static
//home/hdj/ameba-mini/sdk-ameba-v9.6b_20231123/component/soc/8735b/fwlib/rtl8735b/source/ram/rtl8735b_eth.c:182:6:hal_rtl_eth_irq_reg	16	static
