/home/hdj/ameba-mini/sdk-ameba-v9.6b_20231123/component/soc/8735b/fwlib/rtl8735b/include/hal_irq.h:80:22:hal_irq_enable	8	static
/home/hdj/ameba-mini/sdk-ameba-v9.6b_20231123/component/soc/8735b/fwlib/rtl8735b/include/hal_irq.h:91:22:hal_irq_disable	8	static
/home/hdj/ameba-mini/sdk-ameba-v9.6b_20231123/component/soc/8735b/fwlib/rtl8735b/include/hal_irq.h:181:22:hal_irq_clear_pending	8	static
//home/hdj/ameba-mini/sdk-ameba-v9.6b_20231123/component/soc/8735b/fwlib/rtl8735b/source/ram/rtl8735b_i2s.c:162:6:I2S0_IRQHandler_ram	8	static
//home/hdj/ameba-mini/sdk-ameba-v9.6b_20231123/component/soc/8735b/fwlib/rtl8735b/source/ram/rtl8735b_i2s.c:181:6:I2S1_IRQHandler_ram	8	static
//home/hdj/ameba-mini/sdk-ameba-v9.6b_20231123/component/soc/8735b/fwlib/rtl8735b/source/ram/rtl8735b_i2s.c:641:6:hal_rtl_i2s_set_rate	0	static
//home/hdj/ameba-mini/sdk-ameba-v9.6b_20231123/component/soc/8735b/fwlib/rtl8735b/source/ram/rtl8735b_i2s.c:952:6:hal_rtl_i2s_clear_all_own_bit	0	static
//home/hdj/ameba-mini/sdk-ameba-v9.6b_20231123/component/soc/8735b/fwlib/rtl8735b/source/ram/rtl8735b_i2s.c:1007:6:hal_rtl_i2s_en_ctrl	0	static
//home/hdj/ameba-mini/sdk-ameba-v9.6b_20231123/component/soc/8735b/fwlib/rtl8735b/source/ram/rtl8735b_i2s.c:1031:6:hal_rtl_i2s_clr_intr	0	static
//home/hdj/ameba-mini/sdk-ameba-v9.6b_20231123/component/soc/8735b/fwlib/rtl8735b/source/ram/rtl8735b_i2s.c:1047:6:hal_rtl_i2s_clr_all_intr	0	static
//home/hdj/ameba-mini/sdk-ameba-v9.6b_20231123/component/soc/8735b/fwlib/rtl8735b/source/ram/rtl8735b_i2s.c:977:6:hal_rtl_i2s_reset	8	static
//home/hdj/ameba-mini/sdk-ameba-v9.6b_20231123/component/soc/8735b/fwlib/rtl8735b/source/ram/rtl8735b_i2s.c:1064:6:hal_rtl_i2s_intr_ctrl	0	static
//home/hdj/ameba-mini/sdk-ameba-v9.6b_20231123/component/soc/8735b/fwlib/rtl8735b/source/ram/rtl8735b_i2s.c:200:6:hal_rtl_i2s_irq_handler	56	static
//home/hdj/ameba-mini/sdk-ameba-v9.6b_20231123/component/soc/8735b/fwlib/rtl8735b/source/ram/rtl8735b_i2s.c:668:6:hal_rtl_i2s_set_dma_buf	16	static
//home/hdj/ameba-mini/sdk-ameba-v9.6b_20231123/component/soc/8735b/fwlib/rtl8735b/source/ram/rtl8735b_i2s.c:712:4:hal_rtl_i2s_get_tx_page	8	static
//home/hdj/ameba-mini/sdk-ameba-v9.6b_20231123/component/soc/8735b/fwlib/rtl8735b/source/ram/rtl8735b_i2s.c:760:4:hal_rtl_i2s_get_rx_page	8	static
//home/hdj/ameba-mini/sdk-ameba-v9.6b_20231123/component/soc/8735b/fwlib/rtl8735b/source/ram/rtl8735b_i2s.c:809:6:hal_rtl_i2s_page_send	24	static
//home/hdj/ameba-mini/sdk-ameba-v9.6b_20231123/component/soc/8735b/fwlib/rtl8735b/source/ram/rtl8735b_i2s.c:872:12:hal_rtl_i2s_page_recv	24	static
//home/hdj/ameba-mini/sdk-ameba-v9.6b_20231123/component/soc/8735b/fwlib/rtl8735b/source/ram/rtl8735b_i2s.c:339:12:hal_rtl_i2s_en_clk_ctrl	8	static
//home/hdj/ameba-mini/sdk-ameba-v9.6b_20231123/component/soc/8735b/fwlib/rtl8735b/source/ram/rtl8735b_i2s.c:366:12:hal_rtl_i2s_func_ctrl	16	static
//home/hdj/ameba-mini/sdk-ameba-v9.6b_20231123/component/soc/8735b/fwlib/rtl8735b/source/ram/rtl8735b_i2s.c:314:6:hal_rtl_i2s_irq_unreg	8	static
//home/hdj/ameba-mini/sdk-ameba-v9.6b_20231123/component/soc/8735b/fwlib/rtl8735b/source/ram/rtl8735b_i2s.c:494:6:hal_rtl_i2s_enter_critical	8	static
//home/hdj/ameba-mini/sdk-ameba-v9.6b_20231123/component/soc/8735b/fwlib/rtl8735b/source/ram/rtl8735b_i2s.c:515:6:hal_rtl_i2s_exit_critical	8	static
//home/hdj/ameba-mini/sdk-ameba-v9.6b_20231123/component/soc/8735b/fwlib/rtl8735b/source/ram/rtl8735b_i2s.c:1079:6:hal_rtl_i2s_read_memory_cache_invalidate	8	static
//home/hdj/ameba-mini/sdk-ameba-v9.6b_20231123/component/soc/8735b/fwlib/rtl8735b/source/ram/rtl8735b_i2s.c:462:12:hal_rtl_i2s_deinit	8	static
//home/hdj/ameba-mini/sdk-ameba-v9.6b_20231123/component/soc/8735b/fwlib/rtl8735b/source/ram/rtl8735b_i2s.c:557:6:hal_rtl_i2s_set_parameter	32	static
//home/hdj/ameba-mini/sdk-ameba-v9.6b_20231123/component/soc/8735b/fwlib/rtl8735b/source/ram/rtl8735b_i2s.c:289:6:hal_rtl_i2s_irq_reg	8	static
//home/hdj/ameba-mini/sdk-ameba-v9.6b_20231123/component/soc/8735b/fwlib/rtl8735b/source/ram/rtl8735b_i2s.c:420:12:hal_rtl_i2s_init	16	static
