/home/hdj/amb82-mini-RTL8735B/sdk-ameba-v9.6c-hard-spi/sdk-ameba-v9.6c/component/media/mmfv2/module_vipnn.c:922:7:vipnn_del_item	8	static
/home/hdj/amb82-mini-RTL8735B/sdk-ameba-v9.6c-hard-spi/sdk-ameba-v9.6c/component/media/mmfv2/module_vipnn.c:909:7:vipnn_new_item	8	static
/home/hdj/amb82-mini-RTL8735B/sdk-ameba-v9.6c-hard-spi/sdk-ameba-v9.6c/component/media/mmfv2/module_vipnn.c:439:5:vipnn_create_buffer_from_input	40	static
/home/hdj/amb82-mini-RTL8735B/sdk-ameba-v9.6c-hard-spi/sdk-ameba-v9.6c/component/media/mmfv2/module_vipnn.c:89:12:vipnn_handle	184	static
/home/hdj/amb82-mini-RTL8735B/sdk-ameba-v9.6c-hard-spi/sdk-ameba-v9.6c/component/media/mmfv2/module_vipnn.c:537:6:vipnn_dump_network_io_params	48	static
/home/hdj/amb82-mini-RTL8735B/sdk-ameba-v9.6c-hard-spi/sdk-ameba-v9.6c/component/media/mmfv2/module_vipnn.c:715:7:vipnn_allocate_videomemory	32	static
/home/hdj/amb82-mini-RTL8735B/sdk-ameba-v9.6c-hard-spi/sdk-ameba-v9.6c/component/media/mmfv2/module_vipnn.c:735:6:vipnn_free_videomemory	8	static
/home/hdj/amb82-mini-RTL8735B/sdk-ameba-v9.6c-hard-spi/sdk-ameba-v9.6c/component/media/mmfv2/module_vipnn.c:478:6:vipnn_deinited	24	static
/home/hdj/amb82-mini-RTL8735B/sdk-ameba-v9.6c-hard-spi/sdk-ameba-v9.6c/component/media/mmfv2/module_vipnn.c:511:7:vipnn_destroy	16	static
/home/hdj/amb82-mini-RTL8735B/sdk-ameba-v9.6c-hard-spi/sdk-ameba-v9.6c/component/media/mmfv2/module_vipnn.c:747:5:vipnn_load_model	16	static
/home/hdj/amb82-mini-RTL8735B/sdk-ameba-v9.6c-hard-spi/sdk-ameba-v9.6c/component/media/mmfv2/module_vipnn.c:766:5:vipnn_deoply_network	64	static
/home/hdj/amb82-mini-RTL8735B/sdk-ameba-v9.6c-hard-spi/sdk-ameba-v9.6c/component/media/mmfv2/module_vipnn.c:366:5:vipnn_control	16	static
/home/hdj/amb82-mini-RTL8735B/sdk-ameba-v9.6c-hard-spi/sdk-ameba-v9.6c/component/media/mmfv2/module_vipnn.c:860:6:vipnn_hardware_init	8	static
/home/hdj/amb82-mini-RTL8735B/sdk-ameba-v9.6c-hard-spi/sdk-ameba-v9.6c/component/media/mmfv2/module_vipnn.c:868:7:vipnn_create	24	static
