//home/hdj/ameba-mini/sdk-ameba-v9.6b_20231123/component/mbed/targets/hal/rtl8735b/ethernet_api.c:38:6:ethernet_irq_hook	8	static
//home/hdj/ameba-mini/sdk-ameba-v9.6b_20231123/component/mbed/targets/hal/rtl8735b/ethernet_api.c:49:6:ethernet_task_yield_hook	8	static
//home/hdj/ameba-mini/sdk-ameba-v9.6b_20231123/component/mbed/targets/hal/rtl8735b/ethernet_api.c:61:6:ethernet_set_descnum	8	static
//home/hdj/ameba-mini/sdk-ameba-v9.6b_20231123/component/mbed/targets/hal/rtl8735b/ethernet_api.c:77:6:ethernet_trx_pre_setting	24	static
//home/hdj/ameba-mini/sdk-ameba-v9.6b_20231123/component/mbed/targets/hal/rtl8735b/ethernet_api.c:94:6:ethernet_set_address	8	static
//home/hdj/ameba-mini/sdk-ameba-v9.6b_20231123/component/mbed/targets/hal/rtl8735b/ethernet_api.c:105:6:ethernet_detect_phy_state	8	static
//home/hdj/ameba-mini/sdk-ameba-v9.6b_20231123/component/mbed/targets/hal/rtl8735b/ethernet_api.c:111:6:ethernet_phy_eee_ctrl	8	static
//home/hdj/ameba-mini/sdk-ameba-v9.6b_20231123/component/mbed/targets/hal/rtl8735b/ethernet_api.c:117:5:ethernet_init	8	static
//home/hdj/ameba-mini/sdk-ameba-v9.6b_20231123/component/mbed/targets/hal/rtl8735b/ethernet_api.c:129:6:ethernet_free	8	static
//home/hdj/ameba-mini/sdk-ameba-v9.6b_20231123/component/mbed/targets/hal/rtl8735b/ethernet_api.c:138:5:ethernet_write	8	static
//home/hdj/ameba-mini/sdk-ameba-v9.6b_20231123/component/mbed/targets/hal/rtl8735b/ethernet_api.c:154:5:ethernet_send	8	static
//home/hdj/ameba-mini/sdk-ameba-v9.6b_20231123/component/mbed/targets/hal/rtl8735b/ethernet_api.c:161:5:ethernet_receive	8	static
//home/hdj/ameba-mini/sdk-ameba-v9.6b_20231123/component/mbed/targets/hal/rtl8735b/ethernet_api.c:169:5:ethernet_read	8	static
//home/hdj/ameba-mini/sdk-ameba-v9.6b_20231123/component/mbed/targets/hal/rtl8735b/ethernet_api.c:181:6:ethernet_address	8	static
//home/hdj/ameba-mini/sdk-ameba-v9.6b_20231123/component/mbed/targets/hal/rtl8735b/ethernet_api.c:193:5:ethernet_link	8	static
//home/hdj/ameba-mini/sdk-ameba-v9.6b_20231123/component/mbed/targets/hal/rtl8735b/ethernet_api.c:200:6:ethernet_set_link	8	static
