//home/hdj/ameba-mini/sdk-ameba-v9.6b_20231123/component/mbed/targets/hal/rtl8735b/gpio_irq_api.c:54:5:gpio_irq_init	24	static
//home/hdj/ameba-mini/sdk-ameba-v9.6b_20231123/component/mbed/targets/hal/rtl8735b/gpio_irq_api.c:111:6:gpio_irq_free	0	static
//home/hdj/ameba-mini/sdk-ameba-v9.6b_20231123/component/mbed/targets/hal/rtl8735b/gpio_irq_api.c:137:6:gpio_irq_set	16	static
//home/hdj/ameba-mini/sdk-ameba-v9.6b_20231123/component/mbed/targets/hal/rtl8735b/gpio_irq_api.c:163:6:gpio_irq_enable	8	static
//home/hdj/ameba-mini/sdk-ameba-v9.6b_20231123/component/mbed/targets/hal/rtl8735b/gpio_irq_api.c:173:6:gpio_irq_disable	8	static
//home/hdj/ameba-mini/sdk-ameba-v9.6b_20231123/component/mbed/targets/hal/rtl8735b/gpio_irq_api.c:183:6:gpio_irq_deinit	16	static
//home/hdj/ameba-mini/sdk-ameba-v9.6b_20231123/component/mbed/targets/hal/rtl8735b/gpio_irq_api.c:218:6:gpio_irq_pull_ctrl	8	static
//home/hdj/ameba-mini/sdk-ameba-v9.6b_20231123/component/mbed/targets/hal/rtl8735b/gpio_irq_api.c:249:6:gpio_irq_set_event	8	static
//home/hdj/ameba-mini/sdk-ameba-v9.6b_20231123/component/mbed/targets/hal/rtl8735b/gpio_irq_api.c:277:5:gpio_irq_debounce_set	8	static
//home/hdj/ameba-mini/sdk-ameba-v9.6b_20231123/component/mbed/targets/hal/rtl8735b/gpio_irq_api.c:300:5:gpio_irq_read	8	static
