/home/hdj/amb82-mini-RTL8735B/sdk-ameba-v9.6c/sdk-ameba-v9.6c/component/file_system/fatfs/disk_if/src/flash_fatfs.c:36:9:FLASH_disk_status	0	static
/home/hdj/amb82-mini-RTL8735B/sdk-ameba-v9.6c/sdk-ameba-v9.6c/component/file_system/fatfs/disk_if/src/flash_fatfs.c:130:9:FLASH_disk_ioctl	0	static
/home/hdj/amb82-mini-RTL8735B/sdk-ameba-v9.6c/sdk-ameba-v9.6c/component/file_system/fatfs/disk_if/src/flash_fatfs.c:43:9:FLASH_disk_initialize	8	static
/home/hdj/amb82-mini-RTL8735B/sdk-ameba-v9.6c/sdk-ameba-v9.6c/component/file_system/fatfs/disk_if/src/flash_fatfs.c:86:9:FLASH_disk_read	32	static
/home/hdj/amb82-mini-RTL8735B/sdk-ameba-v9.6c/sdk-ameba-v9.6c/component/file_system/fatfs/disk_if/src/flash_fatfs.c:103:9:FLASH_disk_write	48	static
/home/hdj/amb82-mini-RTL8735B/sdk-ameba-v9.6c/sdk-ameba-v9.6c/component/file_system/fatfs/disk_if/src/flash_fatfs.c:54:9:FLASH_disk_deinitialize	0	static
/home/hdj/amb82-mini-RTL8735B/sdk-ameba-v9.6c/sdk-ameba-v9.6c/component/file_system/fatfs/disk_if/src/flash_fatfs.c:25:9:interpret_flash_result	0	static
