/home/hdj/amb82-mini-RTL8735B/sdk-ameba-v9.6c/sdk-ameba-v9.6c/component/ssl/mbedtls-2.28.1/library/md5.c:46:6:mbedtls_md5_init	8	static
/home/hdj/amb82-mini-RTL8735B/sdk-ameba-v9.6c/sdk-ameba-v9.6c/component/ssl/mbedtls-2.28.1/library/md5.c:51:6:mbedtls_md5_free	8	static
/home/hdj/amb82-mini-RTL8735B/sdk-ameba-v9.6c/sdk-ameba-v9.6c/component/ssl/mbedtls-2.28.1/library/md5.c:59:6:mbedtls_md5_clone	8	static
/home/hdj/amb82-mini-RTL8735B/sdk-ameba-v9.6c/sdk-ameba-v9.6c/component/ssl/mbedtls-2.28.1/library/md5.c:68:5:mbedtls_md5_starts_ret	0	static
/home/hdj/amb82-mini-RTL8735B/sdk-ameba-v9.6c/sdk-ameba-v9.6c/component/ssl/mbedtls-2.28.1/library/md5.c:82:6:mbedtls_md5_starts	8	static
/home/hdj/amb82-mini-RTL8735B/sdk-ameba-v9.6c/sdk-ameba-v9.6c/component/ssl/mbedtls-2.28.1/library/md5.c:89:5:mbedtls_internal_md5_process	168	static
/home/hdj/amb82-mini-RTL8735B/sdk-ameba-v9.6c/sdk-ameba-v9.6c/component/ssl/mbedtls-2.28.1/library/md5.c:225:6:mbedtls_md5_process	8	static
/home/hdj/amb82-mini-RTL8735B/sdk-ameba-v9.6c/sdk-ameba-v9.6c/component/ssl/mbedtls-2.28.1/library/md5.c:236:5:mbedtls_md5_update_ret	32	static
/home/hdj/amb82-mini-RTL8735B/sdk-ameba-v9.6c/sdk-ameba-v9.6c/component/ssl/mbedtls-2.28.1/library/md5.c:285:6:mbedtls_md5_update	8	static
/home/hdj/amb82-mini-RTL8735B/sdk-ameba-v9.6c/sdk-ameba-v9.6c/component/ssl/mbedtls-2.28.1/library/md5.c:296:5:mbedtls_md5_finish_ret	16	static
/home/hdj/amb82-mini-RTL8735B/sdk-ameba-v9.6c/sdk-ameba-v9.6c/component/ssl/mbedtls-2.28.1/library/md5.c:351:6:mbedtls_md5_finish	8	static
/home/hdj/amb82-mini-RTL8735B/sdk-ameba-v9.6c/sdk-ameba-v9.6c/component/ssl/mbedtls-2.28.1/library/md5.c:363:5:mbedtls_md5_ret	104	static
/home/hdj/amb82-mini-RTL8735B/sdk-ameba-v9.6c/sdk-ameba-v9.6c/component/ssl/mbedtls-2.28.1/library/md5.c:388:6:mbedtls_md5	8	static
