//home/hdj/ameba-mini/sdk-ameba-v9.6b_20231123/project/realtek_amebapro2_v0_example/src/mmfv2_video_example/mmf2_video_example_av_mp4_init.c:125:5:mp4_stop_cb	8	static
//home/hdj/ameba-mini/sdk-ameba-v9.6b_20231123/project/realtek_amebapro2_v0_example/src/mmfv2_video_example/mmf2_video_example_av_mp4_init.c:130:5:mp4_end_cb	8	static
//home/hdj/ameba-mini/sdk-ameba-v9.6b_20231123/project/realtek_amebapro2_v0_example/src/mmfv2_video_example/mmf2_video_example_av_mp4_init.c:395:13:fUC	40	static
//home/hdj/ameba-mini/sdk-ameba-v9.6b_20231123/project/realtek_amebapro2_v0_example/src/mmfv2_video_example/mmf2_video_example_av_mp4_init.c:136:6:mmf2_video_example_av_mp4_init	88	static
