//home/hdj/ameba-mini/sdk-ameba-v9.6b_20231123/project/realtek_amebapro2_v0_example/src/mmfv2_video_example/mmf2_video_example_v1_snapshot_init.c:65:5:v1_snapshot_cb	8	static
//home/hdj/ameba-mini/sdk-ameba-v9.6b_20231123/project/realtek_amebapro2_v0_example/src/mmfv2_video_example/mmf2_video_example_v1_snapshot_init.c:79:6:snapshot_control_thread	8	static
//home/hdj/ameba-mini/sdk-ameba-v9.6b_20231123/project/realtek_amebapro2_v0_example/src/mmfv2_video_example/mmf2_video_example_v1_snapshot_init.c:204:13:fUC	32	static
//home/hdj/ameba-mini/sdk-ameba-v9.6b_20231123/project/realtek_amebapro2_v0_example/src/mmfv2_video_example/mmf2_video_example_v1_snapshot_init.c:90:6:mmf2_video_example_v1_shapshot_init	80	static
