/home/hdj/ameba-vl53l8/sdk-ameba-v9.6b/component/mbed/targets/hal/rtl8735b/flash_api.c:64:6:flash_pinmux_init	0	static
/home/hdj/ameba-vl53l8/sdk-ameba-v9.6b/component/mbed/targets/hal/rtl8735b/flash_api.c:100:6:flash_init	16	static
/home/hdj/ameba-vl53l8/sdk-ameba-v9.6b/component/mbed/targets/hal/rtl8735b/flash_api.c:121:5:flash_read_id	16	static
/home/hdj/ameba-vl53l8/sdk-ameba-v9.6b/component/mbed/targets/hal/rtl8735b/flash_api.c:153:5:flash_read_unique_id	16	static
/home/hdj/ameba-vl53l8/sdk-ameba-v9.6b/component/mbed/targets/hal/rtl8735b/flash_api.c:178:6:flash_erase_sector	16	static
/home/hdj/ameba-vl53l8/sdk-ameba-v9.6b/component/mbed/targets/hal/rtl8735b/flash_api.c:194:6:flash_erase_block	16	static
/home/hdj/ameba-vl53l8/sdk-ameba-v9.6b/component/mbed/targets/hal/rtl8735b/flash_api.c:209:6:flash_erase_chip	8	static
/home/hdj/ameba-vl53l8/sdk-ameba-v9.6b/component/mbed/targets/hal/rtl8735b/flash_api.c:225:6:flash_read_word	24	static
/home/hdj/ameba-vl53l8/sdk-ameba-v9.6b/component/mbed/targets/hal/rtl8735b/flash_api.c:241:6:flash_write_word	24	static
/home/hdj/ameba-vl53l8/sdk-ameba-v9.6b/component/mbed/targets/hal/rtl8735b/flash_api.c:260:6:flash_stream_read	24	static
/home/hdj/ameba-vl53l8/sdk-ameba-v9.6b/component/mbed/targets/hal/rtl8735b/flash_api.c:281:6:flash_stream_write	24	static
/home/hdj/ameba-vl53l8/sdk-ameba-v9.6b/component/mbed/targets/hal/rtl8735b/flash_api.c:299:6:flash_burst_read	0	static
/home/hdj/ameba-vl53l8/sdk-ameba-v9.6b/component/mbed/targets/hal/rtl8735b/flash_api.c:322:5:flash_burst_write	0	static
/home/hdj/ameba-vl53l8/sdk-ameba-v9.6b/component/mbed/targets/hal/rtl8735b/flash_api.c:343:5:flash_get_status	24	static
/home/hdj/ameba-vl53l8/sdk-ameba-v9.6b/component/mbed/targets/hal/rtl8735b/flash_api.c:370:5:flash_get_status2	24	static
/home/hdj/ameba-vl53l8/sdk-ameba-v9.6b/component/mbed/targets/hal/rtl8735b/flash_api.c:396:5:flash_get_status3	24	static
/home/hdj/ameba-vl53l8/sdk-ameba-v9.6b/component/mbed/targets/hal/rtl8735b/flash_api.c:426:5:flash_set_status	24	static
/home/hdj/ameba-vl53l8/sdk-ameba-v9.6b/component/mbed/targets/hal/rtl8735b/flash_api.c:477:5:flash_set_status2	24	static
/home/hdj/ameba-vl53l8/sdk-ameba-v9.6b/component/mbed/targets/hal/rtl8735b/flash_api.c:539:5:flash_set_status3	16	static
/home/hdj/ameba-vl53l8/sdk-ameba-v9.6b/component/mbed/targets/hal/rtl8735b/flash_api.c:568:6:flash_reset_status	8	static
/home/hdj/ameba-vl53l8/sdk-ameba-v9.6b/component/mbed/targets/hal/rtl8735b/flash_api.c:580:6:flash_get_size	8	static
/home/hdj/ameba-vl53l8/sdk-ameba-v9.6b/component/mbed/targets/hal/rtl8735b/flash_api.c:602:5:flash_set_extend_addr	16	static
/home/hdj/ameba-vl53l8/sdk-ameba-v9.6b/component/mbed/targets/hal/rtl8735b/flash_api.c:621:5:flash_get_extend_addr	16	static
/home/hdj/ameba-vl53l8/sdk-ameba-v9.6b/component/mbed/targets/hal/rtl8735b/flash_api.c:642:6:flash_set_lock_mode	16	static
/home/hdj/ameba-vl53l8/sdk-ameba-v9.6b/component/mbed/targets/hal/rtl8735b/flash_api.c:654:6:flash_global_lock	8	static
/home/hdj/ameba-vl53l8/sdk-ameba-v9.6b/component/mbed/targets/hal/rtl8735b/flash_api.c:666:6:flash_global_unlock	8	static
/home/hdj/ameba-vl53l8/sdk-ameba-v9.6b/component/mbed/targets/hal/rtl8735b/flash_api.c:684:6:flash_individual_lock	16	static
/home/hdj/ameba-vl53l8/sdk-ameba-v9.6b/component/mbed/targets/hal/rtl8735b/flash_api.c:696:6:flash_individual_unlock	16	static
/home/hdj/ameba-vl53l8/sdk-ameba-v9.6b/component/mbed/targets/hal/rtl8735b/flash_api.c:711:5:flash_read_individual_lock_state	16	static
/home/hdj/ameba-vl53l8/sdk-ameba-v9.6b/component/mbed/targets/hal/rtl8735b/flash_api.c:757:6:flash_mxic_enter_otp	8	static
/home/hdj/ameba-vl53l8/sdk-ameba-v9.6b/component/mbed/targets/hal/rtl8735b/flash_api.c:774:6:flash_mxic_exit_otp	8	static
/home/hdj/ameba-vl53l8/sdk-ameba-v9.6b/component/mbed/targets/hal/rtl8735b/flash_api.c:791:6:flash_mxic_lock_otp	8	static
