/home/hdj/ameba-vl53l8/sdk-ameba-v9.6b/component/mbed/targets/hal/rtl8735b/i2c_api.c:79:6:i2c_init	24	static
/home/hdj/ameba-vl53l8/sdk-ameba-v9.6b/component/mbed/targets/hal/rtl8735b/i2c_api.c:101:6:i2c_frequency	8	static
/home/hdj/ameba-vl53l8/sdk-ameba-v9.6b/component/mbed/targets/hal/rtl8735b/i2c_api.c:108:5:i2c_start	0	static
/home/hdj/ameba-vl53l8/sdk-ameba-v9.6b/component/mbed/targets/hal/rtl8735b/i2c_api.c:113:5:i2c_stop	0	static
/home/hdj/ameba-vl53l8/sdk-ameba-v9.6b/component/mbed/targets/hal/rtl8735b/i2c_api.c:118:6:i2c_reset	8	static
/home/hdj/ameba-vl53l8/sdk-ameba-v9.6b/component/mbed/targets/hal/rtl8735b/i2c_api.c:123:5:i2c_byte_read	16	static
/home/hdj/ameba-vl53l8/sdk-ameba-v9.6b/component/mbed/targets/hal/rtl8735b/i2c_api.c:143:5:i2c_byte_write	16	static
/home/hdj/ameba-vl53l8/sdk-ameba-v9.6b/component/mbed/targets/hal/rtl8735b/i2c_api.c:160:5:i2c_read	24	static
/home/hdj/ameba-vl53l8/sdk-ameba-v9.6b/component/mbed/targets/hal/rtl8735b/i2c_api.c:195:5:i2c_write	24	static
/home/hdj/ameba-vl53l8/sdk-ameba-v9.6b/component/mbed/targets/hal/rtl8735b/i2c_api.c:229:5:i2c_enable_control	8	static
/home/hdj/ameba-vl53l8/sdk-ameba-v9.6b/component/mbed/targets/hal/rtl8735b/i2c_api.c:234:6:i2c_restart_enable	8	static
/home/hdj/ameba-vl53l8/sdk-ameba-v9.6b/component/mbed/targets/hal/rtl8735b/i2c_api.c:240:6:i2c_restart_disable	8	static
/home/hdj/ameba-vl53l8/sdk-ameba-v9.6b/component/mbed/targets/hal/rtl8735b/i2c_api.c:246:6:i2c_slave_mode	16	static
/home/hdj/ameba-vl53l8/sdk-ameba-v9.6b/component/mbed/targets/hal/rtl8735b/i2c_api.c:263:6:i2c_slave_address	8	static
/home/hdj/ameba-vl53l8/sdk-ameba-v9.6b/component/mbed/targets/hal/rtl8735b/i2c_api.c:270:5:i2c_slave_receive	0	static
/home/hdj/ameba-vl53l8/sdk-ameba-v9.6b/component/mbed/targets/hal/rtl8735b/i2c_api.c:277:5:i2c_slave_read	24	static
/home/hdj/ameba-vl53l8/sdk-ameba-v9.6b/component/mbed/targets/hal/rtl8735b/i2c_api.c:306:5:i2c_slave_write	24	static
/home/hdj/ameba-vl53l8/sdk-ameba-v9.6b/component/mbed/targets/hal/rtl8735b/i2c_api.c:335:5:i2c_slave_set_for_rd_req	0	static
/home/hdj/ameba-vl53l8/sdk-ameba-v9.6b/component/mbed/targets/hal/rtl8735b/i2c_api.c:347:5:i2c_slave_set_for_data_nak	8	static
/home/hdj/ameba-vl53l8/sdk-ameba-v9.6b/component/mbed/targets/hal/rtl8735b/i2c_api.c:355:6:i2c_set_user_callback	0	static
/home/hdj/ameba-vl53l8/sdk-ameba-v9.6b/component/mbed/targets/hal/rtl8735b/i2c_api.c:379:6:i2c_clear_user_callback	0	static
