/home/hdj/ameba-vl53l8/sdk-ameba-v9.6b/component/mbed/targets/hal/rtl8735b/serial_api.c:108:13:_serial_tx_irq_handler	8	static
/home/hdj/ameba-vl53l8/sdk-ameba-v9.6b/component/mbed/targets/hal/rtl8735b/serial_api.c:296:21:_serial_recv_dma_enable	16	static
/home/hdj/ameba-vl53l8/sdk-ameba-v9.6b/component/mbed/targets/hal/rtl8735b/serial_api.c:58:6:serial_init	8	static
/home/hdj/ameba-vl53l8/sdk-ameba-v9.6b/component/mbed/targets/hal/rtl8735b/serial_api.c:79:6:serial_free	16	static
/home/hdj/ameba-vl53l8/sdk-ameba-v9.6b/component/mbed/targets/hal/rtl8735b/serial_api.c:95:6:serial_baud	8	static
/home/hdj/ameba-vl53l8/sdk-ameba-v9.6b/component/mbed/targets/hal/rtl8735b/serial_api.c:100:6:serial_format	8	static
/home/hdj/ameba-vl53l8/sdk-ameba-v9.6b/component/mbed/targets/hal/rtl8735b/serial_api.c:120:6:serial_irq_handler	24	static
/home/hdj/ameba-vl53l8/sdk-ameba-v9.6b/component/mbed/targets/hal/rtl8735b/serial_api.c:131:6:serial_irq_set	0	static
/home/hdj/ameba-vl53l8/sdk-ameba-v9.6b/component/mbed/targets/hal/rtl8735b/serial_api.c:171:5:serial_readable	0	static
/home/hdj/ameba-vl53l8/sdk-ameba-v9.6b/component/mbed/targets/hal/rtl8735b/serial_api.c:156:5:serial_getc	8	static
/home/hdj/ameba-vl53l8/sdk-ameba-v9.6b/component/mbed/targets/hal/rtl8735b/serial_api.c:180:5:serial_writable	0	static
/home/hdj/ameba-vl53l8/sdk-ameba-v9.6b/component/mbed/targets/hal/rtl8735b/serial_api.c:162:6:serial_putc	8	static
/home/hdj/ameba-vl53l8/sdk-ameba-v9.6b/component/mbed/targets/hal/rtl8735b/serial_api.c:189:6:serial_clear	8	static
/home/hdj/ameba-vl53l8/sdk-ameba-v9.6b/component/mbed/targets/hal/rtl8735b/serial_api.c:198:6:serial_clear_tx	0	static
/home/hdj/ameba-vl53l8/sdk-ameba-v9.6b/component/mbed/targets/hal/rtl8735b/serial_api.c:207:6:serial_clear_rx	8	static
/home/hdj/ameba-vl53l8/sdk-ameba-v9.6b/component/mbed/targets/hal/rtl8735b/serial_api.c:213:6:serial_pinout_tx	0	static
/home/hdj/ameba-vl53l8/sdk-ameba-v9.6b/component/mbed/targets/hal/rtl8735b/serial_api.c:220:6:serial_break_set	0	static
/home/hdj/ameba-vl53l8/sdk-ameba-v9.6b/component/mbed/targets/hal/rtl8735b/serial_api.c:225:6:serial_break_clear	0	static
/home/hdj/ameba-vl53l8/sdk-ameba-v9.6b/component/mbed/targets/hal/rtl8735b/serial_api.c:230:6:serial_send_comp_handler	8	static
/home/hdj/ameba-vl53l8/sdk-ameba-v9.6b/component/mbed/targets/hal/rtl8735b/serial_api.c:235:6:serial_recv_comp_handler	8	static
/home/hdj/ameba-vl53l8/sdk-ameba-v9.6b/component/mbed/targets/hal/rtl8735b/serial_api.c:240:6:serial_set_flow_control	8	static
/home/hdj/ameba-vl53l8/sdk-ameba-v9.6b/component/mbed/targets/hal/rtl8735b/serial_api.c:245:6:serial_rts_control	0	static
/home/hdj/ameba-vl53l8/sdk-ameba-v9.6b/component/mbed/targets/hal/rtl8735b/serial_api.c:251:9:serial_recv_blocked	16	static
/home/hdj/ameba-vl53l8/sdk-ameba-v9.6b/component/mbed/targets/hal/rtl8735b/serial_api.c:264:9:serial_send_blocked	16	static
/home/hdj/ameba-vl53l8/sdk-ameba-v9.6b/component/mbed/targets/hal/rtl8735b/serial_api.c:276:9:serial_recv_stream	8	static
/home/hdj/ameba-vl53l8/sdk-ameba-v9.6b/component/mbed/targets/hal/rtl8735b/serial_api.c:285:9:serial_send_stream	8	static
/home/hdj/ameba-vl53l8/sdk-ameba-v9.6b/component/mbed/targets/hal/rtl8735b/serial_api.c:316:9:serial_recv_stream_dma	24	static
/home/hdj/ameba-vl53l8/sdk-ameba-v9.6b/component/mbed/targets/hal/rtl8735b/serial_api.c:337:9:serial_send_stream_dma	24	static
/home/hdj/ameba-vl53l8/sdk-ameba-v9.6b/component/mbed/targets/hal/rtl8735b/serial_api.c:363:9:serial_recv_stream_dma_timeout	32	static
/home/hdj/ameba-vl53l8/sdk-ameba-v9.6b/component/mbed/targets/hal/rtl8735b/serial_api.c:412:9:serial_send_stream_abort	8	static
/home/hdj/ameba-vl53l8/sdk-ameba-v9.6b/component/mbed/targets/hal/rtl8735b/serial_api.c:417:9:serial_recv_stream_abort	8	static
/home/hdj/ameba-vl53l8/sdk-ameba-v9.6b/component/mbed/targets/hal/rtl8735b/serial_api.c:422:6:serial_disable	8	static
/home/hdj/ameba-vl53l8/sdk-ameba-v9.6b/component/mbed/targets/hal/rtl8735b/serial_api.c:427:6:serial_enable	8	static
/home/hdj/ameba-vl53l8/sdk-ameba-v9.6b/component/mbed/targets/hal/rtl8735b/serial_api.c:433:9:serial_recv_stream_timeout	32	static
/home/hdj/ameba-vl53l8/sdk-ameba-v9.6b/component/mbed/targets/hal/rtl8735b/serial_api.c:467:6:serial_hook_lock	0	static
/home/hdj/ameba-vl53l8/sdk-ameba-v9.6b/component/mbed/targets/hal/rtl8735b/serial_api.c:480:9:serial_raed_lsr	0	static
/home/hdj/ameba-vl53l8/sdk-ameba-v9.6b/component/mbed/targets/hal/rtl8735b/serial_api.c:494:9:serial_read_msr	0	static
/home/hdj/ameba-vl53l8/sdk-ameba-v9.6b/component/mbed/targets/hal/rtl8735b/serial_api.c:505:6:serial_rx_fifo_level	0	static
