/home/hdj/ameba-vl53l8/sdk-ameba-v9.6b/component/mbed/targets/hal/rtl8735b/snand_api.c:478:1:_snand_bbm_dump_short.isra	32	static
/home/hdj/ameba-vl53l8/sdk-ameba-v9.6b/component/mbed/targets/hal/rtl8735b/snand_api.c:398:1:snand_bbm_init	8	static
/home/hdj/ameba-vl53l8/sdk-ameba-v9.6b/component/mbed/targets/hal/rtl8735b/snand_api.c:527:1:snand_bbm_dump	16	static
/home/hdj/ameba-vl53l8/sdk-ameba-v9.6b/component/mbed/targets/hal/rtl8735b/snand_api.c:560:1:snand_bbm_create	32	static
/home/hdj/ameba-vl53l8/sdk-ameba-v9.6b/component/mbed/targets/hal/rtl8735b/snand_api.c:637:1:snand_bbm_load	24	static
/home/hdj/ameba-vl53l8/sdk-ameba-v9.6b/component/mbed/targets/hal/rtl8735b/snand_api.c:715:1:snand_bbm_store	32	static
/home/hdj/ameba-vl53l8/sdk-ameba-v9.6b/component/mbed/targets/hal/rtl8735b/snand_api.c:793:1:snand_bbm_isBadBlock	16	static
/home/hdj/ameba-vl53l8/sdk-ameba-v9.6b/component/mbed/targets/hal/rtl8735b/snand_api.c:842:1:snand_bbm_markBad	16	static
/home/hdj/ameba-vl53l8/sdk-ameba-v9.6b/component/mbed/targets/hal/rtl8735b/snand_api.c:907:1:snand_bbm_translate	24	static
/home/hdj/ameba-vl53l8/sdk-ameba-v9.6b/component/mbed/targets/hal/rtl8735b/snand_api.c:1070:6:snand_pinmux_init	0	static
/home/hdj/ameba-vl53l8/sdk-ameba-v9.6b/component/mbed/targets/hal/rtl8735b/snand_api.c:1119:6:snand_deinit	8	static
/home/hdj/ameba-vl53l8/sdk-ameba-v9.6b/component/mbed/targets/hal/rtl8735b/snand_api.c:1132:6:snand_init	16	static
/home/hdj/ameba-vl53l8/sdk-ameba-v9.6b/component/mbed/targets/hal/rtl8735b/snand_api.c:1266:5:snand_read_id	16	static
/home/hdj/ameba-vl53l8/sdk-ameba-v9.6b/component/mbed/targets/hal/rtl8735b/snand_api.c:1298:5:snand_erase_block	16	static
/home/hdj/ameba-vl53l8/sdk-ameba-v9.6b/component/mbed/targets/hal/rtl8735b/snand_api.c:1344:6:snand_page_read	24	static
/home/hdj/ameba-vl53l8/sdk-ameba-v9.6b/component/mbed/targets/hal/rtl8735b/snand_api.c:1403:5:snand_page_write	24	static
/home/hdj/ameba-vl53l8/sdk-ameba-v9.6b/component/mbed/targets/hal/rtl8735b/snand_api.c:1459:5:snand_get_feature	24	static
/home/hdj/ameba-vl53l8/sdk-ameba-v9.6b/component/mbed/targets/hal/rtl8735b/snand_api.c:1488:5:snand_set_feature	24	static
/home/hdj/ameba-vl53l8/sdk-ameba-v9.6b/component/mbed/targets/hal/rtl8735b/snand_api.c:1510:10:snand_get_size	8	static
/home/hdj/ameba-vl53l8/sdk-ameba-v9.6b/component/mbed/targets/hal/rtl8735b/snand_api.c:1531:6:snand_clk_faster	16	static
/home/hdj/ameba-vl53l8/sdk-ameba-v9.6b/component/mbed/targets/hal/rtl8735b/snand_api.c:1552:6:snand_clk_slower	16	static
/home/hdj/ameba-vl53l8/sdk-ameba-v9.6b/component/mbed/targets/hal/rtl8735b/snand_api.c:1580:6:snand_set_quad_bit_mode	16	static
/home/hdj/ameba-vl53l8/sdk-ameba-v9.6b/component/mbed/targets/hal/rtl8735b/snand_api.c:1609:6:snand_unset_quad_bit_mode	16	static
/home/hdj/ameba-vl53l8/sdk-ameba-v9.6b/component/mbed/targets/hal/rtl8735b/snand_api.c:1636:6:snand_set_lock_mode	16	static
/home/hdj/ameba-vl53l8/sdk-ameba-v9.6b/component/mbed/targets/hal/rtl8735b/snand_api.c:1650:6:snand_global_lock	16	static
/home/hdj/ameba-vl53l8/sdk-ameba-v9.6b/component/mbed/targets/hal/rtl8735b/snand_api.c:1664:6:snand_global_unlock	16	static
