//home/hdj/ameba-mini/sdk-ameba-v9.6b_20231123/component/network/cJSON/cJSON.c:548:17:parse_hex4	8	static
//home/hdj/ameba-mini/sdk-ameba-v9.6b_20231123/component/network/cJSON/cJSON.c:676:19:parse_string	40	static
//home/hdj/ameba-mini/sdk-ameba-v9.6b_20231123/component/network/cJSON/cJSON.c:914:22:buffer_skip_whitespace	8	static
//home/hdj/ameba-mini/sdk-ameba-v9.6b_20231123/component/network/cJSON/cJSON.c:1626:15:get_array_item	0	static
//home/hdj/ameba-mini/sdk-ameba-v9.6b_20231123/component/network/cJSON/cJSON.c:472:13:update_offset	16	static
//home/hdj/ameba-mini/sdk-ameba-v9.6b_20231123/component/network/cJSON/cJSON.c:401:23:ensure	16	static
//home/hdj/ameba-mini/sdk-ameba-v9.6b_20231123/component/network/cJSON/cJSON.c:1652:15:get_object_item	24	static
//home/hdj/ameba-mini/sdk-ameba-v9.6b_20231123/component/network/cJSON/cJSON.c:1720:19:add_item_to_array	0	static
//home/hdj/ameba-mini/sdk-ameba-v9.6b_20231123/component/network/cJSON/cJSON.c:791:19:print_string_ptr	40	static
//home/hdj/ameba-mini/sdk-ameba-v9.6b_20231123/component/network/cJSON/cJSON.c:181:23:cJSON_strdup.constprop	24	static
//home/hdj/ameba-mini/sdk-ameba-v9.6b_20231123/component/network/cJSON/cJSON.c:1770:19:add_item_to_object.constprop	24	static
//home/hdj/ameba-mini/sdk-ameba-v9.6b_20231123/component/network/cJSON/cJSON.c:228:15:cJSON_New_Item.isra	8	static
//home/hdj/ameba-mini/sdk-ameba-v9.6b_20231123/component/network/cJSON/cJSON.c:1701:15:create_reference.constprop	8	static
//home/hdj/ameba-mini/sdk-ameba-v9.6b_20231123/component/network/cJSON/cJSON.c:1205:19:print_value	88	static
//home/hdj/ameba-mini/sdk-ameba-v9.6b_20231123/component/network/cJSON/cJSON.c:1044:23:print.constprop	56	static
//home/hdj/ameba-mini/sdk-ameba-v9.6b_20231123/component/network/cJSON/cJSON.c:94:28:cJSON_GetErrorPtr	0	static
//home/hdj/ameba-mini/sdk-ameba-v9.6b_20231123/component/network/cJSON/cJSON.c:122:28:cJSON_Version	16	static
//home/hdj/ameba-mini/sdk-ameba-v9.6b_20231123/component/network/cJSON/cJSON.c:200:20:cJSON_InitHooks	12	static
//home/hdj/ameba-mini/sdk-ameba-v9.6b_20231123/component/network/cJSON/cJSON.c:239:20:cJSON_Delete	16	static
//home/hdj/ameba-mini/sdk-ameba-v9.6b_20231123/component/network/cJSON/cJSON.c:1157:19:parse_value	104	static
//home/hdj/ameba-mini/sdk-ameba-v9.6b_20231123/component/network/cJSON/cJSON.c:354:22:cJSON_SetNumberHelper	16	static
//home/hdj/ameba-mini/sdk-ameba-v9.6b_20231123/component/network/cJSON/cJSON.c:964:23:cJSON_ParseWithLengthOpts	64	static
//home/hdj/ameba-mini/sdk-ameba-v9.6b_20231123/component/network/cJSON/cJSON.c:949:23:cJSON_ParseWithOpts	24	static
//home/hdj/ameba-mini/sdk-ameba-v9.6b_20231123/component/network/cJSON/cJSON.c:1032:23:cJSON_Parse	8	static
//home/hdj/ameba-mini/sdk-ameba-v9.6b_20231123/component/network/cJSON/cJSON.c:1037:23:cJSON_ParseWithLength	8	static
//home/hdj/ameba-mini/sdk-ameba-v9.6b_20231123/component/network/cJSON/cJSON.c:1101:22:cJSON_Print	8	static
//home/hdj/ameba-mini/sdk-ameba-v9.6b_20231123/component/network/cJSON/cJSON.c:1106:22:cJSON_PrintUnformatted	8	static
//home/hdj/ameba-mini/sdk-ameba-v9.6b_20231123/component/network/cJSON/cJSON.c:1111:22:cJSON_PrintBuffered	64	static
//home/hdj/ameba-mini/sdk-ameba-v9.6b_20231123/component/network/cJSON/cJSON.c:1138:26:cJSON_PrintPreallocated	64	static
//home/hdj/ameba-mini/sdk-ameba-v9.6b_20231123/component/network/cJSON/cJSON.c:1605:19:cJSON_GetArraySize	0	static
//home/hdj/ameba-mini/sdk-ameba-v9.6b_20231123/component/network/cJSON/cJSON.c:1643:23:cJSON_GetArrayItem	8	static
//home/hdj/ameba-mini/sdk-ameba-v9.6b_20231123/component/network/cJSON/cJSON.c:1678:23:cJSON_GetObjectItem	8	static
//home/hdj/ameba-mini/sdk-ameba-v9.6b_20231123/component/network/cJSON/cJSON.c:1683:23:cJSON_GetObjectItemCaseSensitive	8	static
//home/hdj/ameba-mini/sdk-ameba-v9.6b_20231123/component/network/cJSON/cJSON.c:1688:26:cJSON_HasObjectItem	8	static
//home/hdj/ameba-mini/sdk-ameba-v9.6b_20231123/component/network/cJSON/cJSON.c:1749:26:cJSON_AddItemToArray	8	static
//home/hdj/ameba-mini/sdk-ameba-v9.6b_20231123/component/network/cJSON/cJSON.c:1802:26:cJSON_AddItemToObject	8	static
//home/hdj/ameba-mini/sdk-ameba-v9.6b_20231123/component/network/cJSON/cJSON.c:1808:26:cJSON_AddItemToObjectCS	8	static
//home/hdj/ameba-mini/sdk-ameba-v9.6b_20231123/component/network/cJSON/cJSON.c:1813:26:cJSON_AddItemReferenceToArray	8	static
//home/hdj/ameba-mini/sdk-ameba-v9.6b_20231123/component/network/cJSON/cJSON.c:1822:26:cJSON_AddItemReferenceToObject	16	static
//home/hdj/ameba-mini/sdk-ameba-v9.6b_20231123/component/network/cJSON/cJSON.c:1930:23:cJSON_DetachItemViaPointer	8	static
//home/hdj/ameba-mini/sdk-ameba-v9.6b_20231123/component/network/cJSON/cJSON.c:1960:23:cJSON_DetachItemFromArray	8	static
//home/hdj/ameba-mini/sdk-ameba-v9.6b_20231123/component/network/cJSON/cJSON.c:1969:20:cJSON_DeleteItemFromArray	8	static
//home/hdj/ameba-mini/sdk-ameba-v9.6b_20231123/component/network/cJSON/cJSON.c:1974:23:cJSON_DetachItemFromObject	8	static
//home/hdj/ameba-mini/sdk-ameba-v9.6b_20231123/component/network/cJSON/cJSON.c:1981:23:cJSON_DetachItemFromObjectCaseSensitive	8	static
//home/hdj/ameba-mini/sdk-ameba-v9.6b_20231123/component/network/cJSON/cJSON.c:1988:20:cJSON_DeleteItemFromObject	8	static
//home/hdj/ameba-mini/sdk-ameba-v9.6b_20231123/component/network/cJSON/cJSON.c:1993:20:cJSON_DeleteItemFromObjectCaseSensitive	8	static
//home/hdj/ameba-mini/sdk-ameba-v9.6b_20231123/component/network/cJSON/cJSON.c:1999:26:cJSON_InsertItemInArray	8	static
//home/hdj/ameba-mini/sdk-ameba-v9.6b_20231123/component/network/cJSON/cJSON.c:2023:26:cJSON_ReplaceItemViaPointer	8	static
//home/hdj/ameba-mini/sdk-ameba-v9.6b_20231123/component/network/cJSON/cJSON.c:2064:26:cJSON_ReplaceItemInArray	8	static
//home/hdj/ameba-mini/sdk-ameba-v9.6b_20231123/component/network/cJSON/cJSON.c:2100:23:cJSON_CreateNull	8	static
//home/hdj/ameba-mini/sdk-ameba-v9.6b_20231123/component/network/cJSON/cJSON.c:1831:23:cJSON_AddNullToObject	24	static
//home/hdj/ameba-mini/sdk-ameba-v9.6b_20231123/component/network/cJSON/cJSON.c:2110:23:cJSON_CreateTrue	8	static
//home/hdj/ameba-mini/sdk-ameba-v9.6b_20231123/component/network/cJSON/cJSON.c:1842:23:cJSON_AddTrueToObject	24	static
//home/hdj/ameba-mini/sdk-ameba-v9.6b_20231123/component/network/cJSON/cJSON.c:2120:23:cJSON_CreateFalse	8	static
//home/hdj/ameba-mini/sdk-ameba-v9.6b_20231123/component/network/cJSON/cJSON.c:1853:23:cJSON_AddFalseToObject	24	static
//home/hdj/ameba-mini/sdk-ameba-v9.6b_20231123/component/network/cJSON/cJSON.c:2130:23:cJSON_CreateBool	8	static
//home/hdj/ameba-mini/sdk-ameba-v9.6b_20231123/component/network/cJSON/cJSON.c:1864:23:cJSON_AddBoolToObject	24	static
//home/hdj/ameba-mini/sdk-ameba-v9.6b_20231123/component/network/cJSON/cJSON.c:2140:23:cJSON_CreateNumber	16	static
//home/hdj/ameba-mini/sdk-ameba-v9.6b_20231123/component/network/cJSON/cJSON.c:1875:23:cJSON_AddNumberToObject	16	static
//home/hdj/ameba-mini/sdk-ameba-v9.6b_20231123/component/network/cJSON/cJSON.c:2160:23:cJSON_CreateString	16	static
//home/hdj/ameba-mini/sdk-ameba-v9.6b_20231123/component/network/cJSON/cJSON.c:1886:23:cJSON_AddStringToObject	24	static
//home/hdj/ameba-mini/sdk-ameba-v9.6b_20231123/component/network/cJSON/cJSON.c:2175:23:cJSON_CreateStringReference	8	static
//home/hdj/ameba-mini/sdk-ameba-v9.6b_20231123/component/network/cJSON/cJSON.c:2186:23:cJSON_CreateObjectReference	8	static
//home/hdj/ameba-mini/sdk-ameba-v9.6b_20231123/component/network/cJSON/cJSON.c:2197:23:cJSON_CreateArrayReference	8	static
//home/hdj/ameba-mini/sdk-ameba-v9.6b_20231123/component/network/cJSON/cJSON.c:2208:23:cJSON_CreateRaw	16	static
//home/hdj/ameba-mini/sdk-ameba-v9.6b_20231123/component/network/cJSON/cJSON.c:1897:23:cJSON_AddRawToObject	24	static
//home/hdj/ameba-mini/sdk-ameba-v9.6b_20231123/component/network/cJSON/cJSON.c:2223:23:cJSON_CreateArray	8	static
//home/hdj/ameba-mini/sdk-ameba-v9.6b_20231123/component/network/cJSON/cJSON.c:1919:23:cJSON_AddArrayToObject	24	static
//home/hdj/ameba-mini/sdk-ameba-v9.6b_20231123/component/network/cJSON/cJSON.c:2233:23:cJSON_CreateObject	8	static
//home/hdj/ameba-mini/sdk-ameba-v9.6b_20231123/component/network/cJSON/cJSON.c:1908:23:cJSON_AddObjectToObject	24	static
//home/hdj/ameba-mini/sdk-ameba-v9.6b_20231123/component/network/cJSON/cJSON.c:2244:23:cJSON_CreateIntArray	32	static
//home/hdj/ameba-mini/sdk-ameba-v9.6b_20231123/component/network/cJSON/cJSON.c:2278:23:cJSON_CreateFloatArray	32	static
//home/hdj/ameba-mini/sdk-ameba-v9.6b_20231123/component/network/cJSON/cJSON.c:2312:23:cJSON_CreateDoubleArray	32	static
//home/hdj/ameba-mini/sdk-ameba-v9.6b_20231123/component/network/cJSON/cJSON.c:2346:23:cJSON_CreateStringArray	32	static
//home/hdj/ameba-mini/sdk-ameba-v9.6b_20231123/component/network/cJSON/cJSON.c:2381:23:cJSON_Duplicate	16	static
//home/hdj/ameba-mini/sdk-ameba-v9.6b_20231123/component/network/cJSON/cJSON.c:2497:20:cJSON_Minify	8	static
//home/hdj/ameba-mini/sdk-ameba-v9.6b_20231123/component/network/cJSON/cJSON.c:2539:26:cJSON_IsInvalid	0	static
//home/hdj/ameba-mini/sdk-ameba-v9.6b_20231123/component/network/cJSON/cJSON.c:2548:26:cJSON_IsFalse	0	static
//home/hdj/ameba-mini/sdk-ameba-v9.6b_20231123/component/network/cJSON/cJSON.c:2557:26:cJSON_IsTrue	0	static
//home/hdj/ameba-mini/sdk-ameba-v9.6b_20231123/component/network/cJSON/cJSON.c:2567:26:cJSON_IsBool	0	static
//home/hdj/ameba-mini/sdk-ameba-v9.6b_20231123/component/network/cJSON/cJSON.c:2575:26:cJSON_IsNull	0	static
//home/hdj/ameba-mini/sdk-ameba-v9.6b_20231123/component/network/cJSON/cJSON.c:2584:26:cJSON_IsNumber	0	static
//home/hdj/ameba-mini/sdk-ameba-v9.6b_20231123/component/network/cJSON/cJSON.c:108:22:cJSON_GetNumberValue	8	static
//home/hdj/ameba-mini/sdk-ameba-v9.6b_20231123/component/network/cJSON/cJSON.c:2593:26:cJSON_IsString	0	static
//home/hdj/ameba-mini/sdk-ameba-v9.6b_20231123/component/network/cJSON/cJSON.c:99:22:cJSON_GetStringValue	8	static
//home/hdj/ameba-mini/sdk-ameba-v9.6b_20231123/component/network/cJSON/cJSON.c:2602:26:cJSON_IsArray	0	static
//home/hdj/ameba-mini/sdk-ameba-v9.6b_20231123/component/network/cJSON/cJSON.c:2611:26:cJSON_IsObject	0	static
//home/hdj/ameba-mini/sdk-ameba-v9.6b_20231123/component/network/cJSON/cJSON.c:2620:26:cJSON_IsRaw	0	static
//home/hdj/ameba-mini/sdk-ameba-v9.6b_20231123/component/network/cJSON/cJSON.c:2629:26:cJSON_Compare	40	static
//home/hdj/ameba-mini/sdk-ameba-v9.6b_20231123/component/network/cJSON/cJSON.c:2737:22:cJSON_malloc	8	static
//home/hdj/ameba-mini/sdk-ameba-v9.6b_20231123/component/network/cJSON/cJSON.c:2742:20:cJSON_free	8	static
//home/hdj/ameba-mini/sdk-ameba-v9.6b_20231123/component/network/cJSON/cJSON.c:367:22:cJSON_SetValuestring	24	static
//home/hdj/ameba-mini/sdk-ameba-v9.6b_20231123/component/network/cJSON/cJSON.c:2073:19:replace_item_in_object	24	static
//home/hdj/ameba-mini/sdk-ameba-v9.6b_20231123/component/network/cJSON/cJSON.c:2089:26:cJSON_ReplaceItemInObject	8	static
//home/hdj/ameba-mini/sdk-ameba-v9.6b_20231123/component/network/cJSON/cJSON.c:2094:26:cJSON_ReplaceItemInObjectCaseSensitive	8	static
