//home/hdj/ameba-mini/sdk-ameba-v9.6b_20231123/component/lwip/lwip_v2.1.2/port/realtek/freertos/ethernetif.c:184:14:low_level_output_mii	0	static
//home/hdj/ameba-mini/sdk-ameba-v9.6b_20231123/component/lwip/lwip_v2.1.2/port/realtek/freertos/ethernetif.c:378:13:arp_timer	8	static
//home/hdj/ameba-mini/sdk-ameba-v9.6b_20231123/component/lwip/lwip_v2.1.2/port/realtek/freertos/ethernetif.c:148:14:low_level_output	272	static
//home/hdj/ameba-mini/sdk-ameba-v9.6b_20231123/component/lwip/lwip_v2.1.2/port/realtek/freertos/ethernetif.c:233:6:ethernetif_recv	272	static
//home/hdj/ameba-mini/sdk-ameba-v9.6b_20231123/component/lwip/lwip_v2.1.2/port/realtek/freertos/ethernetif.c:285:6:ethernetif_mii_recv	0	static
//home/hdj/ameba-mini/sdk-ameba-v9.6b_20231123/component/lwip/lwip_v2.1.2/port/realtek/freertos/ethernetif.c:329:7:ethernetif_init	0	static
//home/hdj/ameba-mini/sdk-ameba-v9.6b_20231123/component/lwip/lwip_v2.1.2/port/realtek/freertos/ethernetif.c:356:7:ethernetif_mii_init	0	static
//home/hdj/ameba-mini/sdk-ameba-v9.6b_20231123/component/lwip/lwip_v2.1.2/port/realtek/freertos/ethernetif.c:390:5:arp_timeout_exist	8	static
//home/hdj/ameba-mini/sdk-ameba-v9.6b_20231123/component/lwip/lwip_v2.1.2/port/realtek/freertos/ethernetif.c:405:6:lwip_PRE_SLEEP_PROCESSING	8	static
//home/hdj/ameba-mini/sdk-ameba-v9.6b_20231123/component/lwip/lwip_v2.1.2/port/realtek/freertos/ethernetif.c:414:6:lwip_POST_SLEEP_PROCESSING	8	static
