/home/hdj/amb82-mini-RTL8735B/sdk-ameba-v9.6b/component/file_system/nn/nn_file_op.c:14:7:nn_f_open	8	static
/home/hdj/amb82-mini-RTL8735B/sdk-ameba-v9.6b/component/file_system/nn/nn_file_op.c:28:6:nn_f_close	8	static
/home/hdj/amb82-mini-RTL8735B/sdk-ameba-v9.6b/component/file_system/nn/nn_file_op.c:37:5:nn_f_read	8	static
/home/hdj/amb82-mini-RTL8735B/sdk-ameba-v9.6b/component/file_system/nn/nn_file_op.c:46:5:nn_f_seek	8	static
/home/hdj/amb82-mini-RTL8735B/sdk-ameba-v9.6b/component/file_system/nn/nn_file_op.c:55:5:nn_f_tell	8	static
