/home/hdj/amb82-mini-RTL8735B/sdk-ameba-v9.6c/sdk-ameba-v9.6c/component/soc/8735b/misc/driver/rtl_console.c:316:10:uart_read_buffer	16	static
/home/hdj/amb82-mini-RTL8735B/sdk-ameba-v9.6c/sdk-ameba-v9.6c/component/soc/8735b/misc/driver/rtl_console.c:489:6:key_bridge_close	8	static
/home/hdj/amb82-mini-RTL8735B/sdk-ameba-v9.6c/sdk-ameba-v9.6c/component/soc/8735b/misc/driver/rtl_console.c:291:6:uart_irq	32	static
/home/hdj/amb82-mini-RTL8735B/sdk-ameba-v9.6c/sdk-ameba-v9.6c/component/soc/8735b/misc/driver/rtl_console.c:307:10:uart_write_buffer	24	static
/home/hdj/amb82-mini-RTL8735B/sdk-ameba-v9.6c/sdk-ameba-v9.6c/component/soc/8735b/misc/driver/rtl_console.c:416:13:console_io_init	8	static
/home/hdj/amb82-mini-RTL8735B/sdk-ameba-v9.6c/sdk-ameba-v9.6c/component/soc/8735b/misc/driver/rtl_console.c:48:6:_put_char_generic	8	static
/home/hdj/amb82-mini-RTL8735B/sdk-ameba-v9.6c/sdk-ameba-v9.6c/component/soc/8735b/misc/driver/rtl_console.c:58:6:_put_char	8	static
/home/hdj/amb82-mini-RTL8735B/sdk-ameba-v9.6c/sdk-ameba-v9.6c/component/soc/8735b/misc/driver/rtl_console.c:63:6:_send_string_generic	16	static
/home/hdj/amb82-mini-RTL8735B/sdk-ameba-v9.6c/sdk-ameba-v9.6c/component/soc/8735b/misc/driver/rtl_console.c:75:6:_send_string	8	static
/home/hdj/amb82-mini-RTL8735B/sdk-ameba-v9.6c/sdk-ameba-v9.6c/component/soc/8735b/misc/driver/rtl_console.c:80:6:_send_buf_generic	24	static
/home/hdj/amb82-mini-RTL8735B/sdk-ameba-v9.6c/sdk-ameba-v9.6c/component/soc/8735b/misc/driver/rtl_console.c:96:6:_send_buf	8	static
/home/hdj/amb82-mini-RTL8735B/sdk-ameba-v9.6c/sdk-ameba-v9.6c/component/soc/8735b/misc/driver/rtl_console.c:102:13:uart_set_dbgmon_pending	0	static
/home/hdj/amb82-mini-RTL8735B/sdk-ameba-v9.6c/sdk-ameba-v9.6c/component/soc/8735b/misc/driver/rtl_console.c:110:6:default_key_handling	24	static
/home/hdj/amb82-mini-RTL8735B/sdk-ameba-v9.6c/sdk-ameba-v9.6c/component/soc/8735b/misc/driver/rtl_console.c:228:6:uesrdef_key_handling	24	static
/home/hdj/amb82-mini-RTL8735B/sdk-ameba-v9.6c/sdk-ameba-v9.6c/component/soc/8735b/misc/driver/rtl_console.c:370:6:console_stdin_handler	32	static
/home/hdj/amb82-mini-RTL8735B/sdk-ameba-v9.6c/sdk-ameba-v9.6c/component/soc/8735b/misc/driver/rtl_console.c:241:6:key_event_register	20	static
/home/hdj/amb82-mini-RTL8735B/sdk-ameba-v9.6c/sdk-ameba-v9.6c/component/soc/8735b/misc/driver/rtl_console.c:285:5:loguart_readable	0	static
/home/hdj/amb82-mini-RTL8735B/sdk-ameba-v9.6c/sdk-ameba-v9.6c/component/soc/8735b/misc/driver/rtl_console.c:341:6:console_stdio_init	0	static
/home/hdj/amb82-mini-RTL8735B/sdk-ameba-v9.6c/sdk-ameba-v9.6c/component/soc/8735b/misc/driver/rtl_console.c:349:6:remote_stdio_init	0	static
/home/hdj/amb82-mini-RTL8735B/sdk-ameba-v9.6c/sdk-ameba-v9.6c/component/soc/8735b/misc/driver/rtl_console.c:357:6:console_stdio_get	0	static
/home/hdj/amb82-mini-RTL8735B/sdk-ameba-v9.6c/sdk-ameba-v9.6c/component/soc/8735b/misc/driver/rtl_console.c:363:6:remote_stdio_get	0	static
/home/hdj/amb82-mini-RTL8735B/sdk-ameba-v9.6c/sdk-ameba-v9.6c/component/soc/8735b/misc/driver/rtl_console.c:433:6:console_init	16	static
/home/hdj/amb82-mini-RTL8735B/sdk-ameba-v9.6c/sdk-ameba-v9.6c/component/soc/8735b/misc/driver/rtl_console.c:447:6:console_reinit_uart	16	static
/home/hdj/amb82-mini-RTL8735B/sdk-ameba-v9.6c/sdk-ameba-v9.6c/component/soc/8735b/misc/driver/rtl_console.c:496:6:key_bridge_register	8	static
