/home/hdj/amb82-mini-RTL8735B/sdk-ameba-v9.6b/component/media/mmfv2/module_array.c:405:5:array_handle	0	static
/home/hdj/amb82-mini-RTL8735B/sdk-ameba-v9.6b/component/media/mmfv2/module_array.c:456:7:array_new_item	0	static
/home/hdj/amb82-mini-RTL8735B/sdk-ameba-v9.6b/component/media/mmfv2/module_array.c:461:7:array_del_item	0	static
/home/hdj/amb82-mini-RTL8735B/sdk-ameba-v9.6b/component/media/mmfv2/module_array.c:410:7:array_destroy	8	static
/home/hdj/amb82-mini-RTL8735B/sdk-ameba-v9.6b/component/media/mmfv2/module_array.c:436:7:array_create	16	static
/home/hdj/amb82-mini-RTL8735B/sdk-ameba-v9.6b/component/media/mmfv2/module_array.c:42:6:timer_task_enable	16	static
/home/hdj/amb82-mini-RTL8735B/sdk-ameba-v9.6b/component/media/mmfv2/module_array.c:267:5:array_control	32	static
/home/hdj/amb82-mini-RTL8735B/sdk-ameba-v9.6b/component/media/mmfv2/module_array.c:53:10:array_get_opus_frame_size	0	static
/home/hdj/amb82-mini-RTL8735B/sdk-ameba-v9.6b/component/media/mmfv2/module_array.c:64:10:array_get_aac_frame_size	8	static
/home/hdj/amb82-mini-RTL8735B/sdk-ameba-v9.6b/component/media/mmfv2/module_array.c:95:10:array_get_h264_frame_size	16	static
/home/hdj/amb82-mini-RTL8735B/sdk-ameba-v9.6b/component/media/mmfv2/module_array.c:124:10:array_get_h265_frame_size	16	static
/home/hdj/amb82-mini-RTL8735B/sdk-ameba-v9.6b/component/media/mmfv2/module_array.c:154:6:frame_timer_handler	32	static
/home/hdj/amb82-mini-RTL8735B/sdk-ameba-v9.6b/component/media/mmfv2/module_array.c:26:13:array_timer_thread	16	static
