/home/hdj/amb82-mini-RTL8735B/sdk-ameba-v9.6c/sdk-ameba-v9.6c/component/lwip/lwip_v2.1.2/src/core/udp.c:87:1:udp_init	8	static
/home/hdj/amb82-mini-RTL8735B/sdk-ameba-v9.6c/sdk-ameba-v9.6c/component/lwip/lwip_v2.1.2/src/core/udp.c:127:1:udp_randomize_local_port	8	static
/home/hdj/amb82-mini-RTL8735B/sdk-ameba-v9.6c/sdk-ameba-v9.6c/component/lwip/lwip_v2.1.2/src/core/udp.c:213:1:udp_input	64	static
/home/hdj/amb82-mini-RTL8735B/sdk-ameba-v9.6c/sdk-ameba-v9.6c/component/lwip/lwip_v2.1.2/src/core/udp.c:951:1:udp_bind	24	static
/home/hdj/amb82-mini-RTL8735B/sdk-ameba-v9.6c/sdk-ameba-v9.6c/component/lwip/lwip_v2.1.2/src/core/udp.c:718:1:udp_sendto_if_src	56	static
/home/hdj/amb82-mini-RTL8735B/sdk-ameba-v9.6c/sdk-ameba-v9.6c/component/lwip/lwip_v2.1.2/src/core/udp.c:643:1:udp_sendto_if	24	static
/home/hdj/amb82-mini-RTL8735B/sdk-ameba-v9.6c/sdk-ameba-v9.6c/component/lwip/lwip_v2.1.2/src/core/udp.c:539:1:udp_sendto	32	static
/home/hdj/amb82-mini-RTL8735B/sdk-ameba-v9.6c/sdk-ameba-v9.6c/component/lwip/lwip_v2.1.2/src/core/udp.c:486:1:udp_send	8	static
/home/hdj/amb82-mini-RTL8735B/sdk-ameba-v9.6c/sdk-ameba-v9.6c/component/lwip/lwip_v2.1.2/src/core/udp.c:1061:1:udp_bind_netif	0	static
/home/hdj/amb82-mini-RTL8735B/sdk-ameba-v9.6c/sdk-ameba-v9.6c/component/lwip/lwip_v2.1.2/src/core/udp.c:1090:1:udp_connect	16	static
/home/hdj/amb82-mini-RTL8735B/sdk-ameba-v9.6c/sdk-ameba-v9.6c/component/lwip/lwip_v2.1.2/src/core/udp.c:1145:1:udp_disconnect	0	static
/home/hdj/amb82-mini-RTL8735B/sdk-ameba-v9.6c/sdk-ameba-v9.6c/component/lwip/lwip_v2.1.2/src/core/udp.c:1177:1:udp_recv	0	static
/home/hdj/amb82-mini-RTL8735B/sdk-ameba-v9.6c/sdk-ameba-v9.6c/component/lwip/lwip_v2.1.2/src/core/udp.c:1198:1:udp_remove	8	static
/home/hdj/amb82-mini-RTL8735B/sdk-ameba-v9.6c/sdk-ameba-v9.6c/component/lwip/lwip_v2.1.2/src/core/udp.c:1237:1:udp_new	8	static
/home/hdj/amb82-mini-RTL8735B/sdk-ameba-v9.6c/sdk-ameba-v9.6c/component/lwip/lwip_v2.1.2/src/core/udp.c:1274:1:udp_new_ip_type	8	static
/home/hdj/amb82-mini-RTL8735B/sdk-ameba-v9.6c/sdk-ameba-v9.6c/component/lwip/lwip_v2.1.2/src/core/udp.c:1297:6:udp_netif_ip_addr_changed	8	static
/home/hdj/amb82-mini-RTL8735B/sdk-ameba-v9.6c/sdk-ameba-v9.6c/component/lwip/lwip_v2.1.2/src/core/udp.c:1334:10:udp_get_last_port	0	static
/home/hdj/amb82-mini-RTL8735B/sdk-ameba-v9.6c/sdk-ameba-v9.6c/component/lwip/lwip_v2.1.2/src/core/udp.c:1339:6:udp_set_last_port	0	static
