//home/hdj/ameba-mini/sdk-ameba-v9.6b_20231123/component/ssl/mbedtls-2.28.1/library/aes_alt.c:332:13:mbedtls_gf128mul_x_ble	16	static
//home/hdj/ameba-mini/sdk-ameba-v9.6b_20231123/component/ssl/mbedtls-2.28.1/library/aes_alt.c:46:6:mbedtls_aes_init	8	static
//home/hdj/ameba-mini/sdk-ameba-v9.6b_20231123/component/ssl/mbedtls-2.28.1/library/aes_alt.c:53:6:mbedtls_aes_free	8	static
//home/hdj/ameba-mini/sdk-ameba-v9.6b_20231123/component/ssl/mbedtls-2.28.1/library/aes_alt.c:62:6:mbedtls_aes_xts_init	8	static
//home/hdj/ameba-mini/sdk-ameba-v9.6b_20231123/component/ssl/mbedtls-2.28.1/library/aes_alt.c:70:6:mbedtls_aes_xts_free	8	static
//home/hdj/ameba-mini/sdk-ameba-v9.6b_20231123/component/ssl/mbedtls-2.28.1/library/aes_alt.c:83:5:mbedtls_aes_setkey_enc	8	static
//home/hdj/ameba-mini/sdk-ameba-v9.6b_20231123/component/ssl/mbedtls-2.28.1/library/aes_alt.c:106:5:mbedtls_aes_setkey_dec	8	static
//home/hdj/ameba-mini/sdk-ameba-v9.6b_20231123/component/ssl/mbedtls-2.28.1/library/aes_alt.c:149:5:mbedtls_aes_xts_setkey_enc	24	static
//home/hdj/ameba-mini/sdk-ameba-v9.6b_20231123/component/ssl/mbedtls-2.28.1/library/aes_alt.c:174:5:mbedtls_aes_xts_setkey_dec	0	static
//home/hdj/ameba-mini/sdk-ameba-v9.6b_20231123/component/ssl/mbedtls-2.28.1/library/aes_alt.c:221:5:mbedtls_aes_crypt_ecb	128	static
//home/hdj/ameba-mini/sdk-ameba-v9.6b_20231123/component/ssl/mbedtls-2.28.1/library/aes_alt.c:201:6:mbedtls_aes_encrypt	8	static
//home/hdj/ameba-mini/sdk-ameba-v9.6b_20231123/component/ssl/mbedtls-2.28.1/library/aes_alt.c:210:6:mbedtls_aes_decrypt	8	static
//home/hdj/ameba-mini/sdk-ameba-v9.6b_20231123/component/ssl/mbedtls-2.28.1/library/aes_alt.c:254:5:mbedtls_aes_crypt_cbc	248	static
//home/hdj/ameba-mini/sdk-ameba-v9.6b_20231123/component/ssl/mbedtls-2.28.1/library/aes_alt.c:350:5:mbedtls_aes_crypt_xts	96	static
//home/hdj/ameba-mini/sdk-ameba-v9.6b_20231123/component/ssl/mbedtls-2.28.1/library/aes_alt.c:461:5:mbedtls_aes_crypt_cfb128	32	static
//home/hdj/ameba-mini/sdk-ameba-v9.6b_20231123/component/ssl/mbedtls-2.28.1/library/aes_alt.c:531:5:mbedtls_aes_crypt_cfb8	56	static
//home/hdj/ameba-mini/sdk-ameba-v9.6b_20231123/component/ssl/mbedtls-2.28.1/library/aes_alt.c:576:5:mbedtls_aes_crypt_ofb	32	static
//home/hdj/ameba-mini/sdk-ameba-v9.6b_20231123/component/ssl/mbedtls-2.28.1/library/aes_alt.c:621:5:mbedtls_aes_crypt_ctr	40	static
