/home/hdj/amb82-mini-RTL8735B/sdk-ameba-v9.6b/component/example/ssl_client/ssl_client.c:282:13:my_debug	8	static
/home/hdj/amb82-mini-RTL8735B/sdk-ameba-v9.6b/component/example/ssl_client/ssl_client.c:329:13:ssl_client	1104	static
/home/hdj/amb82-mini-RTL8735B/sdk-ameba-v9.6b/component/example/ssl_client/ssl_client.c:297:12:my_random	8	static
/home/hdj/amb82-mini-RTL8735B/sdk-ameba-v9.6b/component/example/ssl_client/ssl_client.c:306:14:my_calloc	16	static
/home/hdj/amb82-mini-RTL8735B/sdk-ameba-v9.6b/component/example/ssl_client/ssl_client.c:526:6:start_ssl_client	16	static
/home/hdj/amb82-mini-RTL8735B/sdk-ameba-v9.6b/component/example/ssl_client/ssl_client.c:536:6:do_ssl_connect	16	static
/home/hdj/amb82-mini-RTL8735B/sdk-ameba-v9.6b/component/example/ssl_client/ssl_client.c:554:6:cmd_ssl_client	24	static
