/home/hdj/amb82-mini-RTL8735B/sdk-ameba-v9.6c-hard-spi/sdk-ameba-v9.6c/component/ssl/mbedtls-2.28.1/library/cipher_wrap.c:1851:13:arc4_ctx_free	8	static
/home/hdj/amb82-mini-RTL8735B/sdk-ameba-v9.6c-hard-spi/sdk-ameba-v9.6c/component/ssl/mbedtls-2.28.1/library/cipher_wrap.c:1838:15:arc4_ctx_alloc	8	static
/home/hdj/amb82-mini-RTL8735B/sdk-ameba-v9.6c-hard-spi/sdk-ameba-v9.6c/component/ssl/mbedtls-2.28.1/library/cipher_wrap.c:1827:12:arc4_setkey_wrap	8	static
/home/hdj/amb82-mini-RTL8735B/sdk-ameba-v9.6c-hard-spi/sdk-ameba-v9.6c/component/ssl/mbedtls-2.28.1/library/cipher_wrap.c:1820:12:arc4_crypt_stream_wrap	8	static
/home/hdj/amb82-mini-RTL8735B/sdk-ameba-v9.6c-hard-spi/sdk-ameba-v9.6c/component/ssl/mbedtls-2.28.1/library/cipher_wrap.c:118:13:ccm_ctx_free	8	static
/home/hdj/amb82-mini-RTL8735B/sdk-ameba-v9.6c-hard-spi/sdk-ameba-v9.6c/component/ssl/mbedtls-2.28.1/library/cipher_wrap.c:108:14:ccm_ctx_alloc	8	static
/home/hdj/amb82-mini-RTL8735B/sdk-ameba-v9.6c-hard-spi/sdk-ameba-v9.6c/component/ssl/mbedtls-2.28.1/library/cipher_wrap.c:584:12:ccm_aes_setkey_wrap	8	static
/home/hdj/amb82-mini-RTL8735B/sdk-ameba-v9.6c-hard-spi/sdk-ameba-v9.6c/component/ssl/mbedtls-2.28.1/library/cipher_wrap.c:99:13:gcm_ctx_free	8	static
/home/hdj/amb82-mini-RTL8735B/sdk-ameba-v9.6c-hard-spi/sdk-ameba-v9.6c/component/ssl/mbedtls-2.28.1/library/cipher_wrap.c:89:14:gcm_ctx_alloc	8	static
/home/hdj/amb82-mini-RTL8735B/sdk-ameba-v9.6c-hard-spi/sdk-ameba-v9.6c/component/ssl/mbedtls-2.28.1/library/cipher_wrap.c:515:12:gcm_aes_setkey_wrap	8	static
/home/hdj/amb82-mini-RTL8735B/sdk-ameba-v9.6c-hard-spi/sdk-ameba-v9.6c/component/ssl/mbedtls-2.28.1/library/cipher_wrap.c:443:14:xts_aes_ctx_alloc	8	static
/home/hdj/amb82-mini-RTL8735B/sdk-ameba-v9.6c-hard-spi/sdk-ameba-v9.6c/component/ssl/mbedtls-2.28.1/library/cipher_wrap.c:436:12:xts_aes_setkey_dec_wrap	8	static
/home/hdj/amb82-mini-RTL8735B/sdk-ameba-v9.6c-hard-spi/sdk-ameba-v9.6c/component/ssl/mbedtls-2.28.1/library/cipher_wrap.c:429:12:xts_aes_setkey_enc_wrap	8	static
/home/hdj/amb82-mini-RTL8735B/sdk-ameba-v9.6c-hard-spi/sdk-ameba-v9.6c/component/ssl/mbedtls-2.28.1/library/cipher_wrap.c:172:12:aes_crypt_xts_wrap	16	static
/home/hdj/amb82-mini-RTL8735B/sdk-ameba-v9.6c-hard-spi/sdk-ameba-v9.6c/component/ssl/mbedtls-2.28.1/library/cipher_wrap.c:222:13:aes_ctx_free	8	static
/home/hdj/amb82-mini-RTL8735B/sdk-ameba-v9.6c-hard-spi/sdk-ameba-v9.6c/component/ssl/mbedtls-2.28.1/library/cipher_wrap.c:210:15:aes_ctx_alloc	8	static
/home/hdj/amb82-mini-RTL8735B/sdk-ameba-v9.6c-hard-spi/sdk-ameba-v9.6c/component/ssl/mbedtls-2.28.1/library/cipher_wrap.c:198:12:aes_setkey_dec_wrap	8	static
/home/hdj/amb82-mini-RTL8735B/sdk-ameba-v9.6c-hard-spi/sdk-ameba-v9.6c/component/ssl/mbedtls-2.28.1/library/cipher_wrap.c:204:12:aes_setkey_enc_wrap	8	static
/home/hdj/amb82-mini-RTL8735B/sdk-ameba-v9.6c-hard-spi/sdk-ameba-v9.6c/component/ssl/mbedtls-2.28.1/library/cipher_wrap.c:162:12:aes_crypt_ctr_wrap	24	static
/home/hdj/amb82-mini-RTL8735B/sdk-ameba-v9.6c-hard-spi/sdk-ameba-v9.6c/component/ssl/mbedtls-2.28.1/library/cipher_wrap.c:153:12:aes_crypt_ofb_wrap	16	static
/home/hdj/amb82-mini-RTL8735B/sdk-ameba-v9.6c-hard-spi/sdk-ameba-v9.6c/component/ssl/mbedtls-2.28.1/library/cipher_wrap.c:143:12:aes_crypt_cfb128_wrap	24	static
/home/hdj/amb82-mini-RTL8735B/sdk-ameba-v9.6c-hard-spi/sdk-ameba-v9.6c/component/ssl/mbedtls-2.28.1/library/cipher_wrap.c:134:12:aes_crypt_cbc_wrap	16	static
/home/hdj/amb82-mini-RTL8735B/sdk-ameba-v9.6c-hard-spi/sdk-ameba-v9.6c/component/ssl/mbedtls-2.28.1/library/cipher_wrap.c:127:12:aes_crypt_ecb_wrap	8	static
/home/hdj/amb82-mini-RTL8735B/sdk-ameba-v9.6c-hard-spi/sdk-ameba-v9.6c/component/ssl/mbedtls-2.28.1/library/cipher_wrap.c:453:13:xts_aes_ctx_free	8	static
