/home/hdj/amb82-mini-RTL8735B/sdk-ameba-v9.6c-hard-spi/sdk-ameba-v9.6c/component/ssl/mbedtls-2.28.1/library/entropy.c:180:12:entropy_update	96	static
/home/hdj/amb82-mini-RTL8735B/sdk-ameba-v9.6c-hard-spi/sdk-ameba-v9.6c/component/ssl/mbedtls-2.28.1/library/entropy.c:259:12:entropy_gather_internal.part.0	168	static
/home/hdj/amb82-mini-RTL8735B/sdk-ameba-v9.6c-hard-spi/sdk-ameba-v9.6c/component/ssl/mbedtls-2.28.1/library/entropy.c:117:6:mbedtls_entropy_free	8	static
/home/hdj/amb82-mini-RTL8735B/sdk-ameba-v9.6c-hard-spi/sdk-ameba-v9.6c/component/ssl/mbedtls-2.28.1/library/entropy.c:143:5:mbedtls_entropy_add_source	12	static
/home/hdj/amb82-mini-RTL8735B/sdk-ameba-v9.6c-hard-spi/sdk-ameba-v9.6c/component/ssl/mbedtls-2.28.1/library/entropy.c:60:6:mbedtls_entropy_init	24	static
/home/hdj/amb82-mini-RTL8735B/sdk-ameba-v9.6c-hard-spi/sdk-ameba-v9.6c/component/ssl/mbedtls-2.28.1/library/entropy.c:236:5:mbedtls_entropy_update_manual	8	static
/home/hdj/amb82-mini-RTL8735B/sdk-ameba-v9.6c-hard-spi/sdk-ameba-v9.6c/component/ssl/mbedtls-2.28.1/library/entropy.c:309:5:mbedtls_entropy_gather	8	static
/home/hdj/amb82-mini-RTL8735B/sdk-ameba-v9.6c-hard-spi/sdk-ameba-v9.6c/component/ssl/mbedtls-2.28.1/library/entropy.c:328:5:mbedtls_entropy_func	88	static
