/home/hdj/amb82-mini-RTL8735B/sdk-ameba-v9.6c-hard-spi/sdk-ameba-v9.6c/component/ssl/mbedtls-2.28.1/library/sha1.c:51:6:mbedtls_sha1_init	8	static
/home/hdj/amb82-mini-RTL8735B/sdk-ameba-v9.6c-hard-spi/sdk-ameba-v9.6c/component/ssl/mbedtls-2.28.1/library/sha1.c:58:6:mbedtls_sha1_free	8	static
/home/hdj/amb82-mini-RTL8735B/sdk-ameba-v9.6c-hard-spi/sdk-ameba-v9.6c/component/ssl/mbedtls-2.28.1/library/sha1.c:66:6:mbedtls_sha1_clone	8	static
/home/hdj/amb82-mini-RTL8735B/sdk-ameba-v9.6c-hard-spi/sdk-ameba-v9.6c/component/ssl/mbedtls-2.28.1/library/sha1.c:78:5:mbedtls_sha1_starts_ret	0	static
/home/hdj/amb82-mini-RTL8735B/sdk-ameba-v9.6c-hard-spi/sdk-ameba-v9.6c/component/ssl/mbedtls-2.28.1/library/sha1.c:95:6:mbedtls_sha1_starts	8	static
/home/hdj/amb82-mini-RTL8735B/sdk-ameba-v9.6c-hard-spi/sdk-ameba-v9.6c/component/ssl/mbedtls-2.28.1/library/sha1.c:102:5:mbedtls_internal_sha1_process	232	static
/home/hdj/amb82-mini-RTL8735B/sdk-ameba-v9.6c-hard-spi/sdk-ameba-v9.6c/component/ssl/mbedtls-2.28.1/library/sha1.c:275:6:mbedtls_sha1_process	8	static
/home/hdj/amb82-mini-RTL8735B/sdk-ameba-v9.6c-hard-spi/sdk-ameba-v9.6c/component/ssl/mbedtls-2.28.1/library/sha1.c:286:5:mbedtls_sha1_update_ret	32	static
/home/hdj/amb82-mini-RTL8735B/sdk-ameba-v9.6c-hard-spi/sdk-ameba-v9.6c/component/ssl/mbedtls-2.28.1/library/sha1.c:337:6:mbedtls_sha1_update	8	static
/home/hdj/amb82-mini-RTL8735B/sdk-ameba-v9.6c-hard-spi/sdk-ameba-v9.6c/component/ssl/mbedtls-2.28.1/library/sha1.c:348:5:mbedtls_sha1_finish_ret	16	static
/home/hdj/amb82-mini-RTL8735B/sdk-ameba-v9.6c-hard-spi/sdk-ameba-v9.6c/component/ssl/mbedtls-2.28.1/library/sha1.c:407:6:mbedtls_sha1_finish	8	static
/home/hdj/amb82-mini-RTL8735B/sdk-ameba-v9.6c-hard-spi/sdk-ameba-v9.6c/component/ssl/mbedtls-2.28.1/library/sha1.c:419:5:mbedtls_sha1_ret	120	static
/home/hdj/amb82-mini-RTL8735B/sdk-ameba-v9.6c-hard-spi/sdk-ameba-v9.6c/component/ssl/mbedtls-2.28.1/library/sha1.c:447:6:mbedtls_sha1	8	static
