/home/hdj/amb82-mini-RTL8735B/sdk-ameba-v9.6b/component/lwip/lwip_v2.1.2/src/api/sockets.c:517:1:alloc_socket	32	static
/home/hdj/amb82-mini-RTL8735B/sdk-ameba-v9.6b/component/lwip/lwip_v2.1.2/src/api/sockets.c:1786:1:lwip_link_select_cb	8	static
/home/hdj/amb82-mini-RTL8735B/sdk-ameba-v9.6b/component/lwip/lwip_v2.1.2/src/api/sockets.c:1810:1:lwip_unlink_select_cb	8	static
/home/hdj/amb82-mini-RTL8735B/sdk-ameba-v9.6b/component/lwip/lwip_v2.1.2/src/api/sockets.c:2208:1:lwip_pollscan	48	static
/home/hdj/amb82-mini-RTL8735B/sdk-ameba-v9.6b/component/lwip/lwip_v2.1.2/src/api/sockets.c:1850:1:lwip_selscan	80	static
/home/hdj/amb82-mini-RTL8735B/sdk-ameba-v9.6b/component/lwip/lwip_v2.1.2/src/api/sockets.c:936:1:lwip_recv_tcp	48	static
/home/hdj/amb82-mini-RTL8735B/sdk-ameba-v9.6b/component/lwip/lwip_v2.1.2/src/api/sockets.c:495:1:get_socket	8	static
/home/hdj/amb82-mini-RTL8735B/sdk-ameba-v9.6b/component/lwip/lwip_v2.1.2/src/api/sockets.c:2715:1:lwip_getaddrname	48	static
/home/hdj/amb82-mini-RTL8735B/sdk-ameba-v9.6b/component/lwip/lwip_v2.1.2/src/api/sockets.c:2492:1:event_callback	56	static
/home/hdj/amb82-mini-RTL8735B/sdk-ameba-v9.6b/component/lwip/lwip_v2.1.2/src/api/sockets.c:1039:1:lwip_sock_make_addr.constprop.isra	32	static
/home/hdj/amb82-mini-RTL8735B/sdk-ameba-v9.6b/component/lwip/lwip_v2.1.2/src/api/sockets.c:1104:1:lwip_recvfrom_udp_raw.constprop	48	static
/home/hdj/amb82-mini-RTL8735B/sdk-ameba-v9.6b/component/lwip/lwip_v2.1.2/src/api/sockets.c:610:1:free_socket	24	static
/home/hdj/amb82-mini-RTL8735B/sdk-ameba-v9.6b/component/lwip/lwip_v2.1.2/src/api/sockets.c:3347:1:lwip_setsockopt_callback	32	static
/home/hdj/amb82-mini-RTL8735B/sdk-ameba-v9.6b/component/lwip/lwip_v2.1.2/src/api/sockets.c:2864:1:lwip_getsockopt_callback	16	static
/home/hdj/amb82-mini-RTL8735B/sdk-ameba-v9.6b/component/lwip/lwip_v2.1.2/src/api/sockets.c:336:1:lwip_socket_thread_init	0	static
/home/hdj/amb82-mini-RTL8735B/sdk-ameba-v9.6b/component/lwip/lwip_v2.1.2/src/api/sockets.c:343:1:lwip_socket_thread_cleanup	0	static
/home/hdj/amb82-mini-RTL8735B/sdk-ameba-v9.6b/component/lwip/lwip_v2.1.2/src/api/sockets.c:438:1:lwip_socket_dbg_get_socket	0	static
/home/hdj/amb82-mini-RTL8735B/sdk-ameba-v9.6b/component/lwip/lwip_v2.1.2/src/api/sockets.c:636:1:lwip_accept	56	static
/home/hdj/amb82-mini-RTL8735B/sdk-ameba-v9.6b/component/lwip/lwip_v2.1.2/src/api/sockets.c:734:1:lwip_bind	24	static
/home/hdj/amb82-mini-RTL8735B/sdk-ameba-v9.6b/component/lwip/lwip_v2.1.2/src/api/sockets.c:788:1:lwip_close	40	static
/home/hdj/amb82-mini-RTL8735B/sdk-ameba-v9.6b/component/lwip/lwip_v2.1.2/src/api/sockets.c:829:1:lwip_connect	24	static
/home/hdj/amb82-mini-RTL8735B/sdk-ameba-v9.6b/component/lwip/lwip_v2.1.2/src/api/sockets.c:897:1:lwip_listen	16	static
/home/hdj/amb82-mini-RTL8735B/sdk-ameba-v9.6b/component/lwip/lwip_v2.1.2/src/api/sockets.c:1215:1:lwip_recvfrom	72	static
/home/hdj/amb82-mini-RTL8735B/sdk-ameba-v9.6b/component/lwip/lwip_v2.1.2/src/api/sockets.c:1268:1:lwip_read	16	static
/home/hdj/amb82-mini-RTL8735B/sdk-ameba-v9.6b/component/lwip/lwip_v2.1.2/src/api/sockets.c:1291:1:lwip_recv	16	static
/home/hdj/amb82-mini-RTL8735B/sdk-ameba-v9.6b/component/lwip/lwip_v2.1.2/src/api/sockets.c:1297:1:lwip_recvmsg	40	static
/home/hdj/amb82-mini-RTL8735B/sdk-ameba-v9.6b/component/lwip/lwip_v2.1.2/src/api/sockets.c:1274:1:lwip_readv	40	static
/home/hdj/amb82-mini-RTL8735B/sdk-ameba-v9.6b/component/lwip/lwip_v2.1.2/src/api/sockets.c:1438:1:lwip_sendmsg	48	static
/home/hdj/amb82-mini-RTL8735B/sdk-ameba-v9.6b/component/lwip/lwip_v2.1.2/src/api/sockets.c:1601:1:lwip_sendto	48	static
/home/hdj/amb82-mini-RTL8735B/sdk-ameba-v9.6b/component/lwip/lwip_v2.1.2/src/api/sockets.c:1398:1:lwip_send	40	static
/home/hdj/amb82-mini-RTL8735B/sdk-ameba-v9.6b/component/lwip/lwip_v2.1.2/src/api/sockets.c:1700:1:lwip_socket	16	static
/home/hdj/amb82-mini-RTL8735B/sdk-ameba-v9.6b/component/lwip/lwip_v2.1.2/src/api/sockets.c:1761:1:lwip_write	8	static
/home/hdj/amb82-mini-RTL8735B/sdk-ameba-v9.6b/component/lwip/lwip_v2.1.2/src/api/sockets.c:1767:1:lwip_writev	40	static
/home/hdj/amb82-mini-RTL8735B/sdk-ameba-v9.6b/component/lwip/lwip_v2.1.2/src/api/sockets.c:1979:1:lwip_select	128	static
/home/hdj/amb82-mini-RTL8735B/sdk-ameba-v9.6b/component/lwip/lwip_v2.1.2/src/api/sockets.c:2334:1:lwip_poll	64	static
/home/hdj/amb82-mini-RTL8735B/sdk-ameba-v9.6b/component/lwip/lwip_v2.1.2/src/api/sockets.c:2670:1:lwip_shutdown	16	static
/home/hdj/amb82-mini-RTL8735B/sdk-ameba-v9.6b/component/lwip/lwip_v2.1.2/src/api/sockets.c:2762:1:lwip_getpeername	8	static
/home/hdj/amb82-mini-RTL8735B/sdk-ameba-v9.6b/component/lwip/lwip_v2.1.2/src/api/sockets.c:2769:1:lwip_getsocklasterr	8	static
/home/hdj/amb82-mini-RTL8735B/sdk-ameba-v9.6b/component/lwip/lwip_v2.1.2/src/api/sockets.c:2777:1:lwip_getsockname	8	static
/home/hdj/amb82-mini-RTL8735B/sdk-ameba-v9.6b/component/lwip/lwip_v2.1.2/src/api/sockets.c:2783:1:lwip_getsockopt	56	static
/home/hdj/amb82-mini-RTL8735B/sdk-ameba-v9.6b/component/lwip/lwip_v2.1.2/src/api/sockets.c:3271:1:lwip_setsockopt	56	static
/home/hdj/amb82-mini-RTL8735B/sdk-ameba-v9.6b/component/lwip/lwip_v2.1.2/src/api/sockets.c:3837:1:lwip_ioctl	16	static
/home/hdj/amb82-mini-RTL8735B/sdk-ameba-v9.6b/component/lwip/lwip_v2.1.2/src/api/sockets.c:3930:1:lwip_fcntl	16	static
/home/hdj/amb82-mini-RTL8735B/sdk-ameba-v9.6b/component/lwip/lwip_v2.1.2/src/api/sockets.c:4013:1:lwip_inet_ntop	8	static
/home/hdj/amb82-mini-RTL8735B/sdk-ameba-v9.6b/component/lwip/lwip_v2.1.2/src/api/sockets.c:4046:1:lwip_inet_pton	8	static
/home/hdj/amb82-mini-RTL8735B/sdk-ameba-v9.6b/component/lwip/lwip_v2.1.2/src/api/sockets.c:4257:5:lwip_allocsocketsd	16	static
/home/hdj/amb82-mini-RTL8735B/sdk-ameba-v9.6b/component/lwip/lwip_v2.1.2/src/api/sockets.c:4280:6:lwip_setsockrcvevent	8	static
/home/hdj/amb82-mini-RTL8735B/sdk-ameba-v9.6b/component/lwip/lwip_v2.1.2/src/api/sockets.c:4291:6:lwip_selectevindicate	32	static
/home/hdj/amb82-mini-RTL8735B/sdk-ameba-v9.6b/component/lwip/lwip_v2.1.2/src/api/sockets.c:4322:5:lwip_gettcpstatus	16	static
/home/hdj/amb82-mini-RTL8735B/sdk-ameba-v9.6b/component/lwip/lwip_v2.1.2/src/api/sockets.c:4344:5:lwip_retain_tcp	24	static
/home/hdj/amb82-mini-RTL8735B/sdk-ameba-v9.6b/component/lwip/lwip_v2.1.2/src/api/sockets.c:4368:5:lwip_resume_tcp	48	static
/home/hdj/amb82-mini-RTL8735B/sdk-ameba-v9.6b/component/lwip/lwip_v2.1.2/src/api/sockets.c:4499:5:lwip_set_tcp_resume	0	static
/home/hdj/amb82-mini-RTL8735B/sdk-ameba-v9.6b/component/lwip/lwip_v2.1.2/src/api/sockets.c:4506:9:lwip_check_tcp_resume	0	static
/home/hdj/amb82-mini-RTL8735B/sdk-ameba-v9.6b/component/lwip/lwip_v2.1.2/src/api/sockets.c:4511:5:lwip_set_resume_packet	16	static
/home/hdj/amb82-mini-RTL8735B/sdk-ameba-v9.6b/component/lwip/lwip_v2.1.2/src/api/sockets.c:4530:5:lwip_set_resume_packet_with_index	16	static
/home/hdj/amb82-mini-RTL8735B/sdk-ameba-v9.6b/component/lwip/lwip_v2.1.2/src/api/sockets.c:4549:6:lwip_recover_resume_keepalive	0	static
