/home/hdj/amb82-mini-RTL8735B/sdk-ameba-v9.6c-hard-spi/sdk-ameba-v9.6c/component/at_cmd/atcmd_wifi.c:1609:6:fATWw	0	static
/home/hdj/amb82-mini-RTL8735B/sdk-ameba-v9.6c-hard-spi/sdk-ameba-v9.6c/component/at_cmd/atcmd_wifi.c:174:13:init_wifi_struct	24	static
/home/hdj/amb82-mini-RTL8735B/sdk-ameba-v9.6c-hard-spi/sdk-ameba-v9.6c/component/at_cmd/atcmd_wifi.c:438:6:fATWD	192	static
/home/hdj/amb82-mini-RTL8735B/sdk-ameba-v9.6c-hard-spi/sdk-ameba-v9.6c/component/at_cmd/atcmd_wifi.c:888:6:fATW5	16	static
/home/hdj/amb82-mini-RTL8735B/sdk-ameba-v9.6c-hard-spi/sdk-ameba-v9.6c/component/at_cmd/atcmd_wifi.c:553:6:fATWS	184	static
/home/hdj/amb82-mini-RTL8735B/sdk-ameba-v9.6c-hard-spi/sdk-ameba-v9.6c/component/at_cmd/atcmd_wifi.c:252:21:app_scan_result_handler	56	static
/home/hdj/amb82-mini-RTL8735B/sdk-ameba-v9.6c-hard-spi/sdk-ameba-v9.6c/component/at_cmd/atcmd_wifi.c:3302:6:fATWL	8	static
/home/hdj/amb82-mini-RTL8735B/sdk-ameba-v9.6c-hard-spi/sdk-ameba-v9.6c/component/at_cmd/atcmd_wifi.c:3365:6:fATWT	8	static
/home/hdj/amb82-mini-RTL8735B/sdk-ameba-v9.6c-hard-spi/sdk-ameba-v9.6c/component/at_cmd/atcmd_wifi.c:3424:6:fATWU	8	static
/home/hdj/amb82-mini-RTL8735B/sdk-ameba-v9.6c-hard-spi/sdk-ameba-v9.6c/component/at_cmd/atcmd_wifi.c:634:6:fATWx	312	static
/home/hdj/amb82-mini-RTL8735B/sdk-ameba-v9.6c-hard-spi/sdk-ameba-v9.6c/component/at_cmd/atcmd_wifi.c:802:6:fATW1	24	static
/home/hdj/amb82-mini-RTL8735B/sdk-ameba-v9.6c-hard-spi/sdk-ameba-v9.6c/component/at_cmd/atcmd_wifi.c:820:6:fATW2	16	static
/home/hdj/amb82-mini-RTL8735B/sdk-ameba-v9.6c-hard-spi/sdk-ameba-v9.6c/component/at_cmd/atcmd_wifi.c:924:6:fATW7	16	static
/home/hdj/amb82-mini-RTL8735B/sdk-ameba-v9.6c-hard-spi/sdk-ameba-v9.6c/component/at_cmd/atcmd_wifi.c:903:6:fATW6	64	static
/home/hdj/amb82-mini-RTL8735B/sdk-ameba-v9.6c-hard-spi/sdk-ameba-v9.6c/component/at_cmd/atcmd_wifi.c:943:6:fATWf	8	static
/home/hdj/amb82-mini-RTL8735B/sdk-ameba-v9.6c-hard-spi/sdk-ameba-v9.6c/component/at_cmd/atcmd_wifi.c:970:6:fATWr	16	static
/home/hdj/amb82-mini-RTL8735B/sdk-ameba-v9.6c-hard-spi/sdk-ameba-v9.6c/component/at_cmd/atcmd_wifi.c:986:6:fATWd	16	static
/home/hdj/amb82-mini-RTL8735B/sdk-ameba-v9.6c-hard-spi/sdk-ameba-v9.6c/component/at_cmd/atcmd_wifi.c:1012:6:fATW8	8	static
/home/hdj/amb82-mini-RTL8735B/sdk-ameba-v9.6c-hard-spi/sdk-ameba-v9.6c/component/at_cmd/atcmd_wifi.c:1058:6:fATWA	200	static
/home/hdj/amb82-mini-RTL8735B/sdk-ameba-v9.6c-hard-spi/sdk-ameba-v9.6c/component/at_cmd/atcmd_wifi.c:1395:6:fATWB	200	static
/home/hdj/amb82-mini-RTL8735B/sdk-ameba-v9.6c-hard-spi/sdk-ameba-v9.6c/component/at_cmd/atcmd_wifi.c:1492:6:fATWa	200	static
/home/hdj/amb82-mini-RTL8735B/sdk-ameba-v9.6c-hard-spi/sdk-ameba-v9.6c/component/at_cmd/atcmd_wifi.c:1183:6:fATWC	224	static
/home/hdj/amb82-mini-RTL8735B/sdk-ameba-v9.6c-hard-spi/sdk-ameba-v9.6c/component/at_cmd/atcmd_wifi.c:1352:6:fATWR	48	static
/home/hdj/amb82-mini-RTL8735B/sdk-ameba-v9.6c-hard-spi/sdk-ameba-v9.6c/component/at_cmd/atcmd_wifi.c:1364:6:fATWY	48	static
/home/hdj/amb82-mini-RTL8735B/sdk-ameba-v9.6c-hard-spi/sdk-ameba-v9.6c/component/at_cmd/atcmd_wifi.c:1575:6:fATWM	80	static
/home/hdj/amb82-mini-RTL8735B/sdk-ameba-v9.6c-hard-spi/sdk-ameba-v9.6c/component/at_cmd/atcmd_wifi.c:1591:6:fATWW	24	static
/home/hdj/amb82-mini-RTL8735B/sdk-ameba-v9.6c-hard-spi/sdk-ameba-v9.6c/component/at_cmd/atcmd_wifi.c:1741:6:fATWZ	88	static
/home/hdj/amb82-mini-RTL8735B/sdk-ameba-v9.6c-hard-spi/sdk-ameba-v9.6c/component/at_cmd/atcmd_wifi.c:1786:6:fATXP	88	static
/home/hdj/amb82-mini-RTL8735B/sdk-ameba-v9.6c-hard-spi/sdk-ameba-v9.6c/component/at_cmd/atcmd_wifi.c:1851:6:fATPE	96	static
/home/hdj/amb82-mini-RTL8735B/sdk-ameba-v9.6c-hard-spi/sdk-ameba-v9.6c/component/at_cmd/atcmd_wifi.c:781:6:fATW0	24	static
/home/hdj/amb82-mini-RTL8735B/sdk-ameba-v9.6c-hard-spi/sdk-ameba-v9.6c/component/at_cmd/atcmd_wifi.c:840:6:fATW3	24	static
/home/hdj/amb82-mini-RTL8735B/sdk-ameba-v9.6c-hard-spi/sdk-ameba-v9.6c/component/at_cmd/atcmd_wifi.c:864:6:fATW4	24	static
/home/hdj/amb82-mini-RTL8735B/sdk-ameba-v9.6c-hard-spi/sdk-ameba-v9.6c/component/at_cmd/atcmd_wifi.c:1375:6:fATWP	8	static
/home/hdj/amb82-mini-RTL8735B/sdk-ameba-v9.6c-hard-spi/sdk-ameba-v9.6c/component/at_cmd/atcmd_wifi.c:3328:6:fATWI	80	static
/home/hdj/amb82-mini-RTL8735B/sdk-ameba-v9.6c-hard-spi/sdk-ameba-v9.6c/component/at_cmd/atcmd_wifi.c:1829:6:print_wlan_help	8	static
/home/hdj/amb82-mini-RTL8735B/sdk-ameba-v9.6c-hard-spi/sdk-ameba-v9.6c/component/at_cmd/atcmd_wifi.c:3356:12:cmd_iperf3	8	static
/home/hdj/amb82-mini-RTL8735B/sdk-ameba-v9.6c-hard-spi/sdk-ameba-v9.6c/component/at_cmd/atcmd_wifi.c:3591:6:at_wifi_init	8	static
