/home/hdj/amb82-mini-RTL8735B/sdk-ameba-v9.6c-hard-spi/sdk-ameba-v9.6c/component/at_cmd/log_service.c:515:6:fAT_exit	8	static
/home/hdj/amb82-mini-RTL8735B/sdk-ameba-v9.6c-hard-spi/sdk-ameba-v9.6c/component/at_cmd/log_service.c:141:5:hash_index	0	static
/home/hdj/amb82-mini-RTL8735B/sdk-ameba-v9.6c-hard-spi/sdk-ameba-v9.6c/component/at_cmd/log_service.c:153:6:log_add_new_command	16	static
/home/hdj/amb82-mini-RTL8735B/sdk-ameba-v9.6c-hard-spi/sdk-ameba-v9.6c/component/at_cmd/log_service.c:200:6:log_service_add_table	16	static
/home/hdj/amb82-mini-RTL8735B/sdk-ameba-v9.6c-hard-spi/sdk-ameba-v9.6c/component/at_cmd/log_service.c:527:6:at_log_init	8	static
/home/hdj/amb82-mini-RTL8735B/sdk-ameba-v9.6c-hard-spi/sdk-ameba-v9.6c/component/at_cmd/log_service.c:208:7:log_action	16	static
/home/hdj/amb82-mini-RTL8735B/sdk-ameba-v9.6c-hard-spi/sdk-ameba-v9.6c/component/at_cmd/log_service.c:230:7:log_handler	152	static
/home/hdj/amb82-mini-RTL8735B/sdk-ameba-v9.6c-hard-spi/sdk-ameba-v9.6c/component/at_cmd/log_service.c:266:5:parse_param	128	static
/home/hdj/amb82-mini-RTL8735B/sdk-ameba-v9.6c-hard-spi/sdk-ameba-v9.6c/component/at_cmd/log_service.c:333:6:at_set_debug_level	0	static
/home/hdj/amb82-mini-RTL8735B/sdk-ameba-v9.6c-hard-spi/sdk-ameba-v9.6c/component/at_cmd/log_service.c:338:6:at_set_debug_mask	0	static
/home/hdj/amb82-mini-RTL8735B/sdk-ameba-v9.6c-hard-spi/sdk-ameba-v9.6c/component/at_cmd/log_service.c:351:5:mp_commnad_handler	72	static
/home/hdj/amb82-mini-RTL8735B/sdk-ameba-v9.6c-hard-spi/sdk-ameba-v9.6c/component/at_cmd/log_service.c:374:6:print_help_msg	8	static
/home/hdj/amb82-mini-RTL8735B/sdk-ameba-v9.6c-hard-spi/sdk-ameba-v9.6c/component/at_cmd/log_service.c:383:5:print_help_handler	8	static
/home/hdj/amb82-mini-RTL8735B/sdk-ameba-v9.6c-hard-spi/sdk-ameba-v9.6c/component/at_cmd/log_service.c:420:14:log_get_buffer	8	static
/home/hdj/amb82-mini-RTL8735B/sdk-ameba-v9.6c-hard-spi/sdk-ameba-v9.6c/component/at_cmd/log_service.c:426:6:log_service	24	static
/home/hdj/amb82-mini-RTL8735B/sdk-ameba-v9.6c-hard-spi/sdk-ameba-v9.6c/component/at_cmd/log_service.c:475:6:start_log_service	24	static
/home/hdj/amb82-mini-RTL8735B/sdk-ameba-v9.6c-hard-spi/sdk-ameba-v9.6c/component/at_cmd/log_service.c:164:6:log_service_init	24	static
