/home/hdj/amb82-mini-RTL8735B/sdk-ameba-v9.6b/component/other/vl53l8cx/vl53l8cx.c:167:9:VL53L8CX_DeInit	8	static
/home/hdj/amb82-mini-RTL8735B/sdk-ameba-v9.6b/component/other/vl53l8cx/vl53l8cx.c:242:9:VL53L8CX_GetCapabilities	0	static
/home/hdj/amb82-mini-RTL8735B/sdk-ameba-v9.6b/component/other/vl53l8cx/vl53l8cx.c:353:9:VL53L8CX_ConfigROI	0	static
/home/hdj/amb82-mini-RTL8735B/sdk-ameba-v9.6b/component/other/vl53l8cx/vl53l8cx.c:574:9:VL53L8CX_GetAddress	0	static
/home/hdj/amb82-mini-RTL8735B/sdk-ameba-v9.6b/component/other/vl53l8cx/vl53l8cx.c:132:9:VL53L8CX_Init	8	static
/home/hdj/amb82-mini-RTL8735B/sdk-ameba-v9.6b/component/other/vl53l8cx/vl53l8cx.c:203:9:VL53L8CX_ReadID	32	static
/home/hdj/amb82-mini-RTL8735B/sdk-ameba-v9.6b/component/other/vl53l8cx/vl53l8cx.c:269:9:VL53L8CX_ConfigProfile	32	static
/home/hdj/amb82-mini-RTL8735B/sdk-ameba-v9.6b/component/other/vl53l8cx/vl53l8cx.c:683:16:vl53l8cx_poll_for_measurement	32	static
/home/hdj/amb82-mini-RTL8735B/sdk-ameba-v9.6b/component/other/vl53l8cx/vl53l8cx.c:420:9:VL53L8CX_GetDistance	48	static
/home/hdj/amb82-mini-RTL8735B/sdk-ameba-v9.6b/component/other/vl53l8cx/vl53l8cx.c:461:9:VL53L8CX_Start	16	static
/home/hdj/amb82-mini-RTL8735B/sdk-ameba-v9.6b/component/other/vl53l8cx/vl53l8cx.c:515:9:VL53L8CX_Stop	8	static
/home/hdj/amb82-mini-RTL8735B/sdk-ameba-v9.6b/component/other/vl53l8cx/vl53l8cx.c:547:9:VL53L8CX_SetAddress	16	static
/home/hdj/amb82-mini-RTL8735B/sdk-ameba-v9.6b/component/other/vl53l8cx/vl53l8cx.c:597:9:VL53L8CX_SetPowerMode	8	static
/home/hdj/amb82-mini-RTL8735B/sdk-ameba-v9.6b/component/other/vl53l8cx/vl53l8cx.c:628:9:VL53L8CX_GetPowerMode	16	static
/home/hdj/amb82-mini-RTL8735B/sdk-ameba-v9.6b/component/other/vl53l8cx/vl53l8cx.c:366:9:VL53L8CX_ConfigIT	32	static
/home/hdj/amb82-mini-RTL8735B/sdk-ameba-v9.6b/component/other/vl53l8cx/vl53l8cx.c:91:9:VL53L8CX_RegisterBusIO	8	static
/home/hdj/amb82-mini-RTL8735B/sdk-ameba-v9.6b/component/other/vl53l8cx/vl53l8cx.c:659:9:VL53L8CX_XTalkCalibration	8	static
