/home/hdj/amb82-mini-RTL8735B/sdk-ameba-v9.6c-hard-spi/sdk-ameba-v9.6c/component/bluetooth/rtk_stack/platform/common/src/trace_task.c:36:6:traceuart_tx_cb	16	static
/home/hdj/amb82-mini-RTL8735B/sdk-ameba-v9.6c-hard-spi/sdk-ameba-v9.6c/component/bluetooth/rtk_stack/platform/common/src/trace_task.c:45:13:traceStartTransmit	8	static
/home/hdj/amb82-mini-RTL8735B/sdk-ameba-v9.6c-hard-spi/sdk-ameba-v9.6c/component/bluetooth/rtk_stack/platform/common/src/trace_task.c:61:13:trace_task	24	static
/home/hdj/amb82-mini-RTL8735B/sdk-ameba-v9.6c-hard-spi/sdk-ameba-v9.6c/component/bluetooth/rtk_stack/platform/common/src/trace_task.c:100:6:bt_trace_init	16	static
/home/hdj/amb82-mini-RTL8735B/sdk-ameba-v9.6c-hard-spi/sdk-ameba-v9.6c/component/bluetooth/rtk_stack/platform/common/src/trace_task.c:115:6:bt_trace_deinit	16	static
/home/hdj/amb82-mini-RTL8735B/sdk-ameba-v9.6c-hard-spi/sdk-ameba-v9.6c/component/bluetooth/rtk_stack/platform/common/src/trace_task.c:127:6:trace_print	24	static
