//home/hdj/ameba-mini/sdk-ameba-v9.6b_20231123/component/network/coap/sn_coap_ameba_port.c:16:7:coap_malloc	8	static
//home/hdj/ameba-mini/sdk-ameba-v9.6b_20231123/component/network/coap/sn_coap_ameba_port.c:21:6:coap_free	8	static
//home/hdj/ameba-mini/sdk-ameba-v9.6b_20231123/component/network/coap/sn_coap_ameba_port.c:5:10:randLIB_get_16bit	16	static
//home/hdj/ameba-mini/sdk-ameba-v9.6b_20231123/component/network/coap/sn_coap_ameba_port.c:26:7:coap_calloc	16	static
//home/hdj/ameba-mini/sdk-ameba-v9.6b_20231123/component/network/coap/sn_coap_ameba_port.c:43:16:coap_protocol_init	8	static
//home/hdj/ameba-mini/sdk-ameba-v9.6b_20231123/component/network/coap/sn_coap_ameba_port.c:51:5:coap_sock_open	8	static
//home/hdj/ameba-mini/sdk-ameba-v9.6b_20231123/component/network/coap/sn_coap_ameba_port.c:65:5:coap_sock_close	8	static
//home/hdj/ameba-mini/sdk-ameba-v9.6b_20231123/component/network/coap/sn_coap_ameba_port.c:78:5:coap_send	64	static
//home/hdj/ameba-mini/sdk-ameba-v9.6b_20231123/component/network/coap/sn_coap_ameba_port.c:124:5:coap_recv	24	static
//home/hdj/ameba-mini/sdk-ameba-v9.6b_20231123/component/network/coap/sn_coap_ameba_port.c:140:6:coap_print_hdr	16	static
