/home/hdj/amb82-mini-RTL8735B/sdk-ameba-v9.6c-hard-spi/sdk-ameba-v9.6c/component/file_system/fatfs/fatfs_ext/src/ff_driver.c:7:13:ff_lock	8	static
/home/hdj/amb82-mini-RTL8735B/sdk-ameba-v9.6c-hard-spi/sdk-ameba-v9.6c/component/file_system/fatfs/fatfs_ext/src/ff_driver.c:15:13:ff_unlock	8	static
/home/hdj/amb82-mini-RTL8735B/sdk-ameba-v9.6c-hard-spi/sdk-ameba-v9.6c/component/file_system/fatfs/fatfs_ext/src/ff_driver.c:23:5:FATFS_RegisterDiskDriver	16	static
/home/hdj/amb82-mini-RTL8735B/sdk-ameba-v9.6c-hard-spi/sdk-ameba-v9.6c/component/file_system/fatfs/fatfs_ext/src/ff_driver.c:44:5:FATFS_UnRegisterDiskDriver	16	static
/home/hdj/amb82-mini-RTL8735B/sdk-ameba-v9.6c-hard-spi/sdk-ameba-v9.6c/component/file_system/fatfs/fatfs_ext/src/ff_driver.c:72:5:FATFS_getDrivernum	24	static
