/home/hdj/amb82-mini-RTL8735B/sdk-ameba-v9.6b/component/soc/8735b/fwlib/rtl8735b/source/ram_s/hal_wdt.c:41:6:hal_wdt_set_timeout	8	static
/home/hdj/amb82-mini-RTL8735B/sdk-ameba-v9.6b/component/soc/8735b/fwlib/rtl8735b/source/ram_s/hal_wdt.c:55:6:hal_wdt_init	8	static
/home/hdj/amb82-mini-RTL8735B/sdk-ameba-v9.6b/component/soc/8735b/fwlib/rtl8735b/source/ram_s/hal_wdt.c:66:6:hal_wdt_enable	8	static
/home/hdj/amb82-mini-RTL8735B/sdk-ameba-v9.6b/component/soc/8735b/fwlib/rtl8735b/source/ram_s/hal_wdt.c:77:6:hal_wdt_disable	8	static
/home/hdj/amb82-mini-RTL8735B/sdk-ameba-v9.6b/component/soc/8735b/fwlib/rtl8735b/source/ram_s/hal_wdt.c:89:6:hal_wdt_refresh	8	static
/home/hdj/amb82-mini-RTL8735B/sdk-ameba-v9.6b/component/soc/8735b/fwlib/rtl8735b/source/ram_s/hal_wdt.c:105:6:hal_wdt_reg_irq	16	static
/home/hdj/amb82-mini-RTL8735B/sdk-ameba-v9.6b/component/soc/8735b/fwlib/rtl8735b/source/ram_s/hal_wdt.c:117:6:hal_wdt_unreg_irq	8	static
/home/hdj/amb82-mini-RTL8735B/sdk-ameba-v9.6b/component/soc/8735b/fwlib/rtl8735b/source/ram_s/hal_wdt.c:136:6:hal_wdt_reset	8	static
/home/hdj/amb82-mini-RTL8735B/sdk-ameba-v9.6b/component/soc/8735b/fwlib/rtl8735b/source/ram_s/hal_wdt.c:141:6:hal_wdt_aon_enable	8	static
/home/hdj/amb82-mini-RTL8735B/sdk-ameba-v9.6b/component/soc/8735b/fwlib/rtl8735b/source/ram_s/hal_wdt.c:146:6:hal_wdt_aon_disable	8	static
/home/hdj/amb82-mini-RTL8735B/sdk-ameba-v9.6b/component/soc/8735b/fwlib/rtl8735b/source/ram_s/hal_wdt.c:151:6:hal_wdt_all_enable	8	static
/home/hdj/amb82-mini-RTL8735B/sdk-ameba-v9.6b/component/soc/8735b/fwlib/rtl8735b/source/ram_s/hal_wdt.c:156:6:hal_wdt_all_disable	8	static
/home/hdj/amb82-mini-RTL8735B/sdk-ameba-v9.6b/component/soc/8735b/fwlib/rtl8735b/source/ram_s/hal_wdt.c:161:9:hal_wdt_check_wdt_en	8	static
/home/hdj/amb82-mini-RTL8735B/sdk-ameba-v9.6b/component/soc/8735b/fwlib/rtl8735b/source/ram_s/hal_wdt.c:187:9:hal_wdt_check_wdt_aon_reboot	0	static
/home/hdj/amb82-mini-RTL8735B/sdk-ameba-v9.6b/component/soc/8735b/fwlib/rtl8735b/source/ram_s/hal_wdt.c:198:6:hal_wdt_aon_clear	0	static
