/home/hdj/ameba-vl53l8/sdk-ameba-v9.6b/component/other/vl53l8cx/53l8a1_ranging_sensor.c:69:9:VL53L8A1_RANGING_SENSOR_Init	56	static
/home/hdj/ameba-vl53l8/sdk-ameba-v9.6b/component/other/vl53l8cx/53l8a1_ranging_sensor.c:90:9:VL53L8A1_RANGING_SENSOR_DeInit	8	static
/home/hdj/ameba-vl53l8/sdk-ameba-v9.6b/component/other/vl53l8cx/53l8a1_ranging_sensor.c:116:9:VL53L8A1_RANGING_SENSOR_ReadID	8	static
/home/hdj/ameba-vl53l8/sdk-ameba-v9.6b/component/other/vl53l8cx/53l8a1_ranging_sensor.c:142:9:VL53L8A1_RANGING_SENSOR_GetCapabilities	8	static
/home/hdj/ameba-vl53l8/sdk-ameba-v9.6b/component/other/vl53l8cx/53l8a1_ranging_sensor.c:168:9:VL53L8A1_RANGING_SENSOR_ConfigProfile	8	static
/home/hdj/ameba-vl53l8/sdk-ameba-v9.6b/component/other/vl53l8cx/53l8a1_ranging_sensor.c:194:9:VL53L8A1_RANGING_SENSOR_ConfigROI	8	static
/home/hdj/ameba-vl53l8/sdk-ameba-v9.6b/component/other/vl53l8cx/53l8a1_ranging_sensor.c:225:9:VL53L8A1_RANGING_SENSOR_ConfigIT	8	static
/home/hdj/ameba-vl53l8/sdk-ameba-v9.6b/component/other/vl53l8cx/53l8a1_ranging_sensor.c:255:9:VL53L8A1_RANGING_SENSOR_GetDistance	8	static
/home/hdj/ameba-vl53l8/sdk-ameba-v9.6b/component/other/vl53l8cx/53l8a1_ranging_sensor.c:281:9:VL53L8A1_RANGING_SENSOR_Start	8	static
/home/hdj/ameba-vl53l8/sdk-ameba-v9.6b/component/other/vl53l8cx/53l8a1_ranging_sensor.c:306:9:VL53L8A1_RANGING_SENSOR_Stop	8	static
/home/hdj/ameba-vl53l8/sdk-ameba-v9.6b/component/other/vl53l8cx/53l8a1_ranging_sensor.c:332:9:VL53L8A1_RANGING_SENSOR_SetAddress	8	static
/home/hdj/ameba-vl53l8/sdk-ameba-v9.6b/component/other/vl53l8cx/53l8a1_ranging_sensor.c:358:9:VL53L8A1_RANGING_SENSOR_GetAddress	8	static
/home/hdj/ameba-vl53l8/sdk-ameba-v9.6b/component/other/vl53l8cx/53l8a1_ranging_sensor.c:384:9:VL53L8A1_RANGING_SENSOR_SetPowerMode	8	static
/home/hdj/ameba-vl53l8/sdk-ameba-v9.6b/component/other/vl53l8cx/53l8a1_ranging_sensor.c:415:9:VL53L8A1_RANGING_SENSOR_GetPowerMode	8	static
/home/hdj/ameba-vl53l8/sdk-ameba-v9.6b/component/other/vl53l8cx/53l8a1_ranging_sensor.c:443:9:VL53L8A1_RANGING_SENSOR_XTalkCalibration	8	static
