/home/hdj/ameba-vl53l8/sdk-ameba-v9.6b/component/other/vl53l8cx/platform.c:15:9:RdByte	8	static
/home/hdj/ameba-vl53l8/sdk-ameba-v9.6b/component/other/vl53l8cx/platform.c:23:9:WrByte	16	static
/home/hdj/ameba-vl53l8/sdk-ameba-v9.6b/component/other/vl53l8cx/platform.c:31:9:WrMulti	8	static
/home/hdj/ameba-vl53l8/sdk-ameba-v9.6b/component/other/vl53l8cx/platform.c:40:9:RdMulti	8	static
/home/hdj/ameba-vl53l8/sdk-ameba-v9.6b/component/other/vl53l8cx/platform.c:49:6:SwapBuffer	8	static
/home/hdj/ameba-vl53l8/sdk-ameba-v9.6b/component/other/vl53l8cx/platform.c:68:9:WaitMs	16	static
