//home/hdj/ameba-mini/sdk-ameba-v9.6b_20231123/component/network/mqtt/MQTTPacket/MQTTConnectClient.c:27:5:MQTTSerialize_connectLength	16	static
//home/hdj/ameba-mini/sdk-ameba-v9.6b_20231123/component/network/mqtt/MQTTPacket/MQTTConnectClient.c:62:5:MQTTSerialize_connect	32	static
//home/hdj/ameba-mini/sdk-ameba-v9.6b_20231123/component/network/mqtt/MQTTPacket/MQTTConnectClient.c:135:5:MQTTDeserialize_connack	24	static
//home/hdj/ameba-mini/sdk-ameba-v9.6b_20231123/component/network/mqtt/MQTTPacket/MQTTConnectClient.c:176:5:MQTTSerialize_zero	16	static
//home/hdj/ameba-mini/sdk-ameba-v9.6b_20231123/component/network/mqtt/MQTTPacket/MQTTConnectClient.c:205:5:MQTTSerialize_disconnect	8	static
//home/hdj/ameba-mini/sdk-ameba-v9.6b_20231123/component/network/mqtt/MQTTPacket/MQTTConnectClient.c:217:5:MQTTSerialize_pingreq	8	static
