/home/hdj/amb82-mini-RTL8735B/sdk-ameba-v9.6c/sdk-ameba-v9.6c/component/lwip/lwip_v2.1.2/src/core/tcp.c:1017:1:tcp_new_port	20	static
/home/hdj/amb82-mini-RTL8735B/sdk-ameba-v9.6c/sdk-ameba-v9.6c/component/lwip/lwip_v2.1.2/src/core/tcp.c:415:1:tcp_close_shutdown_fin	8	static
/home/hdj/amb82-mini-RTL8735B/sdk-ameba-v9.6c/sdk-ameba-v9.6c/component/lwip/lwip_v2.1.2/src/core/tcp.c:207:1:tcp_init	8	static
/home/hdj/amb82-mini-RTL8735B/sdk-ameba-v9.6c/sdk-ameba-v9.6c/component/lwip/lwip_v2.1.2/src/core/tcp.c:216:1:tcp_free	8	static
/home/hdj/amb82-mini-RTL8735B/sdk-ameba-v9.6c/sdk-ameba-v9.6c/component/lwip/lwip_v2.1.2/src/core/tcp.c:667:1:tcp_bind	24	static
/home/hdj/amb82-mini-RTL8735B/sdk-ameba-v9.6c/sdk-ameba-v9.6c/component/lwip/lwip_v2.1.2/src/core/tcp.c:769:1:tcp_bind_netif	0	static
/home/hdj/amb82-mini-RTL8735B/sdk-ameba-v9.6c/sdk-ameba-v9.6c/component/lwip/lwip_v2.1.2/src/core/tcp.c:854:1:tcp_listen_with_backlog_and_err	16	static
/home/hdj/amb82-mini-RTL8735B/sdk-ameba-v9.6c/sdk-ameba-v9.6c/component/lwip/lwip_v2.1.2/src/core/tcp.c:831:1:tcp_listen_with_backlog	8	static
/home/hdj/amb82-mini-RTL8735B/sdk-ameba-v9.6c/sdk-ameba-v9.6c/component/lwip/lwip_v2.1.2/src/core/tcp.c:936:1:tcp_update_rcv_ann_wnd	20	static
/home/hdj/amb82-mini-RTL8735B/sdk-ameba-v9.6c/sdk-ameba-v9.6c/component/lwip/lwip_v2.1.2/src/core/tcp.c:974:1:tcp_recved	8	static
/home/hdj/amb82-mini-RTL8735B/sdk-ameba-v9.6c/sdk-ameba-v9.6c/component/lwip/lwip_v2.1.2/src/core/tcp.c:1049:1:tcp_randomize_local_port	8	static
/home/hdj/amb82-mini-RTL8735B/sdk-ameba-v9.6c/sdk-ameba-v9.6c/component/lwip/lwip_v2.1.2/src/core/tcp.c:1574:1:tcp_txnow	8	static
/home/hdj/amb82-mini-RTL8735B/sdk-ameba-v9.6c/sdk-ameba-v9.6c/component/lwip/lwip_v2.1.2/src/core/tcp.c:1671:1:tcp_seg_free	8	static
/home/hdj/amb82-mini-RTL8735B/sdk-ameba-v9.6c/sdk-ameba-v9.6c/component/lwip/lwip_v2.1.2/src/core/tcp.c:1656:1:tcp_segs_free	8	static
/home/hdj/amb82-mini-RTL8735B/sdk-ameba-v9.6c/sdk-ameba-v9.6c/component/lwip/lwip_v2.1.2/src/core/tcp.c:1692:1:tcp_setprio	0	static
/home/hdj/amb82-mini-RTL8735B/sdk-ameba-v9.6c/sdk-ameba-v9.6c/component/lwip/lwip_v2.1.2/src/core/tcp.c:1710:1:tcp_seg_copy	16	static
/home/hdj/amb82-mini-RTL8735B/sdk-ameba-v9.6c/sdk-ameba-v9.6c/component/lwip/lwip_v2.1.2/src/core/tcp.c:2036:1:tcp_arg	0	static
/home/hdj/amb82-mini-RTL8735B/sdk-ameba-v9.6c/sdk-ameba-v9.6c/component/lwip/lwip_v2.1.2/src/core/tcp.c:2059:1:tcp_recv	0	static
/home/hdj/amb82-mini-RTL8735B/sdk-ameba-v9.6c/sdk-ameba-v9.6c/component/lwip/lwip_v2.1.2/src/core/tcp.c:2079:1:tcp_sent	0	static
/home/hdj/amb82-mini-RTL8735B/sdk-ameba-v9.6c/sdk-ameba-v9.6c/component/lwip/lwip_v2.1.2/src/core/tcp.c:2105:1:tcp_err	0	static
/home/hdj/amb82-mini-RTL8735B/sdk-ameba-v9.6c/sdk-ameba-v9.6c/component/lwip/lwip_v2.1.2/src/core/tcp.c:2124:1:tcp_accept	0	static
/home/hdj/amb82-mini-RTL8735B/sdk-ameba-v9.6c/sdk-ameba-v9.6c/component/lwip/lwip_v2.1.2/src/core/tcp.c:2153:1:tcp_poll	0	static
/home/hdj/amb82-mini-RTL8735B/sdk-ameba-v9.6c/sdk-ameba-v9.6c/component/lwip/lwip_v2.1.2/src/core/tcp.c:2263:1:tcp_next_iss	0	static
/home/hdj/amb82-mini-RTL8735B/sdk-ameba-v9.6c/sdk-ameba-v9.6c/component/lwip/lwip_v2.1.2/src/core/tcp.c:2304:1:tcp_eff_send_mss_netif	0	static
/home/hdj/amb82-mini-RTL8735B/sdk-ameba-v9.6c/sdk-ameba-v9.6c/component/lwip/lwip_v2.1.2/src/core/tcp.c:1092:1:tcp_connect	32	static
/home/hdj/amb82-mini-RTL8735B/sdk-ameba-v9.6c/sdk-ameba-v9.6c/component/lwip/lwip_v2.1.2/src/core/tcp.c:2420:1:tcp_debug_state_str	0	static
/home/hdj/amb82-mini-RTL8735B/sdk-ameba-v9.6c/sdk-ameba-v9.6c/component/lwip/lwip_v2.1.2/src/core/tcp.c:2426:1:tcp_tcp_get_tcp_addrinfo	0	static
/home/hdj/amb82-mini-RTL8735B/sdk-ameba-v9.6c/sdk-ameba-v9.6c/component/lwip/lwip_v2.1.2/src/core/tcp.c:2452:1:tcp_free_ooseq	8	static
/home/hdj/amb82-mini-RTL8735B/sdk-ameba-v9.6c/sdk-ameba-v9.6c/component/lwip/lwip_v2.1.2/src/core/tcp.c:2175:1:tcp_pcb_purge	8	static
/home/hdj/amb82-mini-RTL8735B/sdk-ameba-v9.6c/sdk-ameba-v9.6c/component/lwip/lwip_v2.1.2/src/core/tcp.c:2225:1:tcp_pcb_remove	8	static
/home/hdj/amb82-mini-RTL8735B/sdk-ameba-v9.6c/sdk-ameba-v9.6c/component/lwip/lwip_v2.1.2/src/core/tcp.c:569:1:tcp_abandon	48	static
/home/hdj/amb82-mini-RTL8735B/sdk-ameba-v9.6c/sdk-ameba-v9.6c/component/lwip/lwip_v2.1.2/src/core/tcp.c:644:1:tcp_abort	8	static
/home/hdj/amb82-mini-RTL8735B/sdk-ameba-v9.6c/sdk-ameba-v9.6c/component/lwip/lwip_v2.1.2/src/core/tcp.c:784:1:tcp_accept_null	8	static
/home/hdj/amb82-mini-RTL8735B/sdk-ameba-v9.6c/sdk-ameba-v9.6c/component/lwip/lwip_v2.1.2/src/core/tcp.c:2365:1:tcp_netif_ip_addr_changed_pcblist	16	static
/home/hdj/amb82-mini-RTL8735B/sdk-ameba-v9.6c/sdk-ameba-v9.6c/component/lwip/lwip_v2.1.2/src/core/tcp.c:2397:1:tcp_netif_ip_addr_changed	16	static
/home/hdj/amb82-mini-RTL8735B/sdk-ameba-v9.6c/sdk-ameba-v9.6c/component/lwip/lwip_v2.1.2/src/core/tcp.c:1800:1:tcp_kill_state	16	static
/home/hdj/amb82-mini-RTL8735B/sdk-ameba-v9.6c/sdk-ameba-v9.6c/component/lwip/lwip_v2.1.2/src/core/tcp.c:1882:1:tcp_alloc	24	static
/home/hdj/amb82-mini-RTL8735B/sdk-ameba-v9.6c/sdk-ameba-v9.6c/component/lwip/lwip_v2.1.2/src/core/tcp.c:1993:1:tcp_new	8	static
/home/hdj/amb82-mini-RTL8735B/sdk-ameba-v9.6c/sdk-ameba-v9.6c/component/lwip/lwip_v2.1.2/src/core/tcp.c:2010:1:tcp_new_ip_type	8	static
/home/hdj/amb82-mini-RTL8735B/sdk-ameba-v9.6c/sdk-ameba-v9.6c/component/lwip/lwip_v2.1.2/src/core/tcp.c:354:1:tcp_close_shutdown	32	static
/home/hdj/amb82-mini-RTL8735B/sdk-ameba-v9.6c/sdk-ameba-v9.6c/component/lwip/lwip_v2.1.2/src/core/tcp.c:490:1:tcp_close	8	static
/home/hdj/amb82-mini-RTL8735B/sdk-ameba-v9.6c/sdk-ameba-v9.6c/component/lwip/lwip_v2.1.2/src/core/tcp.c:1732:1:tcp_recv_null	8	static
/home/hdj/amb82-mini-RTL8735B/sdk-ameba-v9.6c/sdk-ameba-v9.6c/component/lwip/lwip_v2.1.2/src/core/tcp.c:1587:1:tcp_process_refused_data	32	static
/home/hdj/amb82-mini-RTL8735B/sdk-ameba-v9.6c/sdk-ameba-v9.6c/component/lwip/lwip_v2.1.2/src/core/tcp.c:1527:1:tcp_fasttmr	32	static
/home/hdj/amb82-mini-RTL8735B/sdk-ameba-v9.6c/sdk-ameba-v9.6c/component/lwip/lwip_v2.1.2/src/core/tcp.c:521:1:tcp_shutdown	16	static
/home/hdj/amb82-mini-RTL8735B/sdk-ameba-v9.6c/sdk-ameba-v9.6c/component/lwip/lwip_v2.1.2/src/core/tcp.c:1217:1:tcp_slowtmr	64	static
/home/hdj/amb82-mini-RTL8735B/sdk-ameba-v9.6c/sdk-ameba-v9.6c/component/lwip/lwip_v2.1.2/src/core/tcp.c:240:1:tcp_tmr	8	static
/home/hdj/amb82-mini-RTL8735B/sdk-ameba-v9.6c/sdk-ameba-v9.6c/component/lwip/lwip_v2.1.2/src/core/tcp.c:2753:6:tcp_reg_active	8	static
/home/hdj/amb82-mini-RTL8735B/sdk-ameba-v9.6c/sdk-ameba-v9.6c/component/lwip/lwip_v2.1.2/src/core/tcp.c:2758:10:tcp_get_last_port	0	static
/home/hdj/amb82-mini-RTL8735B/sdk-ameba-v9.6c/sdk-ameba-v9.6c/component/lwip/lwip_v2.1.2/src/core/tcp.c:2763:6:tcp_set_last_port	0	static
