/home/hdj/amb82-mini-RTL8735B/sdk-ameba-v9.6c/sdk-ameba-v9.6c/component/ssl/mbedtls-2.28.1/library/pem.c:196:12:pem_aes_decrypt	464	static
/home/hdj/amb82-mini-RTL8735B/sdk-ameba-v9.6c/sdk-ameba-v9.6c/component/ssl/mbedtls-2.28.1/library/pem.c:44:6:mbedtls_pem_init	0	static
/home/hdj/amb82-mini-RTL8735B/sdk-ameba-v9.6c/sdk-ameba-v9.6c/component/ssl/mbedtls-2.28.1/library/pem.c:225:5:mbedtls_pem_read_buffer	72	static
/home/hdj/amb82-mini-RTL8735B/sdk-ameba-v9.6c/sdk-ameba-v9.6c/component/ssl/mbedtls-2.28.1/library/pem.c:419:6:mbedtls_pem_free	8	static
/home/hdj/amb82-mini-RTL8735B/sdk-ameba-v9.6c/sdk-ameba-v9.6c/component/ssl/mbedtls-2.28.1/library/pem.c:433:5:mbedtls_pem_write_buffer	56	static
