//home/hdj/ameba-mini/sdk-ameba-v9.6b_20231123/component/network/rtsp/rtp_api.c:5:6:rtp_object_init	8	static
//home/hdj/ameba-mini/sdk-ameba-v9.6b_20231123/component/network/rtsp/rtp_api.c:12:6:rtp_object_deinit	8	static
//home/hdj/ameba-mini/sdk-ameba-v9.6b_20231123/component/network/rtsp/rtp_api.c:25:6:rtp_object_set_fs	0	static
//home/hdj/ameba-mini/sdk-ameba-v9.6b_20231123/component/network/rtsp/rtp_api.c:34:6:rtp_object_set_fe	0	static
//home/hdj/ameba-mini/sdk-ameba-v9.6b_20231123/component/network/rtsp/rtp_api.c:43:6:rtp_object_set_fk	0	static
//home/hdj/ameba-mini/sdk-ameba-v9.6b_20231123/component/network/rtsp/rtp_api.c:52:6:rtp_object_set_fd	0	static
//home/hdj/ameba-mini/sdk-ameba-v9.6b_20231123/component/network/rtsp/rtp_api.c:63:6:rtp_fill_header	16	static
//home/hdj/ameba-mini/sdk-ameba-v9.6b_20231123/component/network/rtsp/rtp_api.c:84:5:rtp_parse_header	16	static
//home/hdj/ameba-mini/sdk-ameba-v9.6b_20231123/component/network/rtsp/rtp_api.c:174:6:rtp_load_o_handler_by_codec_id	8	static
//home/hdj/ameba-mini/sdk-ameba-v9.6b_20231123/component/network/rtsp/rtp_api.c:204:6:rtp_set_o_handler	0	static
//home/hdj/ameba-mini/sdk-ameba-v9.6b_20231123/component/network/rtsp/rtp_api.c:209:6:rtp_dump_header	16	static
//home/hdj/ameba-mini/sdk-ameba-v9.6b_20231123/component/network/rtsp/rtp_api.c:223:6:rtp_report	16	static
