/home/hdj/amb82-mini-RTL8735B/sdk-ameba-v9.6c/sdk-ameba-v9.6c/component/os/os_dep/device_lock.c:22:13:device_mutex_init	24	static
/home/hdj/amb82-mini-RTL8735B/sdk-ameba-v9.6c/sdk-ameba-v9.6c/component/os/os_dep/device_lock.c:37:6:device_mutex_free	24	static
/home/hdj/amb82-mini-RTL8735B/sdk-ameba-v9.6c/sdk-ameba-v9.6c/component/os/os_dep/device_lock.c:52:6:device_mutex_lock	16	static
/home/hdj/amb82-mini-RTL8735B/sdk-ameba-v9.6c/sdk-ameba-v9.6c/component/os/os_dep/device_lock.c:61:6:device_mutex_unlock	8	static
