/home/hdj/amb82-mini-RTL8735B/sdk-ameba-v9.6b/component/os/freertos/freertos_v202012.00/Source/portable/GCC/ARM_CM33_NTZ/non_secure/port.c:574:13:prvTaskExitError	16	static
/home/hdj/amb82-mini-RTL8735B/sdk-ameba-v9.6b/component/os/freertos/freertos_v202012.00/Source/portable/GCC/ARM_CM33_NTZ/non_secure/port.c:553:32:vPortSetupTimerInterrupt	0	static
/home/hdj/amb82-mini-RTL8735B/sdk-ameba-v9.6b/component/os/freertos/freertos_v202012.00/Source/portable/GCC/ARM_CM33_NTZ/non_secure/port.c:710:6:vPortYield	0	static
/home/hdj/amb82-mini-RTL8735B/sdk-ameba-v9.6b/component/os/freertos/freertos_v202012.00/Source/portable/GCC/ARM_CM33_NTZ/non_secure/port.c:722:6:vPortEnterCritical	8	static
/home/hdj/amb82-mini-RTL8735B/sdk-ameba-v9.6b/component/os/freertos/freertos_v202012.00/Source/portable/GCC/ARM_CM33_NTZ/non_secure/port.c:734:6:vPortExitCritical	8	static
/home/hdj/amb82-mini-RTL8735B/sdk-ameba-v9.6b/component/os/freertos/freertos_v202012.00/Source/portable/GCC/ARM_CM33_NTZ/non_secure/port.c:746:6:SysTick_Handler	8	static
/home/hdj/amb82-mini-RTL8735B/sdk-ameba-v9.6b/component/os/freertos/freertos_v202012.00/Source/portable/GCC/ARM_CM33_NTZ/non_secure/port.c:763:6:vPortSVCHandler_C	8	static
/home/hdj/amb82-mini-RTL8735B/sdk-ameba-v9.6b/component/os/freertos/freertos_v202012.00/Source/portable/GCC/ARM_CM33_NTZ/non_secure/port.c:886:19:pxPortInitialiseStack	8	static
/home/hdj/amb82-mini-RTL8735B/sdk-ameba-v9.6b/component/os/freertos/freertos_v202012.00/Source/portable/GCC/ARM_CM33_NTZ/non_secure/port.c:1001:12:xPortStartScheduler	8	static
/home/hdj/amb82-mini-RTL8735B/sdk-ameba-v9.6b/component/os/freertos/freertos_v202012.00/Source/portable/GCC/ARM_CM33_NTZ/non_secure/port.c:1038:6:vPortEndScheduler	8	static
/home/hdj/amb82-mini-RTL8735B/sdk-ameba-v9.6b/component/os/freertos/freertos_v202012.00/Source/portable/GCC/ARM_CM33_NTZ/non_secure/port.c:1171:12:xPortIsInsideInterrupt	0	static
